Archive member included to satisfy reference by file (symbol)

d:/stm32cubeide/install/stm32cubeide_1.10.1/stm32cubeide/plugins/com.st.stm32cube.ide.mcu.externaltools.gnu-tools-for-stm32.10.3-2021.10.win32_1.0.0.202111181127/tools/bin/../lib/gcc/arm-none-eabi/10.3.1/../../../../arm-none-eabi/lib/thumb/v7e-m+fp/hard\libc_nano.a(lib_a-errno.o)
                              ./Core/Src/syscalls.o (__errno)
d:/stm32cubeide/install/stm32cubeide_1.10.1/stm32cubeide/plugins/com.st.stm32cube.ide.mcu.externaltools.gnu-tools-for-stm32.10.3-2021.10.win32_1.0.0.202111181127/tools/bin/../lib/gcc/arm-none-eabi/10.3.1/../../../../arm-none-eabi/lib/thumb/v7e-m+fp/hard\libc_nano.a(lib_a-exit.o)
                              d:/stm32cubeide/install/stm32cubeide_1.10.1/stm32cubeide/plugins/com.st.stm32cube.ide.mcu.externaltools.gnu-tools-for-stm32.10.3-2021.10.win32_1.0.0.202111181127/tools/bin/../lib/gcc/arm-none-eabi/10.3.1/../../../../arm-none-eabi/lib/thumb/v7e-m+fp/hard/crt0.o (exit)
d:/stm32cubeide/install/stm32cubeide_1.10.1/stm32cubeide/plugins/com.st.stm32cube.ide.mcu.externaltools.gnu-tools-for-stm32.10.3-2021.10.win32_1.0.0.202111181127/tools/bin/../lib/gcc/arm-none-eabi/10.3.1/../../../../arm-none-eabi/lib/thumb/v7e-m+fp/hard\libc_nano.a(lib_a-impure.o)
                              d:/stm32cubeide/install/stm32cubeide_1.10.1/stm32cubeide/plugins/com.st.stm32cube.ide.mcu.externaltools.gnu-tools-for-stm32.10.3-2021.10.win32_1.0.0.202111181127/tools/bin/../lib/gcc/arm-none-eabi/10.3.1/../../../../arm-none-eabi/lib/thumb/v7e-m+fp/hard\libc_nano.a(lib_a-exit.o) (_global_impure_ptr)
d:/stm32cubeide/install/stm32cubeide_1.10.1/stm32cubeide/plugins/com.st.stm32cube.ide.mcu.externaltools.gnu-tools-for-stm32.10.3-2021.10.win32_1.0.0.202111181127/tools/bin/../lib/gcc/arm-none-eabi/10.3.1/../../../../arm-none-eabi/lib/thumb/v7e-m+fp/hard\libc_nano.a(lib_a-init.o)
                              d:/stm32cubeide/install/stm32cubeide_1.10.1/stm32cubeide/plugins/com.st.stm32cube.ide.mcu.externaltools.gnu-tools-for-stm32.10.3-2021.10.win32_1.0.0.202111181127/tools/bin/../lib/gcc/arm-none-eabi/10.3.1/../../../../arm-none-eabi/lib/thumb/v7e-m+fp/hard/crt0.o (__libc_init_array)
d:/stm32cubeide/install/stm32cubeide_1.10.1/stm32cubeide/plugins/com.st.stm32cube.ide.mcu.externaltools.gnu-tools-for-stm32.10.3-2021.10.win32_1.0.0.202111181127/tools/bin/../lib/gcc/arm-none-eabi/10.3.1/../../../../arm-none-eabi/lib/thumb/v7e-m+fp/hard\libc_nano.a(lib_a-memset.o)
                              d:/stm32cubeide/install/stm32cubeide_1.10.1/stm32cubeide/plugins/com.st.stm32cube.ide.mcu.externaltools.gnu-tools-for-stm32.10.3-2021.10.win32_1.0.0.202111181127/tools/bin/../lib/gcc/arm-none-eabi/10.3.1/../../../../arm-none-eabi/lib/thumb/v7e-m+fp/hard/crt0.o (memset)
d:/stm32cubeide/install/stm32cubeide_1.10.1/stm32cubeide/plugins/com.st.stm32cube.ide.mcu.externaltools.gnu-tools-for-stm32.10.3-2021.10.win32_1.0.0.202111181127/tools/bin/../lib/gcc/arm-none-eabi/10.3.1/../../../../arm-none-eabi/lib/thumb/v7e-m+fp/hard\libc_nano.a(lib_a-sprintf.o)
                              ./Core/Src/main.o (sprintf)
d:/stm32cubeide/install/stm32cubeide_1.10.1/stm32cubeide/plugins/com.st.stm32cube.ide.mcu.externaltools.gnu-tools-for-stm32.10.3-2021.10.win32_1.0.0.202111181127/tools/bin/../lib/gcc/arm-none-eabi/10.3.1/../../../../arm-none-eabi/lib/thumb/v7e-m+fp/hard\libc_nano.a(lib_a-strlen.o)
                              ./Core/Src/main.o (strlen)
d:/stm32cubeide/install/stm32cubeide_1.10.1/stm32cubeide/plugins/com.st.stm32cube.ide.mcu.externaltools.gnu-tools-for-stm32.10.3-2021.10.win32_1.0.0.202111181127/tools/bin/../lib/gcc/arm-none-eabi/10.3.1/../../../../arm-none-eabi/lib/thumb/v7e-m+fp/hard\libc_nano.a(lib_a-nano-svfprintf.o)
                              d:/stm32cubeide/install/stm32cubeide_1.10.1/stm32cubeide/plugins/com.st.stm32cube.ide.mcu.externaltools.gnu-tools-for-stm32.10.3-2021.10.win32_1.0.0.202111181127/tools/bin/../lib/gcc/arm-none-eabi/10.3.1/../../../../arm-none-eabi/lib/thumb/v7e-m+fp/hard\libc_nano.a(lib_a-sprintf.o) (_svfprintf_r)
d:/stm32cubeide/install/stm32cubeide_1.10.1/stm32cubeide/plugins/com.st.stm32cube.ide.mcu.externaltools.gnu-tools-for-stm32.10.3-2021.10.win32_1.0.0.202111181127/tools/bin/../lib/gcc/arm-none-eabi/10.3.1/../../../../arm-none-eabi/lib/thumb/v7e-m+fp/hard\libc_nano.a(lib_a-nano-vfprintf_i.o)
                              d:/stm32cubeide/install/stm32cubeide_1.10.1/stm32cubeide/plugins/com.st.stm32cube.ide.mcu.externaltools.gnu-tools-for-stm32.10.3-2021.10.win32_1.0.0.202111181127/tools/bin/../lib/gcc/arm-none-eabi/10.3.1/../../../../arm-none-eabi/lib/thumb/v7e-m+fp/hard\libc_nano.a(lib_a-nano-svfprintf.o) (_printf_i)
d:/stm32cubeide/install/stm32cubeide_1.10.1/stm32cubeide/plugins/com.st.stm32cube.ide.mcu.externaltools.gnu-tools-for-stm32.10.3-2021.10.win32_1.0.0.202111181127/tools/bin/../lib/gcc/arm-none-eabi/10.3.1/../../../../arm-none-eabi/lib/thumb/v7e-m+fp/hard\libc_nano.a(lib_a-memchr.o)
[...]
Memory Configuration

Name             Origin             Length             Attributes
RAM              0x0000000020000000 0x0000000000018000 xrw
FLASH            0x0000000008000000 0x0000000000060000 xr
*default*        0x0000000000000000 0xffffffffffffffff

Linker script and memory map

LOAD d:/stm32cubeide/install/stm32cubeide_1.10.1/stm32cubeide/plugins/com.st.stm32cube.ide.mcu.externaltools.gnu-tools-for-stm32.10.3-2021.10.win32_1.0.0.202111181127/tools/bin/../lib/gcc/arm-none-eabi/10.3.1/thumb/v7e-m+fp/hard/crti.o
LOAD d:/stm32cubeide/install/stm32cubeide_1.10.1/stm32cubeide/plugins/com.st.stm32cube.ide.mcu.externaltools.gnu-tools-for-stm32.10.3-2021.10.win32_1.0.0.202111181127/tools/bin/../lib/gcc/arm-none-eabi/10.3.1/thumb/v7e-m+fp/hard/crtbegin.o
LOAD d:/stm32cubeide/install/stm32cubeide_1.10.1/stm32cubeide/plugins/com.st.stm32cube.ide.mcu.externaltools.gnu-tools-for-stm32.10.3-2021.10.win32_1.0.0.202111181127/tools/bin/../lib/gcc/arm-none-eabi/10.3.1/../../../../arm-none-eabi/lib/thumb/v7e-m+fp/hard/crt0.o
LOAD ./Core/Src/fatfs_sd.o
LOAD ./Core/Src/main.o
LOAD ./Core/Src/stm32f4xx_hal_msp.o
LOAD ./Core/Src/stm32f4xx_it.o
LOAD ./Core/Src/syscalls.o
LOAD ./Core/Src/sysmem.o
LOAD ./Core/Src/system_stm32f4xx.o
LOAD ./Core/Startup/startup_stm32f401cdux.o
LOAD ./Drivers/STM32F4xx_HAL_Driver/Src/stm32f4xx_hal.o
LOAD ./Drivers/STM32F4xx_HAL_Driver/Src/stm32f4xx_hal_cortex.o
LOAD ./Drivers/STM32F4xx_HAL_Driver/Src/stm32f4xx_hal_dma.o
LOAD ./Drivers/STM32F4xx_HAL_Driver/Src/stm32f4xx_hal_dma_ex.o
LOAD ./Drivers/STM32F4xx_HAL_Driver/Src/stm32f4xx_hal_exti.o
LOAD ./Drivers/STM32F4xx_HAL_Driver/Src/stm32f4xx_hal_flash.o
LOAD ./Drivers/STM32F4xx_HAL_Driver/Src/stm32f4xx_hal_flash_ex.o
LOAD ./Drivers/STM32F4xx_HAL_Driver/Src/stm32f4xx_hal_flash_ramfunc.o
LOAD ./Drivers/STM32F4xx_HAL_Driver/Src/stm32f4xx_hal_gpio.o
LOAD ./Drivers/STM32F4xx_HAL_Driver/Src/stm32f4xx_hal_pwr.o
LOAD ./Drivers/STM32F4xx_HAL_Driver/Src/stm32f4xx_hal_pwr_ex.o
LOAD ./Drivers/STM32F4xx_HAL_Driver/Src/stm32f4xx_hal_rcc.o
LOAD ./Drivers/STM32F4xx_HAL_Driver/Src/stm32f4xx_hal_rcc_ex.o
LOAD ./Drivers/STM32F4xx_HAL_Driver/Src/stm32f4xx_hal_spi.o
LOAD ./Drivers/STM32F4xx_HAL_Driver/Src/stm32f4xx_hal_uart.o
LOAD ./FATFS/App/fatfs.o
LOAD ./FATFS/Target/user_diskio.o
LOAD ./Middlewares/Third_Party/FatFs/src/diskio.o
LOAD ./Middlewares/Third_Party/FatFs/src/ff.o
LOAD ./Middlewares/Third_Party/FatFs/src/ff_gen_drv.o
LOAD ./Middlewares/Third_Party/FatFs/src/option/ccsbcs.o
LOAD ./Middlewares/Third_Party/FatFs/src/option/syscall.o
START GROUP
LOAD d:/stm32cubeide/install/stm32cubeide_1.10.1/stm32cubeide/plugins/com.st.stm32cube.ide.mcu.externaltools.gnu-tools-for-stm32.10.3-2021.10.win32_1.0.0.202111181127/tools/bin/../lib/gcc/arm-none-eabi/10.3.1/../../../../arm-none-eabi/lib/thumb/v7e-m+fp/hard\libc_nano.a
LOAD d:/stm32cubeide/install/stm32cubeide_1.10.1/stm32cubeide/plugins/com.st.stm32cube.ide.mcu.externaltools.gnu-tools-for-stm32.10.3-2021.10.win32_1.0.0.202111181127/tools/bin/../lib/gcc/arm-none-eabi/10.3.1/../../../../arm-none-eabi/lib/thumb/v7e-m+fp/hard\libm.a
END GROUP
START GROUP
LOAD d:/stm32cubeide/install/stm32cubeide_1.10.1/stm32cubeide/plugins/com.st.stm32cube.ide.mcu.externaltools.gnu-tools-for-stm32.10.3-2021.10.win32_1.0.0.202111181127/tools/bin/../lib/gcc/arm-none-eabi/10.3.1/thumb/v7e-m+fp/hard\libgcc.a
LOAD d:/stm32cubeide/install/stm32cubeide_1.10.1/stm32cubeide/plugins/com.st.stm32cube.ide.mcu.externaltools.gnu-tools-for-stm32.10.3-2021.10.win32_1.0.0.202111181127/tools/bin/../lib/gcc/arm-none-eabi/10.3.1/../../../../arm-none-eabi/lib/thumb/v7e-m+fp/hard\libc_nano.a
END GROUP
START GROUP
LOAD d:/stm32cubeide/install/stm32cubeide_1.10.1/stm32cubeide/plugins/com.st.stm32cube.ide.mcu.externaltools.gnu-tools-for-stm32.10.3-2021.10.win32_1.0.0.202111181127/tools/bin/../lib/gcc/arm-none-eabi/10.3.1/thumb/v7e-m+fp/hard\libgcc.a
LOAD d:/stm32cubeide/install/stm32cubeide_1.10.1/stm32cubeide/plugins/com.st.stm32cube.ide.mcu.externaltools.gnu-tools-for-stm32.10.3-2021.10.win32_1.0.0.202111181127/tools/bin/../lib/gcc/arm-none-eabi/10.3.1/../../../../arm-none-eabi/lib/thumb/v7e-m+fp/hard\libc_nano.a
LOAD d:/stm32cubeide/install/stm32cubeide_1.10.1/stm32cubeide/plugins/com.st.stm32cube.ide.mcu.externaltools.gnu-tools-for-stm32.10.3-2021.10.win32_1.0.0.202111181127/tools/bin/../lib/gcc/arm-none-eabi/10.3.1/../../../../arm-none-eabi/lib/thumb/v7e-m+fp/hard\libnosys.a
END GROUP
START GROUP
LOAD d:/stm32cubeide/install/stm32cubeide_1.10.1/stm32cubeide/plugins/com.st.stm32cube.ide.mcu.externaltools.gnu-tools-for-stm32.10.3-2021.10.win32_1.0.0.202111181127/tools/bin/../lib/gcc/arm-none-eabi/10.3.1/thumb/v7e-m+fp/hard\libgcc.a
LOAD d:/stm32cubeide/install/stm32cubeide_1.10.1/stm32cubeide/plugins/com.st.stm32cube.ide.mcu.externaltools.gnu-tools-for-stm32.10.3-2021.10.win32_1.0.0.202111181127/tools/bin/../lib/gcc/arm-none-eabi/10.3.1/../../../../arm-none-eabi/lib/thumb/v7e-m+fp/hard\libc_nano.a
LOAD d:/stm32cubeide/install/stm32cubeide_1.10.1/stm32cubeide/plugins/com.st.stm32cube.ide.mcu.externaltools.gnu-tools-for-stm32.10.3-2021.10.win32_1.0.0.202111181127/tools/bin/../lib/gcc/arm-none-eabi/10.3.1/../../../../arm-none-eabi/lib/thumb/v7e-m+fp/hard\libnosys.a
END GROUP
LOAD d:/stm32cubeide/install/stm32cubeide_1.10.1/stm32cubeide/plugins/com.st.stm32cube.ide.mcu.externaltools.gnu-tools-for-stm32.10.3-2021.10.win32_1.0.0.202111181127/tools/bin/../lib/gcc/arm-none-eabi/10.3.1/thumb/v7e-m+fp/hard/crtend.o
LOAD d:/stm32cubeide/install/stm32cubeide_1.10.1/stm32cubeide/plugins/com.st.stm32cube.ide.mcu.externaltools.gnu-tools-for-stm32.10.3-2021.10.win32_1.0.0.202111181127/tools/bin/../lib/gcc/arm-none-eabi/10.3.1/thumb/v7e-m+fp/hard/crtn.o
                0x0000000020018000                _estack = (ORIGIN (RAM) + LENGTH (RAM))
                0x0000000000000200                _Min_Heap_Size = 0x200
                0x0000000000000400                _Min_Stack_Size = 0x400

.isr_vector     0x0000000008000000      0x194
                0x0000000008000000                . = ALIGN (0x4)
 *(.isr_vector)
 .isr_vector    0x0000000008000000      0x194 ./Core/Startup/startup_stm32f401cdux.o
                0x0000000008000000                g_pfnVectors
                0x0000000008000194                . = ALIGN (0x4)

.text           0x00000000080001a0     0x5124
                0x00000000080001a0                . = ALIGN (0x4)
 *(.text)
 .text          0x00000000080001a0       0x40 d:/stm32cubeide/install/stm32cubeide_1.10.1/stm32cubeide/plugins/com.st.stm32cube.ide.mcu.externaltools.gnu-tools-for-stm32.10.3-2021.10.win32_1.0.0.202111181127/tools/bin/../lib/gcc/arm-none-eabi/10.3.1/thumb/v7e-m+fp/hard/crtbegin.o
 .text          0x00000000080001e0       0x10 d:/stm32cubeide/install/stm32cubeide_1.10.1/stm32cubeide/plugins/com.st.stm32cube.ide.mcu.externaltools.gnu-tools-for-stm32.10.3-2021.10.win32_1.0.0.202111181127/tools/bin/../lib/gcc/arm-none-eabi/10.3.1/../../../../arm-none-eabi/lib/thumb/v7e-m+fp/hard\libc_nano.a(lib_a-strlen.o)
                0x00000000080001e0                strlen
 .text          0x00000000080001f0       0xa0 d:/stm32cubeide/install/stm32cubeide_1.10.1/stm32cubeide/plugins/com.st.stm32cube.ide.mcu.externaltools.gnu-tools-for-stm32.10.3-2021.10.win32_1.0.0.202111181127/tools/bin/../lib/gcc/arm-none-eabi/10.3.1/../../../../arm-none-eabi/lib/thumb/v7e-m+fp/hard\libc_nano.a(lib_a-memchr.o)
                0x00000000080001f0                memchr
 .text          0x0000000008000290      0x254 d:/stm32cubeide/install/stm32cubeide_1.10.1/stm32cubeide/plugins/com.st.stm32cube.ide.mcu.externaltools.gnu-tools-for-stm32.10.3-2021.10.win32_1.0.0.202111181127/tools/bin/../lib/gcc/arm-none-eabi/10.3.1/thumb/v7e-m+fp/hard\libgcc.a(_arm_muldf3.o)
                0x0000000008000290                __muldf3
                0x0000000008000290                __aeabi_dmul
 .text          0x00000000080004e4      0x378 d:/stm32cubeide/install/stm32cubeide_1.10.1/stm32cubeide/plugins/com.st.stm32cube.ide.mcu.externaltools.gnu-tools-for-stm32.10.3-2021.10.win32_1.0.0.202111181127/tools/bin/../lib/gcc/arm-none-eabi/10.3.1/thumb/v7e-m+fp/hard\libgcc.a(_arm_addsubdf3.o)
                0x00000000080004e4                __aeabi_drsub
                0x00000000080004ec                __aeabi_dsub
                0x00000000080004ec                __subdf3
                0x00000000080004f0                __aeabi_dadd
                0x00000000080004f0                __adddf3
                0x0000000008000768                __floatunsidf
                0x0000000008000768                __aeabi_ui2d
                0x0000000008000788                __floatsidf
                0x0000000008000788                __aeabi_i2d
                0x00000000080007ac                __aeabi_f2d
                0x00000000080007ac                __extendsfdf2
                0x00000000080007f0                __floatundidf
                0x00000000080007f0                __aeabi_ul2d
                0x0000000008000800                __floatdidf
                0x0000000008000800                __aeabi_l2d
 .text          0x000000000800085c       0x40 d:/stm32cubeide/install/stm32cubeide_1.10.1/stm32cubeide/plugins/com.st.stm32cube.ide.mcu.externaltools.gnu-tools-for-stm32.10.3-2021.10.win32_1.0.0.202111181127/tools/bin/../lib/gcc/arm-none-eabi/10.3.1/thumb/v7e-m+fp/hard\libgcc.a(_arm_fixunsdfsi.o)
                0x000000000800085c                __aeabi_d2uiz
                0x000000000800085c                __fixunsdfsi
 .text          0x000000000800089c       0x30 d:/stm32cubeide/install/stm32cubeide_1.10.1/stm32cubeide/plugins/com.st.stm32cube.ide.mcu.externaltools.gnu-tools-for-stm32.10.3-2021.10.win32_1.0.0.202111181127/tools/bin/../lib/gcc/arm-none-eabi/10.3.1/thumb/v7e-m+fp/hard\libgcc.a(_aeabi_uldivmod.o)
                0x000000000800089c                __aeabi_uldivmod
 .text          0x00000000080008cc      0x2d0 d:/stm32cubeide/install/stm32cubeide_1.10.1/stm32cubeide/plugins/com.st.stm32cube.ide.mcu.externaltools.gnu-tools-for-stm32.10.3-2021.10.win32_1.0.0.202111181127/tools/bin/../lib/gcc/arm-none-eabi/10.3.1/thumb/v7e-m+fp/hard\libgcc.a(_udivmoddi4.o)
                0x00000000080008cc                __udivmoddi4
 .text          0x0000000008000b9c        0x4 d:/stm32cubeide/install/stm32cubeide_1.10.1/stm32cubeide/plugins/com.st.stm32cube.ide.mcu.externaltools.gnu-tools-for-stm32.10.3-2021.10.win32_1.0.0.202111181127/tools/bin/../lib/gcc/arm-none-eabi/10.3.1/thumb/v7e-m+fp/hard\libgcc.a(_dvmd_tls.o)
                0x0000000008000b9c                __aeabi_idiv0
                0x0000000008000b9c                __aeabi_ldiv0
 *(.text*)
 .text.SELECT   0x0000000008000ba0       0x18 ./Core/Src/fatfs_sd.o
 .text.DESELECT
                0x0000000008000bb8       0x18 ./Core/Src/fatfs_sd.o
 .text.SPI_TxByte
                0x0000000008000bd0       0x34 ./Core/Src/fatfs_sd.o
 .text.SPI_RxByte
                0x0000000008000c04       0x3c ./Core/Src/fatfs_sd.o
 .text.SPI_RxBytePtr
                0x0000000008000c40       0x1c ./Core/Src/fatfs_sd.o
 .text.SD_ReadyWait
                0x0000000008000c5c       0x38 ./Core/Src/fatfs_sd.o
 .text.SD_PowerOn
                0x0000000008000c94       0x98 ./Core/Src/fatfs_sd.o
 .text.SD_PowerOff
                0x0000000008000d2c       0x18 ./Core/Src/fatfs_sd.o
 .text.SD_CheckPower
                0x0000000008000d44       0x18 ./Core/Src/fatfs_sd.o
 .text.SD_RxDataBlock
                0x0000000008000d5c       0x6c ./Core/Src/fatfs_sd.o
 .text.SD_TxDataBlock
                0x0000000008000dc8       0xa8 ./Core/Src/fatfs_sd.o
 .text.SD_SendCmd
                0x0000000008000e70       0xa4 ./Core/Src/fatfs_sd.o
 .text.SD_disk_initialize
                0x0000000008000f14      0x1d4 ./Core/Src/fatfs_sd.o
                0x0000000008000f14                SD_disk_initialize
 .text.SD_disk_status
                0x00000000080010e8       0x2c ./Core/Src/fatfs_sd.o
                0x00000000080010e8                SD_disk_status
 .text.SD_disk_read
                0x0000000008001114       0xd4 ./Core/Src/fatfs_sd.o
                0x0000000008001114                SD_disk_read
 .text.SD_disk_write
                0x00000000080011e8      0x108 ./Core/Src/fatfs_sd.o
                0x00000000080011e8                SD_disk_write
 .text.SD_disk_ioctl
                0x00000000080012f0      0x264 ./Core/Src/fatfs_sd.o
                0x00000000080012f0                SD_disk_ioctl
 .text.send_uart
                0x0000000008001554       0x30 ./Core/Src/main.o
                0x0000000008001554                send_uart
 .text.main     0x0000000008001584      0x118 ./Core/Src/main.o
                0x0000000008001584                main
 .text.SystemClock_Config
                0x000000000800169c       0xc0 ./Core/Src/main.o
                0x000000000800169c                SystemClock_Config
 .text.MX_SPI3_Init
                0x000000000800175c       0x6c ./Core/Src/main.o
 .text.MX_USART1_UART_Init
                0x00000000080017c8       0x54 ./Core/Src/main.o
 .text.MX_GPIO_Init
                0x000000000800181c       0xa4 ./Core/Src/main.o
 .text.Error_Handler
                0x00000000080018c0        0xa ./Core/Src/main.o
                0x00000000080018c0                Error_Handler
 *fill*         0x00000000080018ca        0x2 
 .text.HAL_MspInit
                0x00000000080018cc       0x50 ./Core/Src/stm32f4xx_hal_msp.o
                0x00000000080018cc                HAL_MspInit
 .text.HAL_SPI_MspInit
                0x000000000800191c       0x90 ./Core/Src/stm32f4xx_hal_msp.o
                0x000000000800191c                HAL_SPI_MspInit
 .text.HAL_UART_MspInit
                0x00000000080019ac       0x90 ./Core/Src/stm32f4xx_hal_msp.o
                0x00000000080019ac                HAL_UART_MspInit
 .text.SDTimer_Handler
                0x0000000008001a3c       0x48 ./Core/Src/stm32f4xx_it.o
                0x0000000008001a3c                SDTimer_Handler
 .text.NMI_Handler
                0x0000000008001a84        0xa ./Core/Src/stm32f4xx_it.o
                0x0000000008001a84                NMI_Handler
 .text.HardFault_Handler
                0x0000000008001a8e        0x6 ./Core/Src/stm32f4xx_it.o
                0x0000000008001a8e                HardFault_Handler
 .text.MemManage_Handler
                0x0000000008001a94        0x6 ./Core/Src/stm32f4xx_it.o
                0x0000000008001a94                MemManage_Handler
 .text.BusFault_Handler
                0x0000000008001a9a        0x6 ./Core/Src/stm32f4xx_it.o
                0x0000000008001a9a                BusFault_Handler
 .text.UsageFault_Handler
                0x0000000008001aa0        0x6 ./Core/Src/stm32f4xx_it.o
                0x0000000008001aa0                UsageFault_Handler
 .text.SVC_Handler
                0x0000000008001aa6        0xe ./Core/Src/stm32f4xx_it.o
                0x0000000008001aa6                SVC_Handler
 .text.DebugMon_Handler
                0x0000000008001ab4        0xe ./Core/Src/stm32f4xx_it.o
                0x0000000008001ab4                DebugMon_Handler
 .text.PendSV_Handler
                0x0000000008001ac2        0xe ./Core/Src/stm32f4xx_it.o
                0x0000000008001ac2                PendSV_Handler
 .text.SysTick_Handler
                0x0000000008001ad0       0x34 ./Core/Src/stm32f4xx_it.o
                0x0000000008001ad0                SysTick_Handler
 .text._sbrk    0x0000000008001b04       0x6c ./Core/Src/sysmem.o
                0x0000000008001b04                _sbrk
 .text.SystemInit
                0x0000000008001b70       0x24 ./Core/Src/system_stm32f4xx.o
                0x0000000008001b70                SystemInit
 .text.Reset_Handler
                0x0000000008001b94       0x50 ./Core/Startup/startup_stm32f401cdux.o
                0x0000000008001b94                Reset_Handler
 .text.Default_Handler
                0x0000000008001be4        0x2 ./Core/Startup/startup_stm32f401cdux.o
                0x0000000008001be4                RTC_Alarm_IRQHandler
                0x0000000008001be4                EXTI2_IRQHandler
                0x0000000008001be4                SPI4_IRQHandler
                0x0000000008001be4                TIM1_CC_IRQHandler
                0x0000000008001be4                DMA2_Stream5_IRQHandler
                0x0000000008001be4                DMA1_Stream5_IRQHandler
                0x0000000008001be4                PVD_IRQHandler
                0x0000000008001be4                SDIO_IRQHandler
                0x0000000008001be4                TAMP_STAMP_IRQHandler
                0x0000000008001be4                EXTI3_IRQHandler
                0x0000000008001be4                TIM1_UP_TIM10_IRQHandler
                0x0000000008001be4                I2C3_ER_IRQHandler
                0x0000000008001be4                EXTI0_IRQHandler
                0x0000000008001be4                I2C2_EV_IRQHandler
                0x0000000008001be4                DMA1_Stream2_IRQHandler
                0x0000000008001be4                FPU_IRQHandler
                0x0000000008001be4                DMA2_Stream2_IRQHandler
                0x0000000008001be4                SPI1_IRQHandler
                0x0000000008001be4                TIM1_BRK_TIM9_IRQHandler
                0x0000000008001be4                DMA2_Stream3_IRQHandler
                0x0000000008001be4                USART6_IRQHandler
                0x0000000008001be4                DMA2_Stream0_IRQHandler
                0x0000000008001be4                TIM4_IRQHandler
                0x0000000008001be4                I2C1_EV_IRQHandler
                0x0000000008001be4                DMA1_Stream6_IRQHandler
                0x0000000008001be4                DMA1_Stream1_IRQHandler
                0x0000000008001be4                TIM3_IRQHandler
                0x0000000008001be4                RCC_IRQHandler
                0x0000000008001be4                Default_Handler
                0x0000000008001be4                EXTI15_10_IRQHandler
                0x0000000008001be4                ADC_IRQHandler
                0x0000000008001be4                DMA1_Stream7_IRQHandler
                0x0000000008001be4                TIM5_IRQHandler
                0x0000000008001be4                DMA2_Stream7_IRQHandler
                0x0000000008001be4                I2C3_EV_IRQHandler
                0x0000000008001be4                EXTI9_5_IRQHandler
                0x0000000008001be4                RTC_WKUP_IRQHandler
                0x0000000008001be4                SPI2_IRQHandler
                0x0000000008001be4                DMA1_Stream0_IRQHandler
                0x0000000008001be4                EXTI4_IRQHandler
                0x0000000008001be4                WWDG_IRQHandler
                0x0000000008001be4                TIM2_IRQHandler
                0x0000000008001be4                OTG_FS_WKUP_IRQHandler
                0x0000000008001be4                TIM1_TRG_COM_TIM11_IRQHandler
                0x0000000008001be4                EXTI1_IRQHandler
                0x0000000008001be4                USART2_IRQHandler
                0x0000000008001be4                I2C2_ER_IRQHandler
                0x0000000008001be4                DMA2_Stream1_IRQHandler
                0x0000000008001be4                FLASH_IRQHandler
                0x0000000008001be4                DMA2_Stream4_IRQHandler
                0x0000000008001be4                USART1_IRQHandler
                0x0000000008001be4                OTG_FS_IRQHandler
                0x0000000008001be4                SPI3_IRQHandler
                0x0000000008001be4                DMA1_Stream4_IRQHandler
                0x0000000008001be4                I2C1_ER_IRQHandler
                0x0000000008001be4                DMA2_Stream6_IRQHandler
                0x0000000008001be4                DMA1_Stream3_IRQHandler
 *fill*         0x0000000008001be6        0x2 
 .text.HAL_Init
                0x0000000008001be8       0x44 ./Drivers/STM32F4xx_HAL_Driver/Src/stm32f4xx_hal.o
                0x0000000008001be8                HAL_Init
 .text.HAL_InitTick
                0x0000000008001c2c       0x60 ./Drivers/STM32F4xx_HAL_Driver/Src/stm32f4xx_hal.o
                0x0000000008001c2c                HAL_InitTick
 .text.HAL_IncTick
                0x0000000008001c8c       0x28 ./Drivers/STM32F4xx_HAL_Driver/Src/stm32f4xx_hal.o
                0x0000000008001c8c                HAL_IncTick
 .text.HAL_GetTick
                0x0000000008001cb4       0x18 ./Drivers/STM32F4xx_HAL_Driver/Src/stm32f4xx_hal.o
                0x0000000008001cb4                HAL_GetTick
 .text.HAL_Delay
                0x0000000008001ccc       0x48 ./Drivers/STM32F4xx_HAL_Driver/Src/stm32f4xx_hal.o
                0x0000000008001ccc                HAL_Delay
 .text.__NVIC_SetPriorityGrouping
                0x0000000008001d14       0x48 ./Drivers/STM32F4xx_HAL_Driver/Src/stm32f4xx_hal_cortex.o
 .text.__NVIC_GetPriorityGrouping
                0x0000000008001d5c       0x1c ./Drivers/STM32F4xx_HAL_Driver/Src/stm32f4xx_hal_cortex.o
 .text.__NVIC_SetPriority
                0x0000000008001d78       0x54 ./Drivers/STM32F4xx_HAL_Driver/Src/stm32f4xx_hal_cortex.o
 .text.NVIC_EncodePriority
                0x0000000008001dcc       0x66 ./Drivers/STM32F4xx_HAL_Driver/Src/stm32f4xx_hal_cortex.o
 *fill*         0x0000000008001e32        0x2 
 .text.SysTick_Config
                0x0000000008001e34       0x44 ./Drivers/STM32F4xx_HAL_Driver/Src/stm32f4xx_hal_cortex.o
 .text.HAL_NVIC_SetPriorityGrouping
                0x0000000008001e78       0x16 ./Drivers/STM32F4xx_HAL_Driver/Src/stm32f4xx_hal_cortex.o
                0x0000000008001e78                HAL_NVIC_SetPriorityGrouping
 .text.HAL_NVIC_SetPriority
                0x0000000008001e8e       0x38 ./Drivers/STM32F4xx_HAL_Driver/Src/stm32f4xx_hal_cortex.o
                0x0000000008001e8e                HAL_NVIC_SetPriority
 .text.HAL_SYSTICK_Config
                0x0000000008001ec6       0x18 ./Drivers/STM32F4xx_HAL_Driver/Src/stm32f4xx_hal_cortex.o
                0x0000000008001ec6                HAL_SYSTICK_Config
 *fill*         0x0000000008001ede        0x2 
 .text.HAL_GPIO_Init
                0x0000000008001ee0      0x308 ./Drivers/STM32F4xx_HAL_Driver/Src/stm32f4xx_hal_gpio.o
                0x0000000008001ee0                HAL_GPIO_Init
 .text.HAL_GPIO_WritePin
                0x00000000080021e8       0x32 ./Drivers/STM32F4xx_HAL_Driver/Src/stm32f4xx_hal_gpio.o
                0x00000000080021e8                HAL_GPIO_WritePin
 *fill*         0x000000000800221a        0x2 
 .text.HAL_RCC_OscConfig
                0x000000000800221c      0x4f0 ./Drivers/STM32F4xx_HAL_Driver/Src/stm32f4xx_hal_rcc.o
                0x000000000800221c                HAL_RCC_OscConfig
 .text.HAL_RCC_ClockConfig
                0x000000000800270c      0x1cc ./Drivers/STM32F4xx_HAL_Driver/Src/stm32f4xx_hal_rcc.o
                0x000000000800270c                HAL_RCC_ClockConfig
 .text.HAL_RCC_EnableCSS
                0x00000000080028d8       0x18 ./Drivers/STM32F4xx_HAL_Driver/Src/stm32f4xx_hal_rcc.o
                0x00000000080028d8                HAL_RCC_EnableCSS
 .text.HAL_RCC_GetSysClockFreq
                0x00000000080028f0      0x18c ./Drivers/STM32F4xx_HAL_Driver/Src/stm32f4xx_hal_rcc.o
                0x00000000080028f0                HAL_RCC_GetSysClockFreq
 .text.HAL_RCC_GetHCLKFreq
                0x0000000008002a7c       0x18 ./Drivers/STM32F4xx_HAL_Driver/Src/stm32f4xx_hal_rcc.o
                0x0000000008002a7c                HAL_RCC_GetHCLKFreq
 .text.HAL_RCC_GetPCLK1Freq
                0x0000000008002a94       0x28 ./Drivers/STM32F4xx_HAL_Driver/Src/stm32f4xx_hal_rcc.o
                0x0000000008002a94                HAL_RCC_GetPCLK1Freq
 .text.HAL_RCC_GetPCLK2Freq
                0x0000000008002abc       0x28 ./Drivers/STM32F4xx_HAL_Driver/Src/stm32f4xx_hal_rcc.o
                0x0000000008002abc                HAL_RCC_GetPCLK2Freq
 .text.HAL_RCC_NMI_IRQHandler
                0x0000000008002ae4       0x28 ./Drivers/STM32F4xx_HAL_Driver/Src/stm32f4xx_hal_rcc.o
                0x0000000008002ae4                HAL_RCC_NMI_IRQHandler
 .text.HAL_RCC_CSSCallback
                0x0000000008002b0c        0xe ./Drivers/STM32F4xx_HAL_Driver/Src/stm32f4xx_hal_rcc.o
                0x0000000008002b0c                HAL_RCC_CSSCallback
 .text.HAL_SPI_Init
                0x0000000008002b1a      0x112 ./Drivers/STM32F4xx_HAL_Driver/Src/stm32f4xx_hal_spi.o
                0x0000000008002b1a                HAL_SPI_Init
 .text.HAL_SPI_Transmit
                0x0000000008002c2c      0x278 ./Drivers/STM32F4xx_HAL_Driver/Src/stm32f4xx_hal_spi.o
                0x0000000008002c2c                HAL_SPI_Transmit
 .text.HAL_SPI_TransmitReceive
                0x0000000008002ea4      0x344 ./Drivers/STM32F4xx_HAL_Driver/Src/stm32f4xx_hal_spi.o
                0x0000000008002ea4                HAL_SPI_TransmitReceive
 .text.HAL_SPI_GetState
                0x00000000080031e8       0x1c ./Drivers/STM32F4xx_HAL_Driver/Src/stm32f4xx_hal_spi.o
                0x00000000080031e8                HAL_SPI_GetState
 .text.SPI_WaitFlagStateUntilTimeout
                0x0000000008003204      0x110 ./Drivers/STM32F4xx_HAL_Driver/Src/stm32f4xx_hal_spi.o
 .text.SPI_EndRxTxTransaction
                0x0000000008003314       0x84 ./Drivers/STM32F4xx_HAL_Driver/Src/stm32f4xx_hal_spi.o
 .text.HAL_UART_Init
                0x0000000008003398       0x9a ./Drivers/STM32F4xx_HAL_Driver/Src/stm32f4xx_hal_uart.o
                0x0000000008003398                HAL_UART_Init
 .text.HAL_UART_Transmit
                0x0000000008003432      0x124 ./Drivers/STM32F4xx_HAL_Driver/Src/stm32f4xx_hal_uart.o
                0x0000000008003432                HAL_UART_Transmit
 .text.UART_WaitOnFlagUntilTimeout
                0x0000000008003556       0xdc ./Drivers/STM32F4xx_HAL_Driver/Src/stm32f4xx_hal_uart.o
 *fill*         0x0000000008003632        0x2 
 .text.UART_SetConfig
                0x0000000008003634      0x4e8 ./Drivers/STM32F4xx_HAL_Driver/Src/stm32f4xx_hal_uart.o
 .text.MX_FATFS_Init
                0x0000000008003b1c       0x24 ./FATFS/App/fatfs.o
                0x0000000008003b1c                MX_FATFS_Init
 .text.USER_initialize
                0x0000000008003b40       0x1e ./FATFS/Target/user_diskio.o
                0x0000000008003b40                USER_initialize
 .text.USER_status
                0x0000000008003b5e       0x1e ./FATFS/Target/user_diskio.o
                0x0000000008003b5e                USER_status
 .text.USER_read
                0x0000000008003b7c       0x28 ./FATFS/Target/user_diskio.o
                0x0000000008003b7c                USER_read
 .text.USER_write
                0x0000000008003ba4       0x28 ./FATFS/Target/user_diskio.o
                0x0000000008003ba4                USER_write
 .text.USER_ioctl
                0x0000000008003bcc       0x28 ./FATFS/Target/user_diskio.o
                0x0000000008003bcc                USER_ioctl
 .text.disk_status
                0x0000000008003bf4       0x34 ./Middlewares/Third_Party/FatFs/src/diskio.o
                0x0000000008003bf4                disk_status
 .text.disk_initialize
                0x0000000008003c28       0x4c ./Middlewares/Third_Party/FatFs/src/diskio.o
                0x0000000008003c28                disk_initialize
 .text.disk_read
                0x0000000008003c74       0x40 ./Middlewares/Third_Party/FatFs/src/diskio.o
                0x0000000008003c74                disk_read
 .text.disk_write
                0x0000000008003cb4       0x40 ./Middlewares/Third_Party/FatFs/src/diskio.o
                0x0000000008003cb4                disk_write
 .text.disk_ioctl
                0x0000000008003cf4       0x3c ./Middlewares/Third_Party/FatFs/src/diskio.o
                0x0000000008003cf4                disk_ioctl
 .text.ld_word  0x0000000008003d30       0x30 ./Middlewares/Third_Party/FatFs/src/ff.o
 .text.ld_dword
                0x0000000008003d60       0x46 ./Middlewares/Third_Party/FatFs/src/ff.o
 *fill*         0x0000000008003da6        0x2 
 .text.clear_lock
                0x0000000008003da8       0x48 ./Middlewares/Third_Party/FatFs/src/ff.o
 .text.sync_window
                0x0000000008003df0       0x88 ./Middlewares/Third_Party/FatFs/src/ff.o
 .text.move_window
                0x0000000008003e78       0x5a ./Middlewares/Third_Party/FatFs/src/ff.o
 .text.get_fat  0x0000000008003ed2      0x1a8 ./Middlewares/Third_Party/FatFs/src/ff.o
 .text.get_ldnumber
                0x000000000800407a       0x88 ./Middlewares/Third_Party/FatFs/src/ff.o
 *fill*         0x0000000008004102        0x2 
 .text.check_fs
                0x0000000008004104       0xac ./Middlewares/Third_Party/FatFs/src/ff.o
 .text.find_volume
                0x00000000080041b0      0x50c ./Middlewares/Third_Party/FatFs/src/ff.o
 .text.f_mount  0x00000000080046bc       0x8c ./Middlewares/Third_Party/FatFs/src/ff.o
                0x00000000080046bc                f_mount
 .text.f_getfree
                0x0000000008004748      0x16a ./Middlewares/Third_Party/FatFs/src/ff.o
                0x0000000008004748                f_getfree
 *fill*         0x00000000080048b2        0x2 
 .text.FATFS_LinkDriverEx
                0x00000000080048b4       0x98 ./Middlewares/Third_Party/FatFs/src/ff_gen_drv.o
                0x00000000080048b4                FATFS_LinkDriverEx
 .text.FATFS_LinkDriver
                0x000000000800494c       0x1e ./Middlewares/Third_Party/FatFs/src/ff_gen_drv.o
                0x000000000800494c                FATFS_LinkDriver
 *fill*         0x000000000800496a        0x2 
 .text.__errno  0x000000000800496c        0xc d:/stm32cubeide/install/stm32cubeide_1.10.1/stm32cubeide/plugins/com.st.stm32cube.ide.mcu.externaltools.gnu-tools-for-stm32.10.3-2021.10.win32_1.0.0.202111181127/tools/bin/../lib/gcc/arm-none-eabi/10.3.1/../../../../arm-none-eabi/lib/thumb/v7e-m+fp/hard\libc_nano.a(lib_a-errno.o)
                0x000000000800496c                __errno
 .text.__libc_init_array
                0x0000000008004978       0x48 d:/stm32cubeide/install/stm32cubeide_1.10.1/stm32cubeide/plugins/com.st.stm32cube.ide.mcu.externaltools.gnu-tools-for-stm32.10.3-2021.10.win32_1.0.0.202111181127/tools/bin/../lib/gcc/arm-none-eabi/10.3.1/../../../../arm-none-eabi/lib/thumb/v7e-m+fp/hard\libc_nano.a(lib_a-init.o)
                0x0000000008004978                __libc_init_array
 .text.memset   0x00000000080049c0       0x10 d:/stm32cubeide/install/stm32cubeide_1.10.1/stm32cubeide/plugins/com.st.stm32cube.ide.mcu.externaltools.gnu-tools-for-stm32.10.3-2021.10.win32_1.0.0.202111181127/tools/bin/../lib/gcc/arm-none-eabi/10.3.1/../../../../arm-none-eabi/lib/thumb/v7e-m+fp/hard\libc_nano.a(lib_a-memset.o)
                0x00000000080049c0                memset
 .text.sprintf  0x00000000080049d0       0x40 d:/stm32cubeide/install/stm32cubeide_1.10.1/stm32cubeide/plugins/com.st.stm32cube.ide.mcu.externaltools.gnu-tools-for-stm32.10.3-2021.10.win32_1.0.0.202111181127/tools/bin/../lib/gcc/arm-none-eabi/10.3.1/../../../../arm-none-eabi/lib/thumb/v7e-m+fp/hard\libc_nano.a(lib_a-sprintf.o)
                0x00000000080049d0                siprintf
                0x00000000080049d0                sprintf
 .text.__ssputs_r
                0x0000000008004a10       0xb6 d:/stm32cubeide/install/stm32cubeide_1.10.1/stm32cubeide/plugins/com.st.stm32cube.ide.mcu.externaltools.gnu-tools-for-stm32.10.3-2021.10.win32_1.0.0.202111181127/tools/bin/../lib/gcc/arm-none-eabi/10.3.1/../../../../arm-none-eabi/lib/thumb/v7e-m+fp/hard\libc_nano.a(lib_a-nano-svfprintf.o)
                0x0000000008004a10                __ssputs_r
 *fill*         0x0000000008004ac6        0x2 
 .text._svfprintf_r
                0x0000000008004ac8      0x200 d:/stm32cubeide/install/stm32cubeide_1.10.1/stm32cubeide/plugins/com.st.stm32cube.ide.mcu.externaltools.gnu-tools-for-stm32.10.3-2021.10.win32_1.0.0.202111181127/tools/bin/../lib/gcc/arm-none-eabi/10.3.1/../../../../arm-none-eabi/lib/thumb/v7e-m+fp/hard\libc_nano.a(lib_a-nano-svfprintf.o)
                0x0000000008004ac8                _svfiprintf_r
                0x0000000008004ac8                _svfprintf_r
 .text._printf_common
                0x0000000008004cc8       0xda d:/stm32cubeide/install/stm32cubeide_1.10.1/stm32cubeide/plugins/com.st.stm32cube.ide.mcu.externaltools.gnu-tools-for-stm32.10.3-2021.10.win32_1.0.0.202111181127/tools/bin/../lib/gcc/arm-none-eabi/10.3.1/../../../../arm-none-eabi/lib/thumb/v7e-m+fp/hard\libc_nano.a(lib_a-nano-vfprintf_i.o)
                0x0000000008004cc8                _printf_common
 *fill*         0x0000000008004da2        0x2 
 .text._printf_i
                0x0000000008004da4      0x24c d:/stm32cubeide/install/stm32cubeide_1.10.1/stm32cubeide/plugins/com.st.stm32cube.ide.mcu.externaltools.gnu-tools-for-stm32.10.3-2021.10.win32_1.0.0.202111181127/tools/bin/../lib/gcc/arm-none-eabi/10.3.1/../../../../arm-none-eabi/lib/thumb/v7e-m+fp/hard\libc_nano.a(lib_a-nano-vfprintf_i.o)
                0x0000000008004da4                _printf_i
 .text.memcpy   0x0000000008004ff0       0x1c d:/stm32cubeide/install/stm32cubeide_1.10.1/stm32cubeide/plugins/com.st.stm32cube.ide.mcu.externaltools.gnu-tools-for-stm32.10.3-2021.10.win32_1.0.0.202111181127/tools/bin/../lib/gcc/arm-none-eabi/10.3.1/../../../../arm-none-eabi/lib/thumb/v7e-m+fp/hard\libc_nano.a(lib_a-memcpy-stub.o)
                0x0000000008004ff0                memcpy
 .text.memmove  0x000000000800500c       0x34 d:/stm32cubeide/install/stm32cubeide_1.10.1/stm32cubeide/plugins/com.st.stm32cube.ide.mcu.externaltools.gnu-tools-for-stm32.10.3-2021.10.win32_1.0.0.202111181127/tools/bin/../lib/gcc/arm-none-eabi/10.3.1/../../../../arm-none-eabi/lib/thumb/v7e-m+fp/hard\libc_nano.a(lib_a-memmove.o)
                0x000000000800500c                memmove
 .text._free_r  0x0000000008005040       0x98 d:/stm32cubeide/install/stm32cubeide_1.10.1/stm32cubeide/plugins/com.st.stm32cube.ide.mcu.externaltools.gnu-tools-for-stm32.10.3-2021.10.win32_1.0.0.202111181127/tools/bin/../lib/gcc/arm-none-eabi/10.3.1/../../../../arm-none-eabi/lib/thumb/v7e-m+fp/hard\libc_nano.a(lib_a-nano-freer.o)
                0x0000000008005040                _free_r
 .text.sbrk_aligned
                0x00000000080050d8       0x40 d:/stm32cubeide/install/stm32cubeide_1.10.1/stm32cubeide/plugins/com.st.stm32cube.ide.mcu.externaltools.gnu-tools-for-stm32.10.3-2021.10.win32_1.0.0.202111181127/tools/bin/../lib/gcc/arm-none-eabi/10.3.1/../../../../arm-none-eabi/lib/thumb/v7e-m+fp/hard\libc_nano.a(lib_a-nano-mallocr.o)
 .text._malloc_r
                0x0000000008005118       0xe8 d:/stm32cubeide/install/stm32cubeide_1.10.1/stm32cubeide/plugins/com.st.stm32cube.ide.mcu.externaltools.gnu-tools-for-stm32.10.3-2021.10.win32_1.0.0.202111181127/tools/bin/../lib/gcc/arm-none-eabi/10.3.1/../../../../arm-none-eabi/lib/thumb/v7e-m+fp/hard\libc_nano.a(lib_a-nano-mallocr.o)
                0x0000000008005118                _malloc_r
 .text._realloc_r
                0x0000000008005200       0x5e d:/stm32cubeide/install/stm32cubeide_1.10.1/stm32cubeide/plugins/com.st.stm32cube.ide.mcu.externaltools.gnu-tools-for-stm32.10.3-2021.10.win32_1.0.0.202111181127/tools/bin/../lib/gcc/arm-none-eabi/10.3.1/../../../../arm-none-eabi/lib/thumb/v7e-m+fp/hard\libc_nano.a(lib_a-nano-reallocr.o)
                0x0000000008005200                _realloc_r
 *fill*         0x000000000800525e        0x2 
 .text._sbrk_r  0x0000000008005260       0x20 d:/stm32cubeide/install/stm32cubeide_1.10.1/stm32cubeide/plugins/com.st.stm32cube.ide.mcu.externaltools.gnu-tools-for-stm32.10.3-2021.10.win32_1.0.0.202111181127/tools/bin/../lib/gcc/arm-none-eabi/10.3.1/../../../../arm-none-eabi/lib/thumb/v7e-m+fp/hard\libc_nano.a(lib_a-sbrkr.o)
                0x0000000008005260                _sbrk_r
 .text.__malloc_lock
                0x0000000008005280        0xc d:/stm32cubeide/install/stm32cubeide_1.10.1/stm32cubeide/plugins/com.st.stm32cube.ide.mcu.externaltools.gnu-tools-for-stm32.10.3-2021.10.win32_1.0.0.202111181127/tools/bin/../lib/gcc/arm-none-eabi/10.3.1/../../../../arm-none-eabi/lib/thumb/v7e-m+fp/hard\libc_nano.a(lib_a-mlock.o)
                0x0000000008005280                __malloc_lock
 .text.__malloc_unlock
                0x000000000800528c        0xc d:/stm32cubeide/install/stm32cubeide_1.10.1/stm32cubeide/plugins/com.st.stm32cube.ide.mcu.externaltools.gnu-tools-for-stm32.10.3-2021.10.win32_1.0.0.202111181127/tools/bin/../lib/gcc/arm-none-eabi/10.3.1/../../../../arm-none-eabi/lib/thumb/v7e-m+fp/hard\libc_nano.a(lib_a-mlock.o)
                0x000000000800528c                __malloc_unlock
 .text._malloc_usable_size_r
                0x0000000008005298       0x10 d:/stm32cubeide/install/stm32cubeide_1.10.1/stm32cubeide/plugins/com.st.stm32cube.ide.mcu.externaltools.gnu-tools-for-stm32.10.3-2021.10.win32_1.0.0.202111181127/tools/bin/../lib/gcc/arm-none-eabi/10.3.1/../../../../arm-none-eabi/lib/thumb/v7e-m+fp/hard\libc_nano.a(lib_a-nano-msizer.o)
                0x0000000008005298                _malloc_usable_size_r
 .text.__retarget_lock_acquire_recursive
                0x00000000080052a8        0x2 d:/stm32cubeide/install/stm32cubeide_1.10.1/stm32cubeide/plugins/com.st.stm32cube.ide.mcu.externaltools.gnu-tools-for-stm32.10.3-2021.10.win32_1.0.0.202111181127/tools/bin/../lib/gcc/arm-none-eabi/10.3.1/../../../../arm-none-eabi/lib/thumb/v7e-m+fp/hard\libc_nano.a(lib_a-lock.o)
                0x00000000080052a8                __retarget_lock_acquire_recursive
 .text.__retarget_lock_release_recursive
                0x00000000080052aa        0x2 d:/stm32cubeide/install/stm32cubeide_1.10.1/stm32cubeide/plugins/com.st.stm32cube.ide.mcu.externaltools.gnu-tools-for-stm32.10.3-2021.10.win32_1.0.0.202111181127/tools/bin/../lib/gcc/arm-none-eabi/10.3.1/../../../../arm-none-eabi/lib/thumb/v7e-m+fp/hard\libc_nano.a(lib_a-lock.o)
                0x00000000080052aa                __retarget_lock_release_recursive
 *(.glue_7)
 .glue_7        0x00000000080052ac        0x0 linker stubs
 *(.glue_7t)
 .glue_7t       0x00000000080052ac        0x0 linker stubs
 *(.eh_frame)
 .eh_frame      0x00000000080052ac        0x0 d:/stm32cubeide/install/stm32cubeide_1.10.1/stm32cubeide/plugins/com.st.stm32cube.ide.mcu.externaltools.gnu-tools-for-stm32.10.3-2021.10.win32_1.0.0.202111181127/tools/bin/../lib/gcc/arm-none-eabi/10.3.1/thumb/v7e-m+fp/hard/crtbegin.o
 *(.init)
 .init          0x00000000080052ac        0x4 d:/stm32cubeide/install/stm32cubeide_1.10.1/stm32cubeide/plugins/com.st.stm32cube.ide.mcu.externaltools.gnu-tools-for-stm32.10.3-2021.10.win32_1.0.0.202111181127/tools/bin/../lib/gcc/arm-none-eabi/10.3.1/thumb/v7e-m+fp/hard/crti.o
                0x00000000080052ac                _init
 .init          0x00000000080052b0        0x8 d:/stm32cubeide/install/stm32cubeide_1.10.1/stm32cubeide/plugins/com.st.stm32cube.ide.mcu.externaltools.gnu-tools-for-stm32.10.3-2021.10.win32_1.0.0.202111181127/tools/bin/../lib/gcc/arm-none-eabi/10.3.1/thumb/v7e-m+fp/hard/crtn.o
 *(.fini)
 .fini          0x00000000080052b8        0x4 d:/stm32cubeide/install/stm32cubeide_1.10.1/stm32cubeide/plugins/com.st.stm32cube.ide.mcu.externaltools.gnu-tools-for-stm32.10.3-2021.10.win32_1.0.0.202111181127/tools/bin/../lib/gcc/arm-none-eabi/10.3.1/thumb/v7e-m+fp/hard/crti.o
                0x00000000080052b8                _fini
 .fini          0x00000000080052bc        0x8 d:/stm32cubeide/install/stm32cubeide_1.10.1/stm32cubeide/plugins/com.st.stm32cube.ide.mcu.externaltools.gnu-tools-for-stm32.10.3-2021.10.win32_1.0.0.202111181127/tools/bin/../lib/gcc/arm-none-eabi/10.3.1/thumb/v7e-m+fp/hard/crtn.o
                0x00000000080052c4                . = ALIGN (0x4)
                0x00000000080052c4                _etext = .

.vfp11_veneer   0x00000000080052c4        0x0
 .vfp11_veneer  0x00000000080052c4        0x0 linker stubs

.v4_bx          0x00000000080052c4        0x0
 .v4_bx         0x00000000080052c4        0x0 linker stubs

.iplt           0x00000000080052c4        0x0
 .iplt          0x00000000080052c4        0x0 d:/stm32cubeide/install/stm32cubeide_1.10.1/stm32cubeide/plugins/com.st.stm32cube.ide.mcu.externaltools.gnu-tools-for-stm32.10.3-2021.10.win32_1.0.0.202111181127/tools/bin/../lib/gcc/arm-none-eabi/10.3.1/thumb/v7e-m+fp/hard/crtbegin.o

.rodata         0x00000000080052c4       0xb8
                0x00000000080052c4                . = ALIGN (0x4)
 *(.rodata)
 .rodata        0x00000000080052c4       0x69 ./Core/Src/main.o
 *(.rodata*)
 *fill*         0x000000000800532d        0x3 
 .rodata.AHBPrescTable
                0x0000000008005330       0x10 ./Core/Src/system_stm32f4xx.o
                0x0000000008005330                AHBPrescTable
 .rodata.APBPrescTable
                0x0000000008005340        0x8 ./Core/Src/system_stm32f4xx.o
                0x0000000008005340                APBPrescTable
 .rodata._svfprintf_r.str1.1
                0x0000000008005348       0x11 d:/stm32cubeide/install/stm32cubeide_1.10.1/stm32cubeide/plugins/com.st.stm32cube.ide.mcu.externaltools.gnu-tools-for-stm32.10.3-2021.10.win32_1.0.0.202111181127/tools/bin/../lib/gcc/arm-none-eabi/10.3.1/../../../../arm-none-eabi/lib/thumb/v7e-m+fp/hard\libc_nano.a(lib_a-nano-svfprintf.o)
 .rodata._printf_i.str1.1
                0x0000000008005359       0x22 d:/stm32cubeide/install/stm32cubeide_1.10.1/stm32cubeide/plugins/com.st.stm32cube.ide.mcu.externaltools.gnu-tools-for-stm32.10.3-2021.10.win32_1.0.0.202111181127/tools/bin/../lib/gcc/arm-none-eabi/10.3.1/../../../../arm-none-eabi/lib/thumb/v7e-m+fp/hard\libc_nano.a(lib_a-nano-vfprintf_i.o)
                0x000000000800537c                . = ALIGN (0x4)
 *fill*         0x000000000800537b        0x1 

.ARM.extab      0x000000000800537c        0x0
                0x000000000800537c                . = ALIGN (0x4)
 *(.ARM.extab* .gnu.linkonce.armextab.*)
                0x000000000800537c                . = ALIGN (0x4)

.ARM            0x000000000800537c        0x8
                0x000000000800537c                . = ALIGN (0x4)
                0x000000000800537c                __exidx_start = .
 *(.ARM.exidx*)
 .ARM.exidx     0x000000000800537c        0x8 d:/stm32cubeide/install/stm32cubeide_1.10.1/stm32cubeide/plugins/com.st.stm32cube.ide.mcu.externaltools.gnu-tools-for-stm32.10.3-2021.10.win32_1.0.0.202111181127/tools/bin/../lib/gcc/arm-none-eabi/10.3.1/thumb/v7e-m+fp/hard\libgcc.a(_udivmoddi4.o)
                0x0000000008005384                __exidx_end = .
                0x0000000008005384                . = ALIGN (0x4)

.rel.dyn        0x0000000008005384        0x0
 .rel.iplt      0x0000000008005384        0x0 d:/stm32cubeide/install/stm32cubeide_1.10.1/stm32cubeide/plugins/com.st.stm32cube.ide.mcu.externaltools.gnu-tools-for-stm32.10.3-2021.10.win32_1.0.0.202111181127/tools/bin/../lib/gcc/arm-none-eabi/10.3.1/thumb/v7e-m+fp/hard/crtbegin.o

.preinit_array  0x0000000008005384        0x0
                0x0000000008005384                . = ALIGN (0x4)
                0x0000000008005384                PROVIDE (__preinit_array_start = .)
 *(.preinit_array*)
                0x0000000008005384                PROVIDE (__preinit_array_end = .)
                0x0000000008005384                . = ALIGN (0x4)

.init_array     0x0000000008005384        0x4
                0x0000000008005384                . = ALIGN (0x4)
                0x0000000008005384                PROVIDE (__init_array_start = .)
 *(SORT_BY_NAME(.init_array.*))
 *(.init_array*)
 .init_array    0x0000000008005384        0x4 d:/stm32cubeide/install/stm32cubeide_1.10.1/stm32cubeide/plugins/com.st.stm32cube.ide.mcu.externaltools.gnu-tools-for-stm32.10.3-2021.10.win32_1.0.0.202111181127/tools/bin/../lib/gcc/arm-none-eabi/10.3.1/thumb/v7e-m+fp/hard/crtbegin.o
                0x0000000008005388                PROVIDE (__init_array_end = .)
                0x0000000008005388                . = ALIGN (0x4)

.fini_array     0x0000000008005388        0x4
                0x0000000008005388                . = ALIGN (0x4)
                [!provide]                        PROVIDE (__fini_array_start = .)
 *(SORT_BY_NAME(.fini_array.*))
 *(.fini_array*)
 .fini_array    0x0000000008005388        0x4 d:/stm32cubeide/install/stm32cubeide_1.10.1/stm32cubeide/plugins/com.st.stm32cube.ide.mcu.externaltools.gnu-tools-for-stm32.10.3-2021.10.win32_1.0.0.202111181127/tools/bin/../lib/gcc/arm-none-eabi/10.3.1/thumb/v7e-m+fp/hard/crtbegin.o
                [!provide]                        PROVIDE (__fini_array_end = .)
                0x000000000800538c                . = ALIGN (0x4)
                0x000000000800538c                _sidata = LOADADDR (.data)

.data           0x0000000020000000       0x88 load address 0x000000000800538c
                0x0000000020000000                . = ALIGN (0x4)
                0x0000000020000000                _sdata = .
 *(.data)
 *(.data*)
 .data.Stat     0x0000000020000000        0x1 ./Core/Src/fatfs_sd.o
 *fill*         0x0000000020000001        0x3 
 .data.SystemCoreClock
                0x0000000020000004        0x4 ./Core/Src/system_stm32f4xx.o
                0x0000000020000004                SystemCoreClock
 .data.uwTickPrio
                0x0000000020000008        0x4 ./Drivers/STM32F4xx_HAL_Driver/Src/stm32f4xx_hal.o
                0x0000000020000008                uwTickPrio
 .data.uwTickFreq
                0x000000002000000c        0x1 ./Drivers/STM32F4xx_HAL_Driver/Src/stm32f4xx_hal.o
                0x000000002000000c                uwTickFreq
 *fill*         0x000000002000000d        0x3 
 .data.USER_Driver
                0x0000000020000010       0x14 ./FATFS/Target/user_diskio.o
                0x0000000020000010                USER_Driver
 .data._impure_ptr
                0x0000000020000024        0x4 d:/stm32cubeide/install/stm32cubeide_1.10.1/stm32cubeide/plugins/com.st.stm32cube.ide.mcu.externaltools.gnu-tools-for-stm32.10.3-2021.10.win32_1.0.0.202111181127/tools/bin/../lib/gcc/arm-none-eabi/10.3.1/../../../../arm-none-eabi/lib/thumb/v7e-m+fp/hard\libc_nano.a(lib_a-impure.o)
                0x0000000020000024                _impure_ptr
 .data.impure_data
                0x0000000020000028       0x60 d:/stm32cubeide/install/stm32cubeide_1.10.1/stm32cubeide/plugins/com.st.stm32cube.ide.mcu.externaltools.gnu-tools-for-stm32.10.3-2021.10.win32_1.0.0.202111181127/tools/bin/../lib/gcc/arm-none-eabi/10.3.1/../../../../arm-none-eabi/lib/thumb/v7e-m+fp/hard\libc_nano.a(lib_a-impure.o)
 *(.RamFunc)
 *(.RamFunc*)
                0x0000000020000088                . = ALIGN (0x4)
                0x0000000020000088                _edata = .

.igot.plt       0x0000000020000088        0x0 load address 0x0000000008005414
 .igot.plt      0x0000000020000088        0x0 d:/stm32cubeide/install/stm32cubeide_1.10.1/stm32cubeide/plugins/com.st.stm32cube.ide.mcu.externaltools.gnu-tools-for-stm32.10.3-2021.10.win32_1.0.0.202111181127/tools/bin/../lib/gcc/arm-none-eabi/10.3.1/thumb/v7e-m+fp/hard/crtbegin.o
                0x0000000020000088                . = ALIGN (0x4)

.bss            0x0000000020000088     0x1760 load address 0x0000000008005414
                0x0000000020000088                _sbss = .
                0x0000000020000088                __bss_start__ = _sbss
 *(.bss)
 .bss           0x0000000020000088       0x1c d:/stm32cubeide/install/stm32cubeide_1.10.1/stm32cubeide/plugins/com.st.stm32cube.ide.mcu.externaltools.gnu-tools-for-stm32.10.3-2021.10.win32_1.0.0.202111181127/tools/bin/../lib/gcc/arm-none-eabi/10.3.1/thumb/v7e-m+fp/hard/crtbegin.o
 *(.bss*)
 .bss.CardType  0x00000000200000a4        0x1 ./Core/Src/fatfs_sd.o
 .bss.PowerFlag
                0x00000000200000a5        0x1 ./Core/Src/fatfs_sd.o
 *fill*         0x00000000200000a6        0x2 
 .bss.hspi3     0x00000000200000a8       0x58 ./Core/Src/main.o
                0x00000000200000a8                hspi3
 .bss.huart1    0x0000000020000100       0x44 ./Core/Src/main.o
                0x0000000020000100                huart1
 .bss.fs        0x0000000020000144     0x1038 ./Core/Src/main.o
                0x0000000020000144                fs
 .bss.res       0x000000002000117c        0x1 ./Core/Src/main.o
                0x000000002000117c                res
 *fill*         0x000000002000117d        0x3 
 .bss.buffer    0x0000000020001180      0x400 ./Core/Src/main.o
                0x0000000020001180                buffer
 .bss.pfs       0x0000000020001580        0x4 ./Core/Src/main.o
                0x0000000020001580                pfs
 .bss.fre_clust
                0x0000000020001584        0x4 ./Core/Src/main.o
                0x0000000020001584                fre_clust
 .bss.total     0x0000000020001588        0x4 ./Core/Src/main.o
                0x0000000020001588                total
 .bss.free_space
                0x000000002000158c        0x4 ./Core/Src/main.o
                0x000000002000158c                free_space
 .bss.FatFsCnt  0x0000000020001590        0x1 ./Core/Src/stm32f4xx_it.o
                0x0000000020001590                FatFsCnt
 .bss.Timer1    0x0000000020001591        0x1 ./Core/Src/stm32f4xx_it.o
                0x0000000020001591                Timer1
 .bss.Timer2    0x0000000020001592        0x1 ./Core/Src/stm32f4xx_it.o
                0x0000000020001592                Timer2
 *fill*         0x0000000020001593        0x1 
 .bss.__sbrk_heap_end
                0x0000000020001594        0x4 ./Core/Src/sysmem.o
 .bss.uwTick    0x0000000020001598        0x4 ./Drivers/STM32F4xx_HAL_Driver/Src/stm32f4xx_hal.o
                0x0000000020001598                uwTick
 .bss.retUSER   0x000000002000159c        0x1 ./FATFS/App/fatfs.o
                0x000000002000159c                retUSER
 *fill*         0x000000002000159d        0x3 
 .bss.USERPath  0x00000000200015a0        0x4 ./FATFS/App/fatfs.o
                0x00000000200015a0                USERPath
 .bss.FatFs     0x00000000200015a4        0x4 ./Middlewares/Third_Party/FatFs/src/ff.o
 .bss.Fsid      0x00000000200015a8        0x2 ./Middlewares/Third_Party/FatFs/src/ff.o
 *fill*         0x00000000200015aa        0x2 
 .bss.Files     0x00000000200015ac       0x20 ./Middlewares/Third_Party/FatFs/src/ff.o
 .bss.LfnBuf    0x00000000200015cc      0x200 ./Middlewares/Third_Party/FatFs/src/ff.o
 .bss.disk      0x00000000200017cc        0xc ./Middlewares/Third_Party/FatFs/src/ff_gen_drv.o
                0x00000000200017cc                disk
 .bss.__malloc_free_list
                0x00000000200017d8        0x4 d:/stm32cubeide/install/stm32cubeide_1.10.1/stm32cubeide/plugins/com.st.stm32cube.ide.mcu.externaltools.gnu-tools-for-stm32.10.3-2021.10.win32_1.0.0.202111181127/tools/bin/../lib/gcc/arm-none-eabi/10.3.1/../../../../arm-none-eabi/lib/thumb/v7e-m+fp/hard\libc_nano.a(lib_a-nano-mallocr.o)
                0x00000000200017d8                __malloc_free_list
 .bss.__malloc_sbrk_start
                0x00000000200017dc        0x4 d:/stm32cubeide/install/stm32cubeide_1.10.1/stm32cubeide/plugins/com.st.stm32cube.ide.mcu.externaltools.gnu-tools-for-stm32.10.3-2021.10.win32_1.0.0.202111181127/tools/bin/../lib/gcc/arm-none-eabi/10.3.1/../../../../arm-none-eabi/lib/thumb/v7e-m+fp/hard\libc_nano.a(lib_a-nano-mallocr.o)
                0x00000000200017dc                __malloc_sbrk_start
 .bss.errno     0x00000000200017e0        0x4 d:/stm32cubeide/install/stm32cubeide_1.10.1/stm32cubeide/plugins/com.st.stm32cube.ide.mcu.externaltools.gnu-tools-for-stm32.10.3-2021.10.win32_1.0.0.202111181127/tools/bin/../lib/gcc/arm-none-eabi/10.3.1/../../../../arm-none-eabi/lib/thumb/v7e-m+fp/hard\libc_nano.a(lib_a-reent.o)
                0x00000000200017e0                errno
 .bss.__lock___malloc_recursive_mutex
                0x00000000200017e4        0x1 d:/stm32cubeide/install/stm32cubeide_1.10.1/stm32cubeide/plugins/com.st.stm32cube.ide.mcu.externaltools.gnu-tools-for-stm32.10.3-2021.10.win32_1.0.0.202111181127/tools/bin/../lib/gcc/arm-none-eabi/10.3.1/../../../../arm-none-eabi/lib/thumb/v7e-m+fp/hard\libc_nano.a(lib_a-lock.o)
                0x00000000200017e4                __lock___malloc_recursive_mutex
 *(COMMON)
                0x00000000200017e8                . = ALIGN (0x4)
 *fill*         0x00000000200017e5        0x3 
                0x00000000200017e8                _ebss = .
                0x00000000200017e8                __bss_end__ = _ebss

._user_heap_stack
                0x00000000200017e8      0x600 load address 0x0000000008005414
                0x00000000200017e8                . = ALIGN (0x8)
                [!provide]                        PROVIDE (end = .)
                0x00000000200017e8                PROVIDE (_end = .)
                0x00000000200019e8                . = (. + _Min_Heap_Size)
 *fill*         0x00000000200017e8      0x200 
                0x0000000020001de8                . = (. + _Min_Stack_Size)
 *fill*         0x00000000200019e8      0x400 
                0x0000000020001de8                . = ALIGN (0x8)

/DISCARD/
 libc.a(*)
 libm.a(*)
 libgcc.a(*)

.ARM.attributes
                0x0000000000000000       0x30
 *(.ARM.attributes)
 .ARM.attributes
                0x0000000000000000       0x1e d:/stm32cubeide/install/stm32cubeide_1.10.1/stm32cubeide/plugins/com.st.stm32cube.ide.mcu.externaltools.gnu-tools-for-stm32.10.3-2021.10.win32_1.0.0.202111181127/tools/bin/../lib/gcc/arm-none-eabi/10.3.1/thumb/v7e-m+fp/hard/crti.o
 .ARM.attributes
                0x000000000000001e       0x34 d:/stm32cubeide/install/stm32cubeide_1.10.1/stm32cubeide/plugins/com.st.stm32cube.ide.mcu.externaltools.gnu-tools-for-stm32.10.3-2021.10.win32_1.0.0.202111181127/tools/bin/../lib/gcc/arm-none-eabi/10.3.1/thumb/v7e-m+fp/hard/crtbegin.o
 .ARM.attributes
                0x0000000000000052       0x34 ./Core/Src/fatfs_sd.o
 .ARM.attributes
                0x0000000000000086       0x34 ./Core/Src/main.o
 .ARM.attributes
                0x00000000000000ba       0x34 ./Core/Src/stm32f4xx_hal_msp.o
 .ARM.attributes
                0x00000000000000ee       0x34 ./Core/Src/stm32f4xx_it.o
 .ARM.attributes
                0x0000000000000122       0x34 ./Core/Src/sysmem.o
 .ARM.attributes
                0x0000000000000156       0x34 ./Core/Src/system_stm32f4xx.o
 .ARM.attributes
                0x000000000000018a       0x21 ./Core/Startup/startup_stm32f401cdux.o
 .ARM.attributes
                0x00000000000001ab       0x34 ./Drivers/STM32F4xx_HAL_Driver/Src/stm32f4xx_hal.o
 .ARM.attributes
                0x00000000000001df       0x34 ./Drivers/STM32F4xx_HAL_Driver/Src/stm32f4xx_hal_cortex.o
 .ARM.attributes
                0x0000000000000213       0x34 ./Drivers/STM32F4xx_HAL_Driver/Src/stm32f4xx_hal_gpio.o
 .ARM.attributes
                0x0000000000000247       0x34 ./Drivers/STM32F4xx_HAL_Driver/Src/stm32f4xx_hal_rcc.o
 .ARM.attributes
                0x000000000000027b       0x34 ./Drivers/STM32F4xx_HAL_Driver/Src/stm32f4xx_hal_spi.o
 .ARM.attributes
                0x00000000000002af       0x34 ./Drivers/STM32F4xx_HAL_Driver/Src/stm32f4xx_hal_uart.o
 .ARM.attributes
                0x00000000000002e3       0x34 ./FATFS/App/fatfs.o
 .ARM.attributes
                0x0000000000000317       0x34 ./FATFS/Target/user_diskio.o
 .ARM.attributes
                0x000000000000034b       0x34 ./Middlewares/Third_Party/FatFs/src/diskio.o
 .ARM.attributes
                0x000000000000037f       0x34 ./Middlewares/Third_Party/FatFs/src/ff.o
 .ARM.attributes
                0x00000000000003b3       0x34 ./Middlewares/Third_Party/FatFs/src/ff_gen_drv.o
 .ARM.attributes
                0x00000000000003e7       0x34 d:/stm32cubeide/install/stm32cubeide_1.10.1/stm32cubeide/plugins/com.st.stm32cube.ide.mcu.externaltools.gnu-tools-for-stm32.10.3-2021.10.win32_1.0.0.202111181127/tools/bin/../lib/gcc/arm-none-eabi/10.3.1/../../../../arm-none-eabi/lib/thumb/v7e-m+fp/hard\libc_nano.a(lib_a-errno.o)
 .ARM.attributes
                0x000000000000041b       0x34 d:/stm32cubeide/install/stm32cubeide_1.10.1/stm32cubeide/plugins/com.st.stm32cube.ide.mcu.externaltools.gnu-tools-for-stm32.10.3-2021.10.win32_1.0.0.202111181127/tools/bin/../lib/gcc/arm-none-eabi/10.3.1/../../../../arm-none-eabi/lib/thumb/v7e-m+fp/hard\libc_nano.a(lib_a-impure.o)
 .ARM.attributes
                0x000000000000044f       0x34 d:/stm32cubeide/install/stm32cubeide_1.10.1/stm32cubeide/plugins/com.st.stm32cube.ide.mcu.externaltools.gnu-tools-for-stm32.10.3-2021.10.win32_1.0.0.202111181127/tools/bin/../lib/gcc/arm-none-eabi/10.3.1/../../../../arm-none-eabi/lib/thumb/v7e-m+fp/hard\libc_nano.a(lib_a-init.o)
 .ARM.attributes
                0x0000000000000483       0x34 d:/stm32cubeide/install/stm32cubeide_1.10.1/stm32cubeide/plugins/com.st.stm32cube.ide.mcu.externaltools.gnu-tools-for-stm32.10.3-2021.10.win32_1.0.0.202111181127/tools/bin/../lib/gcc/arm-none-eabi/10.3.1/../../../../arm-none-eabi/lib/thumb/v7e-m+fp/hard\libc_nano.a(lib_a-memset.o)
 .ARM.attributes
                0x00000000000004b7       0x34 d:/stm32cubeide/install/stm32cubeide_1.10.1/stm32cubeide/plugins/com.st.stm32cube.ide.mcu.externaltools.gnu-tools-for-stm32.10.3-2021.10.win32_1.0.0.202111181127/tools/bin/../lib/gcc/arm-none-eabi/10.3.1/../../../../arm-none-eabi/lib/thumb/v7e-m+fp/hard\libc_nano.a(lib_a-sprintf.o)
 .ARM.attributes
                0x00000000000004eb       0x17 d:/stm32cubeide/install/stm32cubeide_1.10.1/stm32cubeide/plugins/com.st.stm32cube.ide.mcu.externaltools.gnu-tools-for-stm32.10.3-2021.10.win32_1.0.0.202111181127/tools/bin/../lib/gcc/arm-none-eabi/10.3.1/../../../../arm-none-eabi/lib/thumb/v7e-m+fp/hard\libc_nano.a(lib_a-strlen.o)
 .ARM.attributes
                0x0000000000000502       0x34 d:/stm32cubeide/install/stm32cubeide_1.10.1/stm32cubeide/plugins/com.st.stm32cube.ide.mcu.externaltools.gnu-tools-for-stm32.10.3-2021.10.win32_1.0.0.202111181127/tools/bin/../lib/gcc/arm-none-eabi/10.3.1/../../../../arm-none-eabi/lib/thumb/v7e-m+fp/hard\libc_nano.a(lib_a-nano-svfprintf.o)
 .ARM.attributes
                0x0000000000000536       0x34 d:/stm32cubeide/install/stm32cubeide_1.10.1/stm32cubeide/plugins/com.st.stm32cube.ide.mcu.externaltools.gnu-tools-for-stm32.10.3-2021.10.win32_1.0.0.202111181127/tools/bin/../lib/gcc/arm-none-eabi/10.3.1/../../../../arm-none-eabi/lib/thumb/v7e-m+fp/hard\libc_nano.a(lib_a-nano-vfprintf_i.o)
 .ARM.attributes
                0x000000000000056a       0x1c d:/stm32cubeide/install/stm32cubeide_1.10.1/stm32cubeide/plugins/com.st.stm32cube.ide.mcu.externaltools.gnu-tools-for-stm32.10.3-2021.10.win32_1.0.0.202111181127/tools/bin/../lib/gcc/arm-none-eabi/10.3.1/../../../../arm-none-eabi/lib/thumb/v7e-m+fp/hard\libc_nano.a(lib_a-memchr.o)
 .ARM.attributes
                0x0000000000000586       0x34 d:/stm32cubeide/install/stm32cubeide_1.10.1/stm32cubeide/plugins/com.st.stm32cube.ide.mcu.externaltools.gnu-tools-for-stm32.10.3-2021.10.win32_1.0.0.202111181127/tools/bin/../lib/gcc/arm-none-eabi/10.3.1/../../../../arm-none-eabi/lib/thumb/v7e-m+fp/hard\libc_nano.a(lib_a-memcpy-stub.o)
 .ARM.attributes
                0x00000000000005ba       0x34 d:/stm32cubeide/install/stm32cubeide_1.10.1/stm32cubeide/plugins/com.st.stm32cube.ide.mcu.externaltools.gnu-tools-for-stm32.10.3-2021.10.win32_1.0.0.202111181127/tools/bin/../lib/gcc/arm-none-eabi/10.3.1/../../../../arm-none-eabi/lib/thumb/v7e-m+fp/hard\libc_nano.a(lib_a-memmove.o)
 .ARM.attributes
                0x00000000000005ee       0x34 d:/stm32cubeide/install/stm32cubeide_1.10.1/stm32cubeide/plugins/com.st.stm32cube.ide.mcu.externaltools.gnu-tools-for-stm32.10.3-2021.10.win32_1.0.0.202111181127/tools/bin/../lib/gcc/arm-none-eabi/10.3.1/../../../../arm-none-eabi/lib/thumb/v7e-m+fp/hard\libc_nano.a(lib_a-nano-freer.o)
 .ARM.attributes
                0x0000000000000622       0x34 d:/stm32cubeide/install/stm32cubeide_1.10.1/stm32cubeide/plugins/com.st.stm32cube.ide.mcu.externaltools.gnu-tools-for-stm32.10.3-2021.10.win32_1.0.0.202111181127/tools/bin/../lib/gcc/arm-none-eabi/10.3.1/../../../../arm-none-eabi/lib/thumb/v7e-m+fp/hard\libc_nano.a(lib_a-nano-mallocr.o)
 .ARM.attributes
                0x0000000000000656       0x34 d:/stm32cubeide/install/stm32cubeide_1.10.1/stm32cubeide/plugins/com.st.stm32cube.ide.mcu.externaltools.gnu-tools-for-stm32.10.3-2021.10.win32_1.0.0.202111181127/tools/bin/../lib/gcc/arm-none-eabi/10.3.1/../../../../arm-none-eabi/lib/thumb/v7e-m+fp/hard\libc_nano.a(lib_a-nano-reallocr.o)
 .ARM.attributes
                0x000000000000068a       0x34 d:/stm32cubeide/install/stm32cubeide_1.10.1/stm32cubeide/plugins/com.st.stm32cube.ide.mcu.externaltools.gnu-tools-for-stm32.10.3-2021.10.win32_1.0.0.202111181127/tools/bin/../lib/gcc/arm-none-eabi/10.3.1/../../../../arm-none-eabi/lib/thumb/v7e-m+fp/hard\libc_nano.a(lib_a-sbrkr.o)
 .ARM.attributes
                0x00000000000006be       0x34 d:/stm32cubeide/install/stm32cubeide_1.10.1/stm32cubeide/plugins/com.st.stm32cube.ide.mcu.externaltools.gnu-tools-for-stm32.10.3-2021.10.win32_1.0.0.202111181127/tools/bin/../lib/gcc/arm-none-eabi/10.3.1/../../../../arm-none-eabi/lib/thumb/v7e-m+fp/hard\libc_nano.a(lib_a-mlock.o)
 .ARM.attributes
                0x00000000000006f2       0x34 d:/stm32cubeide/install/stm32cubeide_1.10.1/stm32cubeide/plugins/com.st.stm32cube.ide.mcu.externaltools.gnu-tools-for-stm32.10.3-2021.10.win32_1.0.0.202111181127/tools/bin/../lib/gcc/arm-none-eabi/10.3.1/../../../../arm-none-eabi/lib/thumb/v7e-m+fp/hard\libc_nano.a(lib_a-nano-msizer.o)
 .ARM.attributes
                0x0000000000000726       0x34 d:/stm32cubeide/install/stm32cubeide_1.10.1/stm32cubeide/plugins/com.st.stm32cube.ide.mcu.externaltools.gnu-tools-for-stm32.10.3-2021.10.win32_1.0.0.202111181127/tools/bin/../lib/gcc/arm-none-eabi/10.3.1/../../../../arm-none-eabi/lib/thumb/v7e-m+fp/hard\libc_nano.a(lib_a-reent.o)
 .ARM.attributes
                0x000000000000075a       0x34 d:/stm32cubeide/install/stm32cubeide_1.10.1/stm32cubeide/plugins/com.st.stm32cube.ide.mcu.externaltools.gnu-tools-for-stm32.10.3-2021.10.win32_1.0.0.202111181127/tools/bin/../lib/gcc/arm-none-eabi/10.3.1/../../../../arm-none-eabi/lib/thumb/v7e-m+fp/hard\libc_nano.a(lib_a-lock.o)
 .ARM.attributes
                0x000000000000078e       0x1e d:/stm32cubeide/install/stm32cubeide_1.10.1/stm32cubeide/plugins/com.st.stm32cube.ide.mcu.externaltools.gnu-tools-for-stm32.10.3-2021.10.win32_1.0.0.202111181127/tools/bin/../lib/gcc/arm-none-eabi/10.3.1/thumb/v7e-m+fp/hard\libgcc.a(_arm_muldf3.o)
 .ARM.attributes
                0x00000000000007ac       0x1e d:/stm32cubeide/install/stm32cubeide_1.10.1/stm32cubeide/plugins/com.st.stm32cube.ide.mcu.externaltools.gnu-tools-for-stm32.10.3-2021.10.win32_1.0.0.202111181127/tools/bin/../lib/gcc/arm-none-eabi/10.3.1/thumb/v7e-m+fp/hard\libgcc.a(_arm_addsubdf3.o)
 .ARM.attributes
                0x00000000000007ca       0x1e d:/stm32cubeide/install/stm32cubeide_1.10.1/stm32cubeide/plugins/com.st.stm32cube.ide.mcu.externaltools.gnu-tools-for-stm32.10.3-2021.10.win32_1.0.0.202111181127/tools/bin/../lib/gcc/arm-none-eabi/10.3.1/thumb/v7e-m+fp/hard\libgcc.a(_arm_fixunsdfsi.o)
 .ARM.attributes
                0x00000000000007e8       0x1e d:/stm32cubeide/install/stm32cubeide_1.10.1/stm32cubeide/plugins/com.st.stm32cube.ide.mcu.externaltools.gnu-tools-for-stm32.10.3-2021.10.win32_1.0.0.202111181127/tools/bin/../lib/gcc/arm-none-eabi/10.3.1/thumb/v7e-m+fp/hard\libgcc.a(_aeabi_uldivmod.o)
 .ARM.attributes
                0x0000000000000806       0x34 d:/stm32cubeide/install/stm32cubeide_1.10.1/stm32cubeide/plugins/com.st.stm32cube.ide.mcu.externaltools.gnu-tools-for-stm32.10.3-2021.10.win32_1.0.0.202111181127/tools/bin/../lib/gcc/arm-none-eabi/10.3.1/thumb/v7e-m+fp/hard\libgcc.a(_udivmoddi4.o)
 .ARM.attributes
                0x000000000000083a       0x1e d:/stm32cubeide/install/stm32cubeide_1.10.1/stm32cubeide/plugins/com.st.stm32cube.ide.mcu.externaltools.gnu-tools-for-stm32.10.3-2021.10.win32_1.0.0.202111181127/tools/bin/../lib/gcc/arm-none-eabi/10.3.1/thumb/v7e-m+fp/hard\libgcc.a(_dvmd_tls.o)
 .ARM.attributes
                0x0000000000000858       0x1e d:/stm32cubeide/install/stm32cubeide_1.10.1/stm32cubeide/plugins/com.st.stm32cube.ide.mcu.externaltools.gnu-tools-for-stm32.10.3-2021.10.win32_1.0.0.202111181127/tools/bin/../lib/gcc/arm-none-eabi/10.3.1/thumb/v7e-m+fp/hard/crtn.o
OUTPUT(SD_Card_Example.elf elf32-littlearm)
LOAD linker stubs
LOAD d:/stm32cubeide/install/stm32cubeide_1.10.1/stm32cubeide/plugins/com.st.stm32cube.ide.mcu.externaltools.gnu-tools-for-stm32.10.3-2021.10.win32_1.0.0.202111181127/tools/bin/../lib/gcc/arm-none-eabi/10.3.1/../../../../arm-none-eabi/lib/thumb/v7e-m+fp/hard\libc.a
LOAD d:/stm32cubeide/install/stm32cubeide_1.10.1/stm32cubeide/plugins/com.st.stm32cube.ide.mcu.externaltools.gnu-tools-for-stm32.10.3-2021.10.win32_1.0.0.202111181127/tools/bin/../lib/gcc/arm-none-eabi/10.3.1/../../../../arm-none-eabi/lib/thumb/v7e-m+fp/hard\libm.a
LOAD d:/stm32cubeide/install/stm32cubeide_1.10.1/stm32cubeide/plugins/com.st.stm32cube.ide.mcu.externaltools.gnu-tools-for-stm32.10.3-2021.10.win32_1.0.0.202111181127/tools/bin/../lib/gcc/arm-none-eabi/10.3.1/thumb/v7e-m+fp/hard\libgcc.a

.debug_info     0x0000000000000000     0xdf9a
 .debug_info    0x0000000000000000      0xcbf ./Core/Src/fatfs_sd.o
 .debug_info    0x0000000000000cbf     0x140c ./Core/Src/main.o
 .debug_info    0x00000000000020cb      0xca9 ./Core/Src/stm32f4xx_hal_msp.o
 .debug_info    0x0000000000002d74      0x18f ./Core/Src/stm32f4xx_it.o
 .debug_info    0x0000000000002f03      0x171 ./Core/Src/sysmem.o
 .debug_info    0x0000000000003074      0x54f ./Core/Src/system_stm32f4xx.o
 .debug_info    0x00000000000035c3       0x22 ./Core/Startup/startup_stm32f401cdux.o
 .debug_info    0x00000000000035e5      0x906 ./Drivers/STM32F4xx_HAL_Driver/Src/stm32f4xx_hal.o
 .debug_info    0x0000000000003eeb      0xd85 ./Drivers/STM32F4xx_HAL_Driver/Src/stm32f4xx_hal_cortex.o
 .debug_info    0x0000000000004c70      0x78e ./Drivers/STM32F4xx_HAL_Driver/Src/stm32f4xx_hal_gpio.o
 .debug_info    0x00000000000053fe      0x98c ./Drivers/STM32F4xx_HAL_Driver/Src/stm32f4xx_hal_rcc.o
 .debug_info    0x0000000000005d8a     0x1750 ./Drivers/STM32F4xx_HAL_Driver/Src/stm32f4xx_hal_spi.o
 .debug_info    0x00000000000074da     0x31b4 ./Drivers/STM32F4xx_HAL_Driver/Src/stm32f4xx_hal_uart.o
 .debug_info    0x000000000000a68e      0x526 ./FATFS/App/fatfs.o
 .debug_info    0x000000000000abb4      0x3dc ./FATFS/Target/user_diskio.o
 .debug_info    0x000000000000af90      0x412 ./Middlewares/Third_Party/FatFs/src/diskio.o
 .debug_info    0x000000000000b3a2     0x284f ./Middlewares/Third_Party/FatFs/src/ff.o
 .debug_info    0x000000000000dbf1      0x3a9 ./Middlewares/Third_Party/FatFs/src/ff_gen_drv.o

.debug_abbrev   0x0000000000000000     0x2141
 .debug_abbrev  0x0000000000000000      0x2b1 ./Core/Src/fatfs_sd.o
 .debug_abbrev  0x00000000000002b1      0x2ff ./Core/Src/main.o
 .debug_abbrev  0x00000000000005b0      0x19b ./Core/Src/stm32f4xx_hal_msp.o
 .debug_abbrev  0x000000000000074b       0xb0 ./Core/Src/stm32f4xx_it.o
 .debug_abbrev  0x00000000000007fb       0xbb ./Core/Src/sysmem.o
 .debug_abbrev  0x00000000000008b6      0x116 ./Core/Src/system_stm32f4xx.o
 .debug_abbrev  0x00000000000009cc       0x12 ./Core/Startup/startup_stm32f401cdux.o
 .debug_abbrev  0x00000000000009de      0x23e ./Drivers/STM32F4xx_HAL_Driver/Src/stm32f4xx_hal.o
 .debug_abbrev  0x0000000000000c1c      0x316 ./Drivers/STM32F4xx_HAL_Driver/Src/stm32f4xx_hal_cortex.o
 .debug_abbrev  0x0000000000000f32      0x1c4 ./Drivers/STM32F4xx_HAL_Driver/Src/stm32f4xx_hal_gpio.o
 .debug_abbrev  0x00000000000010f6      0x2aa ./Drivers/STM32F4xx_HAL_Driver/Src/stm32f4xx_hal_rcc.o
 .debug_abbrev  0x00000000000013a0      0x26e ./Drivers/STM32F4xx_HAL_Driver/Src/stm32f4xx_hal_spi.o
 .debug_abbrev  0x000000000000160e      0x305 ./Drivers/STM32F4xx_HAL_Driver/Src/stm32f4xx_hal_uart.o
 .debug_abbrev  0x0000000000001913      0x15a ./FATFS/App/fatfs.o
 .debug_abbrev  0x0000000000001a6d      0x155 ./FATFS/Target/user_diskio.o
 .debug_abbrev  0x0000000000001bc2      0x178 ./Middlewares/Third_Party/FatFs/src/diskio.o
 .debug_abbrev  0x0000000000001d3a      0x271 ./Middlewares/Third_Party/FatFs/src/ff.o
 .debug_abbrev  0x0000000000001fab      0x196 ./Middlewares/Third_Party/FatFs/src/ff_gen_drv.o

.debug_aranges  0x0000000000000000      0xbe0
 .debug_aranges
                0x0000000000000000       0xa0 ./Core/Src/fatfs_sd.o
 .debug_aranges
                0x00000000000000a0       0x50 ./Core/Src/main.o
 .debug_aranges
                0x00000000000000f0       0x40 ./Core/Src/stm32f4xx_hal_msp.o
 .debug_aranges
                0x0000000000000130       0x68 ./Core/Src/stm32f4xx_it.o
 .debug_aranges
                0x0000000000000198       0x20 ./Core/Src/sysmem.o
 .debug_aranges
                0x00000000000001b8       0x28 ./Core/Src/system_stm32f4xx.o
 .debug_aranges
                0x00000000000001e0       0x28 ./Core/Startup/startup_stm32f401cdux.o
 .debug_aranges
                0x0000000000000208       0xf0 ./Drivers/STM32F4xx_HAL_Driver/Src/stm32f4xx_hal.o
 .debug_aranges
                0x00000000000002f8      0x118 ./Drivers/STM32F4xx_HAL_Driver/Src/stm32f4xx_hal_cortex.o
 .debug_aranges
                0x0000000000000410       0x58 ./Drivers/STM32F4xx_HAL_Driver/Src/stm32f4xx_hal_gpio.o
 .debug_aranges
                0x0000000000000468       0x88 ./Drivers/STM32F4xx_HAL_Driver/Src/stm32f4xx_hal_rcc.o
 .debug_aranges
                0x00000000000004f0      0x1d0 ./Drivers/STM32F4xx_HAL_Driver/Src/stm32f4xx_hal_spi.o
 .debug_aranges
                0x00000000000006c0      0x200 ./Drivers/STM32F4xx_HAL_Driver/Src/stm32f4xx_hal_uart.o
 .debug_aranges
                0x00000000000008c0       0x28 ./FATFS/App/fatfs.o
 .debug_aranges
                0x00000000000008e8       0x40 ./FATFS/Target/user_diskio.o
 .debug_aranges
                0x0000000000000928       0x48 ./Middlewares/Third_Party/FatFs/src/diskio.o
 .debug_aranges
                0x0000000000000970      0x230 ./Middlewares/Third_Party/FatFs/src/ff.o
 .debug_aranges
                0x0000000000000ba0       0x40 ./Middlewares/Third_Party/FatFs/src/ff_gen_drv.o

.debug_ranges   0x0000000000000000      0xaf8
 .debug_ranges  0x0000000000000000       0x90 ./Core/Src/fatfs_sd.o
 .debug_ranges  0x0000000000000090       0x40 ./Core/Src/main.o
 .debug_ranges  0x00000000000000d0       0x30 ./Core/Src/stm32f4xx_hal_msp.o
 .debug_ranges  0x0000000000000100       0x58 ./Core/Src/stm32f4xx_it.o
 .debug_ranges  0x0000000000000158       0x10 ./Core/Src/sysmem.o
 .debug_ranges  0x0000000000000168       0x18 ./Core/Src/system_stm32f4xx.o
 .debug_ranges  0x0000000000000180       0x20 ./Core/Startup/startup_stm32f401cdux.o
 .debug_ranges  0x00000000000001a0       0xe0 ./Drivers/STM32F4xx_HAL_Driver/Src/stm32f4xx_hal.o
 .debug_ranges  0x0000000000000280      0x108 ./Drivers/STM32F4xx_HAL_Driver/Src/stm32f4xx_hal_cortex.o
 .debug_ranges  0x0000000000000388       0x48 ./Drivers/STM32F4xx_HAL_Driver/Src/stm32f4xx_hal_gpio.o
 .debug_ranges  0x00000000000003d0       0x78 ./Drivers/STM32F4xx_HAL_Driver/Src/stm32f4xx_hal_rcc.o
 .debug_ranges  0x0000000000000448      0x1c0 ./Drivers/STM32F4xx_HAL_Driver/Src/stm32f4xx_hal_spi.o
 .debug_ranges  0x0000000000000608      0x220 ./Drivers/STM32F4xx_HAL_Driver/Src/stm32f4xx_hal_uart.o
 .debug_ranges  0x0000000000000828       0x18 ./FATFS/App/fatfs.o
 .debug_ranges  0x0000000000000840       0x30 ./FATFS/Target/user_diskio.o
 .debug_ranges  0x0000000000000870       0x38 ./Middlewares/Third_Party/FatFs/src/diskio.o
 .debug_ranges  0x00000000000008a8      0x220 ./Middlewares/Third_Party/FatFs/src/ff.o
 .debug_ranges  0x0000000000000ac8       0x30 ./Middlewares/Third_Party/FatFs/src/ff_gen_drv.o

.debug_macro    0x0000000000000000    0x170d4
 .debug_macro   0x0000000000000000      0x203 ./Core/Src/fatfs_sd.o
 .debug_macro   0x0000000000000203      0xa78 ./Core/Src/fatfs_sd.o
 .debug_macro   0x0000000000000c7b      0x29b ./Core/Src/fatfs_sd.o
 .debug_macro   0x0000000000000f16       0x2e ./Core/Src/fatfs_sd.o
 .debug_macro   0x0000000000000f44       0x28 ./Core/Src/fatfs_sd.o
 .debug_macro   0x0000000000000f6c       0x22 ./Core/Src/fatfs_sd.o
 .debug_macro   0x0000000000000f8e       0x8e ./Core/Src/fatfs_sd.o
 .debug_macro   0x000000000000101c       0x51 ./Core/Src/fatfs_sd.o
 .debug_macro   0x000000000000106d      0x103 ./Core/Src/fatfs_sd.o
 .debug_macro   0x0000000000001170       0x6a ./Core/Src/fatfs_sd.o
 .debug_macro   0x00000000000011da      0x1df ./Core/Src/fatfs_sd.o
 .debug_macro   0x00000000000013b9       0x1c ./Core/Src/fatfs_sd.o
 .debug_macro   0x00000000000013d5       0x22 ./Core/Src/fatfs_sd.o
 .debug_macro   0x00000000000013f7       0xd9 ./Core/Src/fatfs_sd.o
 .debug_macro   0x00000000000014d0     0x102d ./Core/Src/fatfs_sd.o
 .debug_macro   0x00000000000024fd      0x11f ./Core/Src/fatfs_sd.o
 .debug_macro   0x000000000000261c     0xb86c ./Core/Src/fatfs_sd.o
 .debug_macro   0x000000000000de88       0x6d ./Core/Src/fatfs_sd.o
 .debug_macro   0x000000000000def5     0x367e ./Core/Src/fatfs_sd.o
 .debug_macro   0x0000000000011573      0x174 ./Core/Src/fatfs_sd.o
 .debug_macro   0x00000000000116e7       0x5c ./Core/Src/fatfs_sd.o
 .debug_macro   0x0000000000011743      0x416 ./Core/Src/fatfs_sd.o
 .debug_macro   0x0000000000011b59      0x9fe ./Core/Src/fatfs_sd.o
 .debug_macro   0x0000000000012557      0x115 ./Core/Src/fatfs_sd.o
 .debug_macro   0x000000000001266c       0xf8 ./Core/Src/fatfs_sd.o
 .debug_macro   0x0000000000012764       0xa5 ./Core/Src/fatfs_sd.o
 .debug_macro   0x0000000000012809      0x15f ./Core/Src/fatfs_sd.o
 .debug_macro   0x0000000000012968      0x287 ./Core/Src/fatfs_sd.o
 .debug_macro   0x0000000000012bef       0x5f ./Core/Src/fatfs_sd.o
 .debug_macro   0x0000000000012c4e      0x236 ./Core/Src/fatfs_sd.o
 .debug_macro   0x0000000000012e84      0x132 ./Core/Src/fatfs_sd.o
 .debug_macro   0x0000000000012fb6      0x264 ./Core/Src/fatfs_sd.o
 .debug_macro   0x000000000001321a       0x2e ./Core/Src/fatfs_sd.o
 .debug_macro   0x0000000000013248      0x11a ./Core/Src/fatfs_sd.o
 .debug_macro   0x0000000000013362       0x85 ./Core/Src/fatfs_sd.o
 .debug_macro   0x00000000000133e7       0x89 ./Core/Src/fatfs_sd.o
 .debug_macro   0x0000000000013470      0x225 ./Core/Src/fatfs_sd.o
 .debug_macro   0x0000000000013695      0x295 ./Core/Src/fatfs_sd.o
 .debug_macro   0x000000000001392a      0x126 ./Core/Src/fatfs_sd.o
 .debug_macro   0x0000000000013a50       0x16 ./Core/Src/fatfs_sd.o
 .debug_macro   0x0000000000013a66       0x7c ./Core/Src/fatfs_sd.o
 .debug_macro   0x0000000000013ae2       0x70 ./Core/Src/fatfs_sd.o
 .debug_macro   0x0000000000013b52      0x32b ./Core/Src/main.o
 .debug_macro   0x0000000000013e7d       0x10 ./Core/Src/main.o
 .debug_macro   0x0000000000013e8d       0xeb ./Core/Src/main.o
 .debug_macro   0x0000000000013f78       0x1e ./Core/Src/main.o
 .debug_macro   0x0000000000013f96       0x52 ./Core/Src/main.o
 .debug_macro   0x0000000000013fe8       0x3c ./Core/Src/main.o
 .debug_macro   0x0000000000014024       0x34 ./Core/Src/main.o
 .debug_macro   0x0000000000014058       0x16 ./Core/Src/main.o
 .debug_macro   0x000000000001406e       0x35 ./Core/Src/main.o
 .debug_macro   0x00000000000140a3       0x16 ./Core/Src/main.o
 .debug_macro   0x00000000000140b9       0x43 ./Core/Src/main.o
 .debug_macro   0x00000000000140fc       0x34 ./Core/Src/main.o
 .debug_macro   0x0000000000014130       0x10 ./Core/Src/main.o
 .debug_macro   0x0000000000014140       0x58 ./Core/Src/main.o
 .debug_macro   0x0000000000014198       0x71 ./Core/Src/main.o
 .debug_macro   0x0000000000014209       0x1c ./Core/Src/main.o
 .debug_macro   0x0000000000014225      0x12a ./Core/Src/main.o
 .debug_macro   0x000000000001434f      0x341 ./Core/Src/main.o
 .debug_macro   0x0000000000014690       0x16 ./Core/Src/main.o
 .debug_macro   0x00000000000146a6       0x29 ./Core/Src/main.o
 .debug_macro   0x00000000000146cf       0x12 ./Core/Src/main.o
 .debug_macro   0x00000000000146e1       0xe2 ./Core/Src/main.o
 .debug_macro   0x00000000000147c3       0x8e ./Core/Src/main.o
 .debug_macro   0x0000000000014851       0x16 ./Core/Src/main.o
 .debug_macro   0x0000000000014867       0x20 ./Core/Src/main.o
 .debug_macro   0x0000000000014887      0x1d3 ./Core/Src/stm32f4xx_hal_msp.o
 .debug_macro   0x0000000000014a5a      0x1dd ./Core/Src/stm32f4xx_it.o
 .debug_macro   0x0000000000014c37       0xff ./Core/Src/sysmem.o
 .debug_macro   0x0000000000014d36      0x23b ./Core/Src/sysmem.o
 .debug_macro   0x0000000000014f71      0x1c4 ./Core/Src/system_stm32f4xx.o
 .debug_macro   0x0000000000015135      0x224 ./Drivers/STM32F4xx_HAL_Driver/Src/stm32f4xx_hal.o
 .debug_macro   0x0000000000015359      0x1c4 ./Drivers/STM32F4xx_HAL_Driver/Src/stm32f4xx_hal_cortex.o
 .debug_macro   0x000000000001551d      0x1ca ./Drivers/STM32F4xx_HAL_Driver/Src/stm32f4xx_hal_gpio.o
 .debug_macro   0x00000000000156e7      0x1e8 ./Drivers/STM32F4xx_HAL_Driver/Src/stm32f4xx_hal_rcc.o
 .debug_macro   0x00000000000158cf      0x1d3 ./Drivers/STM32F4xx_HAL_Driver/Src/stm32f4xx_hal_spi.o
 .debug_macro   0x0000000000015aa2      0x1c5 ./Drivers/STM32F4xx_HAL_Driver/Src/stm32f4xx_hal_uart.o
 .debug_macro   0x0000000000015c67      0x2f8 ./FATFS/App/fatfs.o
 .debug_macro   0x0000000000015f5f       0xe5 ./FATFS/App/fatfs.o
 .debug_macro   0x0000000000016044      0x315 ./FATFS/Target/user_diskio.o
 .debug_macro   0x0000000000016359       0x10 ./FATFS/Target/user_diskio.o
 .debug_macro   0x0000000000016369       0x56 ./FATFS/Target/user_diskio.o
 .debug_macro   0x00000000000163bf      0x2e5 ./Middlewares/Third_Party/FatFs/src/diskio.o
 .debug_macro   0x00000000000166a4      0x6f3 ./Middlewares/Third_Party/FatFs/src/ff.o
 .debug_macro   0x0000000000016d97       0x58 ./Middlewares/Third_Party/FatFs/src/ff.o
 .debug_macro   0x0000000000016def      0x2e5 ./Middlewares/Third_Party/FatFs/src/ff_gen_drv.o

.debug_line     0x0000000000000000    0x114e3
 .debug_line    0x0000000000000000      0xdd4 ./Core/Src/fatfs_sd.o
 .debug_line    0x0000000000000dd4      0xba3 ./Core/Src/main.o
 .debug_line    0x0000000000001977      0x7b3 ./Core/Src/stm32f4xx_hal_msp.o
 .debug_line    0x000000000000212a      0x812 ./Core/Src/stm32f4xx_it.o
 .debug_line    0x000000000000293c      0x63a ./Core/Src/sysmem.o
 .debug_line    0x0000000000002f76      0x79b ./Core/Src/system_stm32f4xx.o
 .debug_line    0x0000000000003711       0x88 ./Core/Startup/startup_stm32f401cdux.o
 .debug_line    0x0000000000003799      0xa01 ./Drivers/STM32F4xx_HAL_Driver/Src/stm32f4xx_hal.o
 .debug_line    0x000000000000419a      0xcb0 ./Drivers/STM32F4xx_HAL_Driver/Src/stm32f4xx_hal_cortex.o
 .debug_line    0x0000000000004e4a      0xb39 ./Drivers/STM32F4xx_HAL_Driver/Src/stm32f4xx_hal_gpio.o
 .debug_line    0x0000000000005983      0xd7b ./Drivers/STM32F4xx_HAL_Driver/Src/stm32f4xx_hal_rcc.o
 .debug_line    0x00000000000066fe     0x1c8b ./Drivers/STM32F4xx_HAL_Driver/Src/stm32f4xx_hal_spi.o
 .debug_line    0x0000000000008389     0x2aa6 ./Drivers/STM32F4xx_HAL_Driver/Src/stm32f4xx_hal_uart.o
 .debug_line    0x000000000000ae2f      0x9dc ./FATFS/App/fatfs.o
 .debug_line    0x000000000000b80b      0xa32 ./FATFS/Target/user_diskio.o
 .debug_line    0x000000000000c23d      0xa4b ./Middlewares/Third_Party/FatFs/src/diskio.o
 .debug_line    0x000000000000cc88     0x3df2 ./Middlewares/Third_Party/FatFs/src/ff.o
 .debug_line    0x0000000000010a7a      0xa69 ./Middlewares/Third_Party/FatFs/src/ff_gen_drv.o

.debug_str      0x0000000000000000    0x87917
 .debug_str     0x0000000000000000    0x808a3 ./Core/Src/fatfs_sd.o
                                      0x80ba7 (size before relaxing)
 .debug_str     0x00000000000808a3     0x3ae2 ./Core/Src/main.o
                                      0x844e8 (size before relaxing)
 .debug_str     0x0000000000084385       0x8d ./Core/Src/stm32f4xx_hal_msp.o
                                      0x80a0f (size before relaxing)
 .debug_str     0x0000000000084412       0xf9 ./Core/Src/stm32f4xx_it.o
                                      0x8032b (size before relaxing)
 .debug_str     0x000000000008450b      0x4da ./Core/Src/sysmem.o
                                       0x5d9c (size before relaxing)
 .debug_str     0x00000000000849e5       0xdb ./Core/Src/system_stm32f4xx.o
                                      0x803f1 (size before relaxing)
 .debug_str     0x0000000000084ac0       0x36 ./Core/Startup/startup_stm32f401cdux.o
                                         0x5e (size before relaxing)
 .debug_str     0x0000000000084af6      0x9a4 ./Drivers/STM32F4xx_HAL_Driver/Src/stm32f4xx_hal.o
                                      0x80e13 (size before relaxing)
 .debug_str     0x000000000008549a      0x354 ./Drivers/STM32F4xx_HAL_Driver/Src/stm32f4xx_hal_cortex.o
                                      0x80b34 (size before relaxing)
 .debug_str     0x00000000000857ee      0x121 ./Drivers/STM32F4xx_HAL_Driver/Src/stm32f4xx_hal_gpio.o
                                      0x8056c (size before relaxing)
 .debug_str     0x000000000008590f      0x20a ./Drivers/STM32F4xx_HAL_Driver/Src/stm32f4xx_hal_rcc.o
                                      0x80825 (size before relaxing)
 .debug_str     0x0000000000085b19      0x563 ./Drivers/STM32F4xx_HAL_Driver/Src/stm32f4xx_hal_spi.o
                                      0x80ca3 (size before relaxing)
 .debug_str     0x000000000008607c      0x5f3 ./Drivers/STM32F4xx_HAL_Driver/Src/stm32f4xx_hal_uart.o
                                      0x80db2 (size before relaxing)
 .debug_str     0x000000000008666f       0x74 ./FATFS/App/fatfs.o
                                      0x838d7 (size before relaxing)
 .debug_str     0x00000000000866e3       0x5a ./FATFS/Target/user_diskio.o
                                      0x8388d (size before relaxing)
 .debug_str     0x000000000008673d       0x52 ./Middlewares/Third_Party/FatFs/src/diskio.o
                                      0x837d3 (size before relaxing)
 .debug_str     0x000000000008678f     0x10f7 ./Middlewares/Third_Party/FatFs/src/ff.o
                                      0x84ada (size before relaxing)
 .debug_str     0x0000000000087886       0x91 ./Middlewares/Third_Party/FatFs/src/ff_gen_drv.o
                                      0x83824 (size before relaxing)

.comment        0x0000000000000000       0x50
 .comment       0x0000000000000000       0x50 ./Core/Src/fatfs_sd.o
                                         0x51 (size before relaxing)
 .comment       0x0000000000000050       0x51 ./Core/Src/main.o
 .comment       0x0000000000000050       0x51 ./Core/Src/stm32f4xx_hal_msp.o
 .comment       0x0000000000000050       0x51 ./Core/Src/stm32f4xx_it.o
 .comment       0x0000000000000050       0x51 ./Core/Src/sysmem.o
 .comment       0x0000000000000050       0x51 ./Core/Src/system_stm32f4xx.o
 .comment       0x0000000000000050       0x51 ./Drivers/STM32F4xx_HAL_Driver/Src/stm32f4xx_hal.o
 .comment       0x0000000000000050       0x51 ./Drivers/STM32F4xx_HAL_Driver/Src/stm32f4xx_hal_cortex.o
 .comment       0x0000000000000050       0x51 ./Drivers/STM32F4xx_HAL_Driver/Src/stm32f4xx_hal_gpio.o
 .comment       0x0000000000000050       0x51 ./Drivers/STM32F4xx_HAL_Driver/Src/stm32f4xx_hal_rcc.o
 .comment       0x0000000000000050       0x51 ./Drivers/STM32F4xx_HAL_Driver/Src/stm32f4xx_hal_spi.o
 .comment       0x0000000000000050       0x51 ./Drivers/STM32F4xx_HAL_Driver/Src/stm32f4xx_hal_uart.o
 .comment       0x0000000000000050       0x51 ./FATFS/App/fatfs.o
 .comment       0x0000000000000050       0x51 ./FATFS/Target/user_diskio.o
 .comment       0x0000000000000050       0x51 ./Middlewares/Third_Party/FatFs/src/diskio.o
 .comment       0x0000000000000050       0x51 ./Middlewares/Third_Party/FatFs/src/ff.o
 .comment       0x0000000000000050       0x51 ./Middlewares/Third_Party/FatFs/src/ff_gen_drv.o

.debug_frame    0x0000000000000000     0x34f8
 .debug_frame   0x0000000000000000      0x268 ./Core/Src/fatfs_sd.o
 .debug_frame   0x0000000000000268       0xe8 ./Core/Src/main.o
 .debug_frame   0x0000000000000350       0xc8 ./Core/Src/stm32f4xx_hal_msp.o
 .debug_frame   0x0000000000000418      0x128 ./Core/Src/stm32f4xx_it.o
 .debug_frame   0x0000000000000540       0x34 ./Core/Src/sysmem.o
 .debug_frame   0x0000000000000574       0x58 ./Core/Src/system_stm32f4xx.o
 .debug_frame   0x00000000000005cc      0x374 ./Drivers/STM32F4xx_HAL_Driver/Src/stm32f4xx_hal.o
 .debug_frame   0x0000000000000940      0x498 ./Drivers/STM32F4xx_HAL_Driver/Src/stm32f4xx_hal_cortex.o
 .debug_frame   0x0000000000000dd8      0x14c ./Drivers/STM32F4xx_HAL_Driver/Src/stm32f4xx_hal_gpio.o
 .debug_frame   0x0000000000000f24      0x1f4 ./Drivers/STM32F4xx_HAL_Driver/Src/stm32f4xx_hal_rcc.o
 .debug_frame   0x0000000000001118      0x824 ./Drivers/STM32F4xx_HAL_Driver/Src/stm32f4xx_hal_spi.o
 .debug_frame   0x000000000000193c      0x92c ./Drivers/STM32F4xx_HAL_Driver/Src/stm32f4xx_hal_uart.o
 .debug_frame   0x0000000000002268       0x4c ./FATFS/App/fatfs.o
 .debug_frame   0x00000000000022b4       0xc4 ./FATFS/Target/user_diskio.o
 .debug_frame   0x0000000000002378       0xec ./Middlewares/Third_Party/FatFs/src/diskio.o
 .debug_frame   0x0000000000002464      0xa0c ./Middlewares/Third_Party/FatFs/src/ff.o
 .debug_frame   0x0000000000002e70       0xc8 ./Middlewares/Third_Party/FatFs/src/ff_gen_drv.o
 .debug_frame   0x0000000000002f38       0x20 d:/stm32cubeide/install/stm32cubeide_1.10.1/stm32cubeide/plugins/com.st.stm32cube.ide.mcu.externaltools.gnu-tools-for-stm32.10.3-2021.10.win32_1.0.0.202111181127/tools/bin/../lib/gcc/arm-none-eabi/10.3.1/../../../../arm-none-eabi/lib/thumb/v7e-m+fp/hard\libc_nano.a(lib_a-errno.o)
 .debug_frame   0x0000000000002f58       0x2c d:/stm32cubeide/install/stm32cubeide_1.10.1/stm32cubeide/plugins/com.st.stm32cube.ide.mcu.externaltools.gnu-tools-for-stm32.10.3-2021.10.win32_1.0.0.202111181127/tools/bin/../lib/gcc/arm-none-eabi/10.3.1/../../../../arm-none-eabi/lib/thumb/v7e-m+fp/hard\libc_nano.a(lib_a-init.o)
 .debug_frame   0x0000000000002f84       0x20 d:/stm32cubeide/install/stm32cubeide_1.10.1/stm32cubeide/plugins/com.st.stm32cube.ide.mcu.externaltools.gnu-tools-for-stm32.10.3-2021.10.win32_1.0.0.202111181127/tools/bin/../lib/gcc/arm-none-eabi/10.3.1/../../../../arm-none-eabi/lib/thumb/v7e-m+fp/hard\libc_nano.a(lib_a-memset.o)
 .debug_frame   0x0000000000002fa4       0x6c d:/stm32cubeide/install/stm32cubeide_1.10.1/stm32cubeide/plugins/com.st.stm32cube.ide.mcu.externaltools.gnu-tools-for-stm32.10.3-2021.10.win32_1.0.0.202111181127/tools/bin/../lib/gcc/arm-none-eabi/10.3.1/../../../../arm-none-eabi/lib/thumb/v7e-m+fp/hard\libc_nano.a(lib_a-sprintf.o)
 .debug_frame   0x0000000000003010       0x90 d:/stm32cubeide/install/stm32cubeide_1.10.1/stm32cubeide/plugins/com.st.stm32cube.ide.mcu.externaltools.gnu-tools-for-stm32.10.3-2021.10.win32_1.0.0.202111181127/tools/bin/../lib/gcc/arm-none-eabi/10.3.1/../../../../arm-none-eabi/lib/thumb/v7e-m+fp/hard\libc_nano.a(lib_a-nano-svfprintf.o)
 .debug_frame   0x00000000000030a0       0x60 d:/stm32cubeide/install/stm32cubeide_1.10.1/stm32cubeide/plugins/com.st.stm32cube.ide.mcu.externaltools.gnu-tools-for-stm32.10.3-2021.10.win32_1.0.0.202111181127/tools/bin/../lib/gcc/arm-none-eabi/10.3.1/../../../../arm-none-eabi/lib/thumb/v7e-m+fp/hard\libc_nano.a(lib_a-nano-vfprintf_i.o)
 .debug_frame   0x0000000000003100       0x28 d:/stm32cubeide/install/stm32cubeide_1.10.1/stm32cubeide/plugins/com.st.stm32cube.ide.mcu.externaltools.gnu-tools-for-stm32.10.3-2021.10.win32_1.0.0.202111181127/tools/bin/../lib/gcc/arm-none-eabi/10.3.1/../../../../arm-none-eabi/lib/thumb/v7e-m+fp/hard\libc_nano.a(lib_a-memcpy-stub.o)
 .debug_frame   0x0000000000003128       0x28 d:/stm32cubeide/install/stm32cubeide_1.10.1/stm32cubeide/plugins/com.st.stm32cube.ide.mcu.externaltools.gnu-tools-for-stm32.10.3-2021.10.win32_1.0.0.202111181127/tools/bin/../lib/gcc/arm-none-eabi/10.3.1/../../../../arm-none-eabi/lib/thumb/v7e-m+fp/hard\libc_nano.a(lib_a-memmove.o)
 .debug_frame   0x0000000000003150       0x38 d:/stm32cubeide/install/stm32cubeide_1.10.1/stm32cubeide/plugins/com.st.stm32cube.ide.mcu.externaltools.gnu-tools-for-stm32.10.3-2021.10.win32_1.0.0.202111181127/tools/bin/../lib/gcc/arm-none-eabi/10.3.1/../../../../arm-none-eabi/lib/thumb/v7e-m+fp/hard\libc_nano.a(lib_a-nano-freer.o)
 .debug_frame   0x0000000000003188       0x4c d:/stm32cubeide/install/stm32cubeide_1.10.1/stm32cubeide/plugins/com.st.stm32cube.ide.mcu.externaltools.gnu-tools-for-stm32.10.3-2021.10.win32_1.0.0.202111181127/tools/bin/../lib/gcc/arm-none-eabi/10.3.1/../../../../arm-none-eabi/lib/thumb/v7e-m+fp/hard\libc_nano.a(lib_a-nano-mallocr.o)
 .debug_frame   0x00000000000031d4       0x3c d:/stm32cubeide/install/stm32cubeide_1.10.1/stm32cubeide/plugins/com.st.stm32cube.ide.mcu.externaltools.gnu-tools-for-stm32.10.3-2021.10.win32_1.0.0.202111181127/tools/bin/../lib/gcc/arm-none-eabi/10.3.1/../../../../arm-none-eabi/lib/thumb/v7e-m+fp/hard\libc_nano.a(lib_a-nano-reallocr.o)
 .debug_frame   0x0000000000003210       0x2c d:/stm32cubeide/install/stm32cubeide_1.10.1/stm32cubeide/plugins/com.st.stm32cube.ide.mcu.externaltools.gnu-tools-for-stm32.10.3-2021.10.win32_1.0.0.202111181127/tools/bin/../lib/gcc/arm-none-eabi/10.3.1/../../../../arm-none-eabi/lib/thumb/v7e-m+fp/hard\libc_nano.a(lib_a-sbrkr.o)
 .debug_frame   0x000000000000323c       0x30 d:/stm32cubeide/install/stm32cubeide_1.10.1/stm32cubeide/plugins/com.st.stm32cube.ide.mcu.externaltools.gnu-tools-for-stm32.10.3-2021.10.win32_1.0.0.202111181127/tools/bin/../lib/gcc/arm-none-eabi/10.3.1/../../../../arm-none-eabi/lib/thumb/v7e-m+fp/hard\libc_nano.a(lib_a-mlock.o)
 .debug_frame   0x000000000000326c       0x20 d:/stm32cubeide/install/stm32cubeide_1.10.1/stm32cubeide/plugins/com.st.stm32cube.ide.mcu.externaltools.gnu-tools-for-stm32.10.3-2021.10.win32_1.0.0.202111181127/tools/bin/../lib/gcc/arm-none-eabi/10.3.1/../../../../arm-none-eabi/lib/thumb/v7e-m+fp/hard\libc_nano.a(lib_a-nano-msizer.o)
 .debug_frame   0x000000000000328c       0x5c d:/stm32cubeide/install/stm32cubeide_1.10.1/stm32cubeide/plugins/com.st.stm32cube.ide.mcu.externaltools.gnu-tools-for-stm32.10.3-2021.10.win32_1.0.0.202111181127/tools/bin/../lib/gcc/arm-none-eabi/10.3.1/../../../../arm-none-eabi/lib/thumb/v7e-m+fp/hard\libc_nano.a(lib_a-reent.o)
 .debug_frame   0x00000000000032e8       0xb0 d:/stm32cubeide/install/stm32cubeide_1.10.1/stm32cubeide/plugins/com.st.stm32cube.ide.mcu.externaltools.gnu-tools-for-stm32.10.3-2021.10.win32_1.0.0.202111181127/tools/bin/../lib/gcc/arm-none-eabi/10.3.1/../../../../arm-none-eabi/lib/thumb/v7e-m+fp/hard\libc_nano.a(lib_a-lock.o)
 .debug_frame   0x0000000000003398       0x30 d:/stm32cubeide/install/stm32cubeide_1.10.1/stm32cubeide/plugins/com.st.stm32cube.ide.mcu.externaltools.gnu-tools-for-stm32.10.3-2021.10.win32_1.0.0.202111181127/tools/bin/../lib/gcc/arm-none-eabi/10.3.1/thumb/v7e-m+fp/hard\libgcc.a(_arm_muldf3.o)
 .debug_frame   0x00000000000033c8       0xac d:/stm32cubeide/install/stm32cubeide_1.10.1/stm32cubeide/plugins/com.st.stm32cube.ide.mcu.externaltools.gnu-tools-for-stm32.10.3-2021.10.win32_1.0.0.202111181127/tools/bin/../lib/gcc/arm-none-eabi/10.3.1/thumb/v7e-m+fp/hard\libgcc.a(_arm_addsubdf3.o)
 .debug_frame   0x0000000000003474       0x24 d:/stm32cubeide/install/stm32cubeide_1.10.1/stm32cubeide/plugins/com.st.stm32cube.ide.mcu.externaltools.gnu-tools-for-stm32.10.3-2021.10.win32_1.0.0.202111181127/tools/bin/../lib/gcc/arm-none-eabi/10.3.1/thumb/v7e-m+fp/hard\libgcc.a(_arm_fixunsdfsi.o)
 .debug_frame   0x0000000000003498       0x2c d:/stm32cubeide/install/stm32cubeide_1.10.1/stm32cubeide/plugins/com.st.stm32cube.ide.mcu.externaltools.gnu-tools-for-stm32.10.3-2021.10.win32_1.0.0.202111181127/tools/bin/../lib/gcc/arm-none-eabi/10.3.1/thumb/v7e-m+fp/hard\libgcc.a(_aeabi_uldivmod.o)
 .debug_frame   0x00000000000034c4       0x34 d:/stm32cubeide/install/stm32cubeide_1.10.1/stm32cubeide/plugins/com.st.stm32cube.ide.mcu.externaltools.gnu-tools-for-stm32.10.3-2021.10.win32_1.0.0.202111181127/tools/bin/../lib/gcc/arm-none-eabi/10.3.1/thumb/v7e-m+fp/hard\libgcc.a(_udivmoddi4.o)
