Archive member included to satisfy reference by file (symbol)

d:/stm32cubeide/install/stm32cubeide_1.10.1/stm32cubeide/plugins/com.st.stm32cube.ide.mcu.externaltools.gnu-tools-for-stm32.10.3-2021.10.win32_1.0.0.202111181127/tools/bin/../lib/gcc/arm-none-eabi/10.3.1/../../../../arm-none-eabi/lib/thumb/v7e-m+fp/hard\libc_nano.a(lib_a-errno.o)
                              ./Core/Src/syscalls.o (__errno)
d:/stm32cubeide/install/stm32cubeide_1.10.1/stm32cubeide/plugins/com.st.stm32cube.ide.mcu.externaltools.gnu-tools-for-stm32.10.3-2021.10.win32_1.0.0.202111181127/tools/bin/../lib/gcc/arm-none-eabi/10.3.1/../../../../arm-none-eabi/lib/thumb/v7e-m+fp/hard\libc_nano.a(lib_a-exit.o)
                              d:/stm32cubeide/install/stm32cubeide_1.10.1/stm32cubeide/plugins/com.st.stm32cube.ide.mcu.externaltools.gnu-tools-for-stm32.10.3-2021.10.win32_1.0.0.202111181127/tools/bin/../lib/gcc/arm-none-eabi/10.3.1/../../../../arm-none-eabi/lib/thumb/v7e-m+fp/hard/crt0.o (exit)
d:/stm32cubeide/install/stm32cubeide_1.10.1/stm32cubeide/plugins/com.st.stm32cube.ide.mcu.externaltools.gnu-tools-for-stm32.10.3-2021.10.win32_1.0.0.202111181127/tools/bin/../lib/gcc/arm-none-eabi/10.3.1/../../../../arm-none-eabi/lib/thumb/v7e-m+fp/hard\libc_nano.a(lib_a-impure.o)
                              d:/stm32cubeide/install/stm32cubeide_1.10.1/stm32cubeide/plugins/com.st.stm32cube.ide.mcu.externaltools.gnu-tools-for-stm32.10.3-2021.10.win32_1.0.0.202111181127/tools/bin/../lib/gcc/arm-none-eabi/10.3.1/../../../../arm-none-eabi/lib/thumb/v7e-m+fp/hard\libc_nano.a(lib_a-exit.o) (_global_impure_ptr)
d:/stm32cubeide/install/stm32cubeide_1.10.1/stm32cubeide/plugins/com.st.stm32cube.ide.mcu.externaltools.gnu-tools-for-stm32.10.3-2021.10.win32_1.0.0.202111181127/tools/bin/../lib/gcc/arm-none-eabi/10.3.1/../../../../arm-none-eabi/lib/thumb/v7e-m+fp/hard\libc_nano.a(lib_a-init.o)
                              d:/stm32cubeide/install/stm32cubeide_1.10.1/stm32cubeide/plugins/com.st.stm32cube.ide.mcu.externaltools.gnu-tools-for-stm32.10.3-2021.10.win32_1.0.0.202111181127/tools/bin/../lib/gcc/arm-none-eabi/10.3.1/../../../../arm-none-eabi/lib/thumb/v7e-m+fp/hard/crt0.o (__libc_init_array)
d:/stm32cubeide/install/stm32cubeide_1.10.1/stm32cubeide/plugins/com.st.stm32cube.ide.mcu.externaltools.gnu-tools-for-stm32.10.3-2021.10.win32_1.0.0.202111181127/tools/bin/../lib/gcc/arm-none-eabi/10.3.1/../../../../arm-none-eabi/lib/thumb/v7e-m+fp/hard\libc_nano.a(lib_a-memset.o)
                              d:/stm32cubeide/install/stm32cubeide_1.10.1/stm32cubeide/plugins/com.st.stm32cube.ide.mcu.externaltools.gnu-tools-for-stm32.10.3-2021.10.win32_1.0.0.202111181127/tools/bin/../lib/gcc/arm-none-eabi/10.3.1/../../../../arm-none-eabi/lib/thumb/v7e-m+fp/hard/crt0.o (memset)
d:/stm32cubeide/install/stm32cubeide_1.10.1/stm32cubeide/plugins/com.st.stm32cube.ide.mcu.externaltools.gnu-tools-for-stm32.10.3-2021.10.win32_1.0.0.202111181127/tools/bin/../lib/gcc/arm-none-eabi/10.3.1/../../../../arm-none-eabi/lib/thumb/v7e-m+fp/hard\libc_nano.a(lib_a-strlen.o)
                              ./Core/Src/main.o (strlen)
d:/stm32cubeide/install/stm32cubeide_1.10.1/stm32cubeide/plugins/com.st.stm32cube.ide.mcu.externaltools.gnu-tools-for-stm32.10.3-2021.10.win32_1.0.0.202111181127/tools/bin/../lib/gcc/arm-none-eabi/10.3.1/thumb/v7e-m+fp/hard\libgcc.a(_aeabi_uldivmod.o)
                              ./Drivers/STM32F4xx_HAL_Driver/Src/stm32f4xx_hal_rcc.o (__aeabi_uldivmod)
d:/stm32cubeide/install/stm32cubeide_1.10.1/stm32cubeide/plugins/com.st.stm32cube.ide.mcu.externaltools.gnu-tools-for-stm32.10.3-2021.10.win32_1.0.0.202111181127/tools/bin/../lib/gcc/arm-none-eabi/10.3.1/thumb/v7e-m+fp/hard\libgcc.a(_udivmoddi4.o)
                              d:/stm32cubeide/install/stm32cubeide_1.10.1/stm32cubeide/plugins/com.st.stm32cube.ide.mcu.externaltools.gnu-tools-for-stm32.10.3-2021.10.win32_1.0.0.202111181127/tools/bin/../lib/gcc/arm-none-eabi/10.3.1/thumb/v7e-m+fp/hard\libgcc.a(_aeabi_uldivmod.o) (__udivmoddi4)
d:/stm32cubeide/install/stm32cubeide_1.10.1/stm32cubeide/plugins/com.st.stm32cube.ide.mcu.externaltools.gnu-tools-for-stm32.10.3-2021.10.win32_1.0.0.202111181127/tools/bin/../lib/gcc/arm-none-eabi/10.3.1/thumb/v7e-m+fp/hard\libgcc.a(_dvmd_tls.o)
                              d:/stm32cubeide/install/stm32cubeide_1.10.1/stm32cubeide/plugins/com.st.stm32cube.ide.mcu.externaltools.gnu-tools-for-stm32.10.3-2021.10.win32_1.0.0.202111181127/tools/bin/../lib/gcc/arm-none-eabi/10.3.1/thumb/v7e-m+fp/hard\libgcc.a(_aeabi_uldivmod.o) (__aeabi_ldiv0)

Discarded input sections

 .text          0x0000000000000000        0x0 d:/stm32cubeide/install/stm32cubeide_1.10.1/stm32cubeide/plugins/com.st.stm32cube.ide.mcu.externaltools.gnu-tools-for-stm32.10.3-2021.10.win32_1.0.0.202111181127/tools/bin/../lib/gcc/arm-none-eabi/10.3.1/thumb/v7e-m+fp/hard/crti.o
[...]
Memory Configuration

Name             Origin             Length             Attributes
RAM              0x0000000020000000 0x0000000000018000 xrw
FLASH            0x0000000008000000 0x0000000000060000 xr
*default*        0x0000000000000000 0xffffffffffffffff

Linker script and memory map

LOAD d:/stm32cubeide/install/stm32cubeide_1.10.1/stm32cubeide/plugins/com.st.stm32cube.ide.mcu.externaltools.gnu-tools-for-stm32.10.3-2021.10.win32_1.0.0.202111181127/tools/bin/../lib/gcc/arm-none-eabi/10.3.1/thumb/v7e-m+fp/hard/crti.o
LOAD d:/stm32cubeide/install/stm32cubeide_1.10.1/stm32cubeide/plugins/com.st.stm32cube.ide.mcu.externaltools.gnu-tools-for-stm32.10.3-2021.10.win32_1.0.0.202111181127/tools/bin/../lib/gcc/arm-none-eabi/10.3.1/thumb/v7e-m+fp/hard/crtbegin.o
LOAD d:/stm32cubeide/install/stm32cubeide_1.10.1/stm32cubeide/plugins/com.st.stm32cube.ide.mcu.externaltools.gnu-tools-for-stm32.10.3-2021.10.win32_1.0.0.202111181127/tools/bin/../lib/gcc/arm-none-eabi/10.3.1/../../../../arm-none-eabi/lib/thumb/v7e-m+fp/hard/crt0.o
LOAD ./Core/Src/fatfs_sd.o
LOAD ./Core/Src/main.o
LOAD ./Core/Src/stm32f4xx_hal_msp.o
LOAD ./Core/Src/stm32f4xx_it.o
LOAD ./Core/Src/syscalls.o
LOAD ./Core/Src/sysmem.o
LOAD ./Core/Src/system_stm32f4xx.o
LOAD ./Core/Startup/startup_stm32f401cdux.o
LOAD ./Drivers/STM32F4xx_HAL_Driver/Src/stm32f4xx_hal.o
LOAD ./Drivers/STM32F4xx_HAL_Driver/Src/stm32f4xx_hal_cortex.o
LOAD ./Drivers/STM32F4xx_HAL_Driver/Src/stm32f4xx_hal_dma.o
LOAD ./Drivers/STM32F4xx_HAL_Driver/Src/stm32f4xx_hal_dma_ex.o
LOAD ./Drivers/STM32F4xx_HAL_Driver/Src/stm32f4xx_hal_exti.o
LOAD ./Drivers/STM32F4xx_HAL_Driver/Src/stm32f4xx_hal_flash.o
LOAD ./Drivers/STM32F4xx_HAL_Driver/Src/stm32f4xx_hal_flash_ex.o
LOAD ./Drivers/STM32F4xx_HAL_Driver/Src/stm32f4xx_hal_flash_ramfunc.o
LOAD ./Drivers/STM32F4xx_HAL_Driver/Src/stm32f4xx_hal_gpio.o
LOAD ./Drivers/STM32F4xx_HAL_Driver/Src/stm32f4xx_hal_pwr.o
LOAD ./Drivers/STM32F4xx_HAL_Driver/Src/stm32f4xx_hal_pwr_ex.o
LOAD ./Drivers/STM32F4xx_HAL_Driver/Src/stm32f4xx_hal_rcc.o
LOAD ./Drivers/STM32F4xx_HAL_Driver/Src/stm32f4xx_hal_rcc_ex.o
LOAD ./Drivers/STM32F4xx_HAL_Driver/Src/stm32f4xx_hal_spi.o
LOAD ./Drivers/STM32F4xx_HAL_Driver/Src/stm32f4xx_hal_uart.o
LOAD ./FATFS/App/fatfs.o
LOAD ./FATFS/Target/user_diskio.o
LOAD ./Middlewares/Third_Party/FatFs/src/diskio.o
LOAD ./Middlewares/Third_Party/FatFs/src/ff.o
LOAD ./Middlewares/Third_Party/FatFs/src/ff_gen_drv.o
LOAD ./Middlewares/Third_Party/FatFs/src/option/ccsbcs.o
LOAD ./Middlewares/Third_Party/FatFs/src/option/syscall.o
START GROUP
LOAD d:/stm32cubeide/install/stm32cubeide_1.10.1/stm32cubeide/plugins/com.st.stm32cube.ide.mcu.externaltools.gnu-tools-for-stm32.10.3-2021.10.win32_1.0.0.202111181127/tools/bin/../lib/gcc/arm-none-eabi/10.3.1/../../../../arm-none-eabi/lib/thumb/v7e-m+fp/hard\libc_nano.a
LOAD d:/stm32cubeide/install/stm32cubeide_1.10.1/stm32cubeide/plugins/com.st.stm32cube.ide.mcu.externaltools.gnu-tools-for-stm32.10.3-2021.10.win32_1.0.0.202111181127/tools/bin/../lib/gcc/arm-none-eabi/10.3.1/../../../../arm-none-eabi/lib/thumb/v7e-m+fp/hard\libm.a
END GROUP
START GROUP
LOAD d:/stm32cubeide/install/stm32cubeide_1.10.1/stm32cubeide/plugins/com.st.stm32cube.ide.mcu.externaltools.gnu-tools-for-stm32.10.3-2021.10.win32_1.0.0.202111181127/tools/bin/../lib/gcc/arm-none-eabi/10.3.1/thumb/v7e-m+fp/hard\libgcc.a
LOAD d:/stm32cubeide/install/stm32cubeide_1.10.1/stm32cubeide/plugins/com.st.stm32cube.ide.mcu.externaltools.gnu-tools-for-stm32.10.3-2021.10.win32_1.0.0.202111181127/tools/bin/../lib/gcc/arm-none-eabi/10.3.1/../../../../arm-none-eabi/lib/thumb/v7e-m+fp/hard\libc_nano.a
END GROUP
START GROUP
LOAD d:/stm32cubeide/install/stm32cubeide_1.10.1/stm32cubeide/plugins/com.st.stm32cube.ide.mcu.externaltools.gnu-tools-for-stm32.10.3-2021.10.win32_1.0.0.202111181127/tools/bin/../lib/gcc/arm-none-eabi/10.3.1/thumb/v7e-m+fp/hard\libgcc.a
LOAD d:/stm32cubeide/install/stm32cubeide_1.10.1/stm32cubeide/plugins/com.st.stm32cube.ide.mcu.externaltools.gnu-tools-for-stm32.10.3-2021.10.win32_1.0.0.202111181127/tools/bin/../lib/gcc/arm-none-eabi/10.3.1/../../../../arm-none-eabi/lib/thumb/v7e-m+fp/hard\libc_nano.a
LOAD d:/stm32cubeide/install/stm32cubeide_1.10.1/stm32cubeide/plugins/com.st.stm32cube.ide.mcu.externaltools.gnu-tools-for-stm32.10.3-2021.10.win32_1.0.0.202111181127/tools/bin/../lib/gcc/arm-none-eabi/10.3.1/../../../../arm-none-eabi/lib/thumb/v7e-m+fp/hard\libnosys.a
END GROUP
START GROUP
LOAD d:/stm32cubeide/install/stm32cubeide_1.10.1/stm32cubeide/plugins/com.st.stm32cube.ide.mcu.externaltools.gnu-tools-for-stm32.10.3-2021.10.win32_1.0.0.202111181127/tools/bin/../lib/gcc/arm-none-eabi/10.3.1/thumb/v7e-m+fp/hard\libgcc.a
LOAD d:/stm32cubeide/install/stm32cubeide_1.10.1/stm32cubeide/plugins/com.st.stm32cube.ide.mcu.externaltools.gnu-tools-for-stm32.10.3-2021.10.win32_1.0.0.202111181127/tools/bin/../lib/gcc/arm-none-eabi/10.3.1/../../../../arm-none-eabi/lib/thumb/v7e-m+fp/hard\libc_nano.a
LOAD d:/stm32cubeide/install/stm32cubeide_1.10.1/stm32cubeide/plugins/com.st.stm32cube.ide.mcu.externaltools.gnu-tools-for-stm32.10.3-2021.10.win32_1.0.0.202111181127/tools/bin/../lib/gcc/arm-none-eabi/10.3.1/../../../../arm-none-eabi/lib/thumb/v7e-m+fp/hard\libnosys.a
END GROUP
LOAD d:/stm32cubeide/install/stm32cubeide_1.10.1/stm32cubeide/plugins/com.st.stm32cube.ide.mcu.externaltools.gnu-tools-for-stm32.10.3-2021.10.win32_1.0.0.202111181127/tools/bin/../lib/gcc/arm-none-eabi/10.3.1/thumb/v7e-m+fp/hard/crtend.o
LOAD d:/stm32cubeide/install/stm32cubeide_1.10.1/stm32cubeide/plugins/com.st.stm32cube.ide.mcu.externaltools.gnu-tools-for-stm32.10.3-2021.10.win32_1.0.0.202111181127/tools/bin/../lib/gcc/arm-none-eabi/10.3.1/thumb/v7e-m+fp/hard/crtn.o
                0x0000000020018000                _estack = (ORIGIN (RAM) + LENGTH (RAM))
                0x0000000000000200                _Min_Heap_Size = 0x200
                0x0000000000000400                _Min_Stack_Size = 0x400

.isr_vector     0x0000000008000000      0x194
                0x0000000008000000                . = ALIGN (0x4)
 *(.isr_vector)
 .isr_vector    0x0000000008000000      0x194 ./Core/Startup/startup_stm32f401cdux.o
                0x0000000008000000                g_pfnVectors
                0x0000000008000194                . = ALIGN (0x4)

.text           0x0000000008000194     0x6714
                0x0000000008000194                . = ALIGN (0x4)
 *(.text)
 .text          0x0000000008000194       0x40 d:/stm32cubeide/install/stm32cubeide_1.10.1/stm32cubeide/plugins/com.st.stm32cube.ide.mcu.externaltools.gnu-tools-for-stm32.10.3-2021.10.win32_1.0.0.202111181127/tools/bin/../lib/gcc/arm-none-eabi/10.3.1/thumb/v7e-m+fp/hard/crtbegin.o
 .text          0x00000000080001d4       0x10 d:/stm32cubeide/install/stm32cubeide_1.10.1/stm32cubeide/plugins/com.st.stm32cube.ide.mcu.externaltools.gnu-tools-for-stm32.10.3-2021.10.win32_1.0.0.202111181127/tools/bin/../lib/gcc/arm-none-eabi/10.3.1/../../../../arm-none-eabi/lib/thumb/v7e-m+fp/hard\libc_nano.a(lib_a-strlen.o)
                0x00000000080001d4                strlen
 .text          0x00000000080001e4       0x30 d:/stm32cubeide/install/stm32cubeide_1.10.1/stm32cubeide/plugins/com.st.stm32cube.ide.mcu.externaltools.gnu-tools-for-stm32.10.3-2021.10.win32_1.0.0.202111181127/tools/bin/../lib/gcc/arm-none-eabi/10.3.1/thumb/v7e-m+fp/hard\libgcc.a(_aeabi_uldivmod.o)
                0x00000000080001e4                __aeabi_uldivmod
 .text          0x0000000008000214      0x2d0 d:/stm32cubeide/install/stm32cubeide_1.10.1/stm32cubeide/plugins/com.st.stm32cube.ide.mcu.externaltools.gnu-tools-for-stm32.10.3-2021.10.win32_1.0.0.202111181127/tools/bin/../lib/gcc/arm-none-eabi/10.3.1/thumb/v7e-m+fp/hard\libgcc.a(_udivmoddi4.o)
                0x0000000008000214                __udivmoddi4
 .text          0x00000000080004e4        0x4 d:/stm32cubeide/install/stm32cubeide_1.10.1/stm32cubeide/plugins/com.st.stm32cube.ide.mcu.externaltools.gnu-tools-for-stm32.10.3-2021.10.win32_1.0.0.202111181127/tools/bin/../lib/gcc/arm-none-eabi/10.3.1/thumb/v7e-m+fp/hard\libgcc.a(_dvmd_tls.o)
                0x00000000080004e4                __aeabi_idiv0
                0x00000000080004e4                __aeabi_ldiv0
 *(.text*)
 .text.SELECT   0x00000000080004e8       0x18 ./Core/Src/fatfs_sd.o
 .text.DESELECT
                0x0000000008000500       0x18 ./Core/Src/fatfs_sd.o
 .text.SPI_TxByte
                0x0000000008000518       0x34 ./Core/Src/fatfs_sd.o
 .text.SPI_RxByte
                0x000000000800054c       0x3c ./Core/Src/fatfs_sd.o
 .text.SPI_RxBytePtr
                0x0000000008000588       0x1c ./Core/Src/fatfs_sd.o
 .text.SD_ReadyWait
                0x00000000080005a4       0x38 ./Core/Src/fatfs_sd.o
 .text.SD_PowerOn
                0x00000000080005dc       0x98 ./Core/Src/fatfs_sd.o
 .text.SD_PowerOff
                0x0000000008000674       0x18 ./Core/Src/fatfs_sd.o
 .text.SD_CheckPower
                0x000000000800068c       0x18 ./Core/Src/fatfs_sd.o
 .text.SD_RxDataBlock
                0x00000000080006a4       0x6c ./Core/Src/fatfs_sd.o
 .text.SD_TxDataBlock
                0x0000000008000710       0xa8 ./Core/Src/fatfs_sd.o
 .text.SD_SendCmd
                0x00000000080007b8       0xa4 ./Core/Src/fatfs_sd.o
 .text.SD_disk_initialize
                0x000000000800085c      0x1d4 ./Core/Src/fatfs_sd.o
                0x000000000800085c                SD_disk_initialize
 .text.SD_disk_status
                0x0000000008000a30       0x2c ./Core/Src/fatfs_sd.o
                0x0000000008000a30                SD_disk_status
 .text.SD_disk_read
                0x0000000008000a5c       0xd4 ./Core/Src/fatfs_sd.o
                0x0000000008000a5c                SD_disk_read
 .text.SD_disk_write
                0x0000000008000b30      0x108 ./Core/Src/fatfs_sd.o
                0x0000000008000b30                SD_disk_write
 .text.SD_disk_ioctl
                0x0000000008000c38      0x264 ./Core/Src/fatfs_sd.o
                0x0000000008000c38                SD_disk_ioctl
 .text.send_uart
                0x0000000008000e9c       0x30 ./Core/Src/main.o
                0x0000000008000e9c                send_uart
 .text.main     0x0000000008000ecc      0x16c ./Core/Src/main.o
                0x0000000008000ecc                main
 .text.SystemClock_Config
                0x0000000008001038       0xc0 ./Core/Src/main.o
                0x0000000008001038                SystemClock_Config
 .text.MX_SPI3_Init
                0x00000000080010f8       0x6c ./Core/Src/main.o
 .text.MX_USART1_UART_Init
                0x0000000008001164       0x54 ./Core/Src/main.o
 .text.MX_GPIO_Init
                0x00000000080011b8       0xa4 ./Core/Src/main.o
 .text.Error_Handler
                0x000000000800125c        0xa ./Core/Src/main.o
                0x000000000800125c                Error_Handler
 *fill*         0x0000000008001266        0x2 
 .text.HAL_MspInit
                0x0000000008001268       0x50 ./Core/Src/stm32f4xx_hal_msp.o
                0x0000000008001268                HAL_MspInit
 .text.HAL_SPI_MspInit
                0x00000000080012b8       0x90 ./Core/Src/stm32f4xx_hal_msp.o
                0x00000000080012b8                HAL_SPI_MspInit
 .text.HAL_UART_MspInit
                0x0000000008001348       0x90 ./Core/Src/stm32f4xx_hal_msp.o
                0x0000000008001348                HAL_UART_MspInit
 .text.SDTimer_Handler
                0x00000000080013d8       0x48 ./Core/Src/stm32f4xx_it.o
                0x00000000080013d8                SDTimer_Handler
 .text.NMI_Handler
                0x0000000008001420        0xa ./Core/Src/stm32f4xx_it.o
                0x0000000008001420                NMI_Handler
 .text.HardFault_Handler
                0x000000000800142a        0x6 ./Core/Src/stm32f4xx_it.o
                0x000000000800142a                HardFault_Handler
 .text.MemManage_Handler
                0x0000000008001430        0x6 ./Core/Src/stm32f4xx_it.o
                0x0000000008001430                MemManage_Handler
 .text.BusFault_Handler
                0x0000000008001436        0x6 ./Core/Src/stm32f4xx_it.o
                0x0000000008001436                BusFault_Handler
 .text.UsageFault_Handler
                0x000000000800143c        0x6 ./Core/Src/stm32f4xx_it.o
                0x000000000800143c                UsageFault_Handler
 .text.SVC_Handler
                0x0000000008001442        0xe ./Core/Src/stm32f4xx_it.o
                0x0000000008001442                SVC_Handler
 .text.DebugMon_Handler
                0x0000000008001450        0xe ./Core/Src/stm32f4xx_it.o
                0x0000000008001450                DebugMon_Handler
 .text.PendSV_Handler
                0x000000000800145e        0xe ./Core/Src/stm32f4xx_it.o
                0x000000000800145e                PendSV_Handler
 .text.SysTick_Handler
                0x000000000800146c       0x34 ./Core/Src/stm32f4xx_it.o
                0x000000000800146c                SysTick_Handler
 .text.SystemInit
                0x00000000080014a0       0x24 ./Core/Src/system_stm32f4xx.o
                0x00000000080014a0                SystemInit
 .text.Reset_Handler
                0x00000000080014c4       0x50 ./Core/Startup/startup_stm32f401cdux.o
                0x00000000080014c4                Reset_Handler
 .text.Default_Handler
                0x0000000008001514        0x2 ./Core/Startup/startup_stm32f401cdux.o
                0x0000000008001514                RTC_Alarm_IRQHandler
                0x0000000008001514                EXTI2_IRQHandler
                0x0000000008001514                SPI4_IRQHandler
                0x0000000008001514                TIM1_CC_IRQHandler
                0x0000000008001514                DMA2_Stream5_IRQHandler
                0x0000000008001514                DMA1_Stream5_IRQHandler
                0x0000000008001514                PVD_IRQHandler
                0x0000000008001514                SDIO_IRQHandler
                0x0000000008001514                TAMP_STAMP_IRQHandler
                0x0000000008001514                EXTI3_IRQHandler
                0x0000000008001514                TIM1_UP_TIM10_IRQHandler
                0x0000000008001514                I2C3_ER_IRQHandler
                0x0000000008001514                EXTI0_IRQHandler
                0x0000000008001514                I2C2_EV_IRQHandler
                0x0000000008001514                DMA1_Stream2_IRQHandler
                0x0000000008001514                FPU_IRQHandler
                0x0000000008001514                DMA2_Stream2_IRQHandler
                0x0000000008001514                SPI1_IRQHandler
                0x0000000008001514                TIM1_BRK_TIM9_IRQHandler
                0x0000000008001514                DMA2_Stream3_IRQHandler
                0x0000000008001514                USART6_IRQHandler
                0x0000000008001514                DMA2_Stream0_IRQHandler
                0x0000000008001514                TIM4_IRQHandler
                0x0000000008001514                I2C1_EV_IRQHandler
                0x0000000008001514                DMA1_Stream6_IRQHandler
                0x0000000008001514                DMA1_Stream1_IRQHandler
                0x0000000008001514                TIM3_IRQHandler
                0x0000000008001514                RCC_IRQHandler
                0x0000000008001514                Default_Handler
                0x0000000008001514                EXTI15_10_IRQHandler
                0x0000000008001514                ADC_IRQHandler
                0x0000000008001514                DMA1_Stream7_IRQHandler
                0x0000000008001514                TIM5_IRQHandler
                0x0000000008001514                DMA2_Stream7_IRQHandler
                0x0000000008001514                I2C3_EV_IRQHandler
                0x0000000008001514                EXTI9_5_IRQHandler
                0x0000000008001514                RTC_WKUP_IRQHandler
                0x0000000008001514                SPI2_IRQHandler
                0x0000000008001514                DMA1_Stream0_IRQHandler
                0x0000000008001514                EXTI4_IRQHandler
                0x0000000008001514                WWDG_IRQHandler
                0x0000000008001514                TIM2_IRQHandler
                0x0000000008001514                OTG_FS_WKUP_IRQHandler
                0x0000000008001514                TIM1_TRG_COM_TIM11_IRQHandler
                0x0000000008001514                EXTI1_IRQHandler
                0x0000000008001514                USART2_IRQHandler
                0x0000000008001514                I2C2_ER_IRQHandler
                0x0000000008001514                DMA2_Stream1_IRQHandler
                0x0000000008001514                FLASH_IRQHandler
                0x0000000008001514                DMA2_Stream4_IRQHandler
                0x0000000008001514                USART1_IRQHandler
                0x0000000008001514                OTG_FS_IRQHandler
                0x0000000008001514                SPI3_IRQHandler
                0x0000000008001514                DMA1_Stream4_IRQHandler
                0x0000000008001514                I2C1_ER_IRQHandler
                0x0000000008001514                DMA2_Stream6_IRQHandler
                0x0000000008001514                DMA1_Stream3_IRQHandler
 *fill*         0x0000000008001516        0x2 
 .text.HAL_Init
                0x0000000008001518       0x44 ./Drivers/STM32F4xx_HAL_Driver/Src/stm32f4xx_hal.o
                0x0000000008001518                HAL_Init
 .text.HAL_InitTick
                0x000000000800155c       0x60 ./Drivers/STM32F4xx_HAL_Driver/Src/stm32f4xx_hal.o
                0x000000000800155c                HAL_InitTick
 .text.HAL_IncTick
                0x00000000080015bc       0x28 ./Drivers/STM32F4xx_HAL_Driver/Src/stm32f4xx_hal.o
                0x00000000080015bc                HAL_IncTick
 .text.HAL_GetTick
                0x00000000080015e4       0x18 ./Drivers/STM32F4xx_HAL_Driver/Src/stm32f4xx_hal.o
                0x00000000080015e4                HAL_GetTick
 .text.HAL_Delay
                0x00000000080015fc       0x48 ./Drivers/STM32F4xx_HAL_Driver/Src/stm32f4xx_hal.o
                0x00000000080015fc                HAL_Delay
 .text.__NVIC_SetPriorityGrouping
                0x0000000008001644       0x48 ./Drivers/STM32F4xx_HAL_Driver/Src/stm32f4xx_hal_cortex.o
 .text.__NVIC_GetPriorityGrouping
                0x000000000800168c       0x1c ./Drivers/STM32F4xx_HAL_Driver/Src/stm32f4xx_hal_cortex.o
 .text.__NVIC_SetPriority
                0x00000000080016a8       0x54 ./Drivers/STM32F4xx_HAL_Driver/Src/stm32f4xx_hal_cortex.o
 .text.NVIC_EncodePriority
                0x00000000080016fc       0x66 ./Drivers/STM32F4xx_HAL_Driver/Src/stm32f4xx_hal_cortex.o
 *fill*         0x0000000008001762        0x2 
 .text.SysTick_Config
                0x0000000008001764       0x44 ./Drivers/STM32F4xx_HAL_Driver/Src/stm32f4xx_hal_cortex.o
 .text.HAL_NVIC_SetPriorityGrouping
                0x00000000080017a8       0x16 ./Drivers/STM32F4xx_HAL_Driver/Src/stm32f4xx_hal_cortex.o
                0x00000000080017a8                HAL_NVIC_SetPriorityGrouping
 .text.HAL_NVIC_SetPriority
                0x00000000080017be       0x38 ./Drivers/STM32F4xx_HAL_Driver/Src/stm32f4xx_hal_cortex.o
                0x00000000080017be                HAL_NVIC_SetPriority
 .text.HAL_SYSTICK_Config
                0x00000000080017f6       0x18 ./Drivers/STM32F4xx_HAL_Driver/Src/stm32f4xx_hal_cortex.o
                0x00000000080017f6                HAL_SYSTICK_Config
 *fill*         0x000000000800180e        0x2 
 .text.HAL_GPIO_Init
                0x0000000008001810      0x308 ./Drivers/STM32F4xx_HAL_Driver/Src/stm32f4xx_hal_gpio.o
                0x0000000008001810                HAL_GPIO_Init
 .text.HAL_GPIO_WritePin
                0x0000000008001b18       0x32 ./Drivers/STM32F4xx_HAL_Driver/Src/stm32f4xx_hal_gpio.o
                0x0000000008001b18                HAL_GPIO_WritePin
 *fill*         0x0000000008001b4a        0x2 
 .text.HAL_RCC_OscConfig
                0x0000000008001b4c      0x4f0 ./Drivers/STM32F4xx_HAL_Driver/Src/stm32f4xx_hal_rcc.o
                0x0000000008001b4c                HAL_RCC_OscConfig
 .text.HAL_RCC_ClockConfig
                0x000000000800203c      0x1cc ./Drivers/STM32F4xx_HAL_Driver/Src/stm32f4xx_hal_rcc.o
                0x000000000800203c                HAL_RCC_ClockConfig
 .text.HAL_RCC_EnableCSS
                0x0000000008002208       0x18 ./Drivers/STM32F4xx_HAL_Driver/Src/stm32f4xx_hal_rcc.o
                0x0000000008002208                HAL_RCC_EnableCSS
 .text.HAL_RCC_GetSysClockFreq
                0x0000000008002220      0x18c ./Drivers/STM32F4xx_HAL_Driver/Src/stm32f4xx_hal_rcc.o
                0x0000000008002220                HAL_RCC_GetSysClockFreq
 .text.HAL_RCC_GetHCLKFreq
                0x00000000080023ac       0x18 ./Drivers/STM32F4xx_HAL_Driver/Src/stm32f4xx_hal_rcc.o
                0x00000000080023ac                HAL_RCC_GetHCLKFreq
 .text.HAL_RCC_GetPCLK1Freq
                0x00000000080023c4       0x28 ./Drivers/STM32F4xx_HAL_Driver/Src/stm32f4xx_hal_rcc.o
                0x00000000080023c4                HAL_RCC_GetPCLK1Freq
 .text.HAL_RCC_GetPCLK2Freq
                0x00000000080023ec       0x28 ./Drivers/STM32F4xx_HAL_Driver/Src/stm32f4xx_hal_rcc.o
                0x00000000080023ec                HAL_RCC_GetPCLK2Freq
 .text.HAL_RCC_NMI_IRQHandler
                0x0000000008002414       0x28 ./Drivers/STM32F4xx_HAL_Driver/Src/stm32f4xx_hal_rcc.o
                0x0000000008002414                HAL_RCC_NMI_IRQHandler
 .text.HAL_RCC_CSSCallback
                0x000000000800243c        0xe ./Drivers/STM32F4xx_HAL_Driver/Src/stm32f4xx_hal_rcc.o
                0x000000000800243c                HAL_RCC_CSSCallback
 .text.HAL_SPI_Init
                0x000000000800244a      0x112 ./Drivers/STM32F4xx_HAL_Driver/Src/stm32f4xx_hal_spi.o
                0x000000000800244a                HAL_SPI_Init
 .text.HAL_SPI_Transmit
                0x000000000800255c      0x278 ./Drivers/STM32F4xx_HAL_Driver/Src/stm32f4xx_hal_spi.o
                0x000000000800255c                HAL_SPI_Transmit
 .text.HAL_SPI_TransmitReceive
                0x00000000080027d4      0x344 ./Drivers/STM32F4xx_HAL_Driver/Src/stm32f4xx_hal_spi.o
                0x00000000080027d4                HAL_SPI_TransmitReceive
 .text.HAL_SPI_GetState
                0x0000000008002b18       0x1c ./Drivers/STM32F4xx_HAL_Driver/Src/stm32f4xx_hal_spi.o
                0x0000000008002b18                HAL_SPI_GetState
 .text.SPI_WaitFlagStateUntilTimeout
                0x0000000008002b34      0x110 ./Drivers/STM32F4xx_HAL_Driver/Src/stm32f4xx_hal_spi.o
 .text.SPI_EndRxTxTransaction
                0x0000000008002c44       0x84 ./Drivers/STM32F4xx_HAL_Driver/Src/stm32f4xx_hal_spi.o
 .text.HAL_UART_Init
                0x0000000008002cc8       0x9a ./Drivers/STM32F4xx_HAL_Driver/Src/stm32f4xx_hal_uart.o
                0x0000000008002cc8                HAL_UART_Init
 .text.HAL_UART_Transmit
                0x0000000008002d62      0x124 ./Drivers/STM32F4xx_HAL_Driver/Src/stm32f4xx_hal_uart.o
                0x0000000008002d62                HAL_UART_Transmit
 .text.UART_WaitOnFlagUntilTimeout
                0x0000000008002e86       0xdc ./Drivers/STM32F4xx_HAL_Driver/Src/stm32f4xx_hal_uart.o
 *fill*         0x0000000008002f62        0x2 
 .text.UART_SetConfig
                0x0000000008002f64      0x4e8 ./Drivers/STM32F4xx_HAL_Driver/Src/stm32f4xx_hal_uart.o
 .text.MX_FATFS_Init
                0x000000000800344c       0x24 ./FATFS/App/fatfs.o
                0x000000000800344c                MX_FATFS_Init
 .text.get_fattime
                0x0000000008003470       0x10 ./FATFS/App/fatfs.o
                0x0000000008003470                get_fattime
 .text.USER_initialize
                0x0000000008003480       0x1e ./FATFS/Target/user_diskio.o
                0x0000000008003480                USER_initialize
 .text.USER_status
                0x000000000800349e       0x1e ./FATFS/Target/user_diskio.o
                0x000000000800349e                USER_status
 .text.USER_read
                0x00000000080034bc       0x28 ./FATFS/Target/user_diskio.o
                0x00000000080034bc                USER_read
 .text.USER_write
                0x00000000080034e4       0x28 ./FATFS/Target/user_diskio.o
                0x00000000080034e4                USER_write
 .text.USER_ioctl
                0x000000000800350c       0x28 ./FATFS/Target/user_diskio.o
                0x000000000800350c                USER_ioctl
 .text.disk_status
                0x0000000008003534       0x34 ./Middlewares/Third_Party/FatFs/src/diskio.o
                0x0000000008003534                disk_status
 .text.disk_initialize
                0x0000000008003568       0x4c ./Middlewares/Third_Party/FatFs/src/diskio.o
                0x0000000008003568                disk_initialize
 .text.disk_read
                0x00000000080035b4       0x40 ./Middlewares/Third_Party/FatFs/src/diskio.o
                0x00000000080035b4                disk_read
 .text.disk_write
                0x00000000080035f4       0x40 ./Middlewares/Third_Party/FatFs/src/diskio.o
                0x00000000080035f4                disk_write
 .text.disk_ioctl
                0x0000000008003634       0x3c ./Middlewares/Third_Party/FatFs/src/diskio.o
                0x0000000008003634                disk_ioctl
 .text.ld_word  0x0000000008003670       0x30 ./Middlewares/Third_Party/FatFs/src/ff.o
 .text.ld_dword
                0x00000000080036a0       0x46 ./Middlewares/Third_Party/FatFs/src/ff.o
 .text.st_word  0x00000000080036e6       0x36 ./Middlewares/Third_Party/FatFs/src/ff.o
 .text.st_dword
                0x000000000800371c       0x58 ./Middlewares/Third_Party/FatFs/src/ff.o
 .text.mem_cpy  0x0000000008003774       0x42 ./Middlewares/Third_Party/FatFs/src/ff.o
 .text.mem_set  0x00000000080037b6       0x36 ./Middlewares/Third_Party/FatFs/src/ff.o
 .text.mem_cmp  0x00000000080037ec       0x4e ./Middlewares/Third_Party/FatFs/src/ff.o
 .text.chk_chr  0x000000000800383a       0x36 ./Middlewares/Third_Party/FatFs/src/ff.o
 .text.chk_lock
                0x0000000008003870       0xb8 ./Middlewares/Third_Party/FatFs/src/ff.o
 .text.enq_lock
                0x0000000008003928       0x44 ./Middlewares/Third_Party/FatFs/src/ff.o
 .text.inc_lock
                0x000000000800396c      0x11c ./Middlewares/Third_Party/FatFs/src/ff.o
 .text.dec_lock
                0x0000000008003a88       0x78 ./Middlewares/Third_Party/FatFs/src/ff.o
 .text.clear_lock
                0x0000000008003b00       0x48 ./Middlewares/Third_Party/FatFs/src/ff.o
 .text.sync_window
                0x0000000008003b48       0x88 ./Middlewares/Third_Party/FatFs/src/ff.o
 .text.move_window
                0x0000000008003bd0       0x5a ./Middlewares/Third_Party/FatFs/src/ff.o
 *fill*         0x0000000008003c2a        0x2 
 .text.sync_fs  0x0000000008003c2c       0xe0 ./Middlewares/Third_Party/FatFs/src/ff.o
 .text.clust2sect
                0x0000000008003d0c       0x3e ./Middlewares/Third_Party/FatFs/src/ff.o
 .text.get_fat  0x0000000008003d4a      0x1a8 ./Middlewares/Third_Party/FatFs/src/ff.o
 .text.put_fat  0x0000000008003ef2      0x238 ./Middlewares/Third_Party/FatFs/src/ff.o
 .text.remove_chain
                0x000000000800412a       0xca ./Middlewares/Third_Party/FatFs/src/ff.o
 .text.create_chain
                0x00000000080041f4      0x130 ./Middlewares/Third_Party/FatFs/src/ff.o
 .text.clmt_clust
                0x0000000008004324       0x70 ./Middlewares/Third_Party/FatFs/src/ff.o
 .text.dir_sdi  0x0000000008004394      0x112 ./Middlewares/Third_Party/FatFs/src/ff.o
 .text.dir_next
                0x00000000080044a6      0x1ac ./Middlewares/Third_Party/FatFs/src/ff.o
 .text.dir_alloc
                0x0000000008004652       0x8e ./Middlewares/Third_Party/FatFs/src/ff.o
 .text.ld_clust
                0x00000000080046e0       0x3e ./Middlewares/Third_Party/FatFs/src/ff.o
 .text.st_clust
                0x000000000800471e       0x40 ./Middlewares/Third_Party/FatFs/src/ff.o
 *fill*         0x000000000800475e        0x2 
 .text.cmp_lfn  0x0000000008004760       0xe0 ./Middlewares/Third_Party/FatFs/src/ff.o
 .text.put_lfn  0x0000000008004840       0xd0 ./Middlewares/Third_Party/FatFs/src/ff.o
 .text.gen_numname
                0x0000000008004910      0x11c ./Middlewares/Third_Party/FatFs/src/ff.o
 .text.sum_sfn  0x0000000008004a2c       0x42 ./Middlewares/Third_Party/FatFs/src/ff.o
 .text.dir_find
                0x0000000008004a6e      0x180 ./Middlewares/Third_Party/FatFs/src/ff.o
 *fill*         0x0000000008004bee        0x2 
 .text.dir_register
                0x0000000008004bf0      0x1f0 ./Middlewares/Third_Party/FatFs/src/ff.o
 .text.create_name
                0x0000000008004de0      0x370 ./Middlewares/Third_Party/FatFs/src/ff.o
 .text.follow_path
                0x0000000008005150       0xec ./Middlewares/Third_Party/FatFs/src/ff.o
 .text.get_ldnumber
                0x000000000800523c       0x88 ./Middlewares/Third_Party/FatFs/src/ff.o
 .text.check_fs
                0x00000000080052c4       0xac ./Middlewares/Third_Party/FatFs/src/ff.o
 .text.find_volume
                0x0000000008005370      0x50c ./Middlewares/Third_Party/FatFs/src/ff.o
 .text.validate
                0x000000000800587c       0x6a ./Middlewares/Third_Party/FatFs/src/ff.o
 *fill*         0x00000000080058e6        0x2 
 .text.f_mount  0x00000000080058e8       0x8c ./Middlewares/Third_Party/FatFs/src/ff.o
                0x00000000080058e8                f_mount
 .text.f_open   0x0000000008005974      0x398 ./Middlewares/Third_Party/FatFs/src/ff.o
                0x0000000008005974                f_open
 .text.f_read   0x0000000008005d0c      0x2be ./Middlewares/Third_Party/FatFs/src/ff.o
                0x0000000008005d0c                f_read
 .text.f_write  0x0000000008005fca      0x328 ./Middlewares/Third_Party/FatFs/src/ff.o
                0x0000000008005fca                f_write
 .text.f_sync   0x00000000080062f2       0xfc ./Middlewares/Third_Party/FatFs/src/ff.o
                0x00000000080062f2                f_sync
 .text.f_close  0x00000000080063ee       0x54 ./Middlewares/Third_Party/FatFs/src/ff.o
                0x00000000080063ee                f_close
 .text.f_gets   0x0000000008006442       0x7a ./Middlewares/Third_Party/FatFs/src/ff.o
                0x0000000008006442                f_gets
 .text.putc_bfd
                0x00000000080064bc       0x7a ./Middlewares/Third_Party/FatFs/src/ff.o
 .text.putc_flush
                0x0000000008006536       0x4a ./Middlewares/Third_Party/FatFs/src/ff.o
 .text.putc_init
                0x0000000008006580       0x2a ./Middlewares/Third_Party/FatFs/src/ff.o
 .text.f_puts   0x00000000080065aa       0x48 ./Middlewares/Third_Party/FatFs/src/ff.o
                0x00000000080065aa                f_puts
 *fill*         0x00000000080065f2        0x2 
 .text.FATFS_LinkDriverEx
                0x00000000080065f4       0x98 ./Middlewares/Third_Party/FatFs/src/ff_gen_drv.o
                0x00000000080065f4                FATFS_LinkDriverEx
 .text.FATFS_LinkDriver
                0x000000000800668c       0x1e ./Middlewares/Third_Party/FatFs/src/ff_gen_drv.o
                0x000000000800668c                FATFS_LinkDriver
 *fill*         0x00000000080066aa        0x2 
 .text.ff_convert
                0x00000000080066ac       0x78 ./Middlewares/Third_Party/FatFs/src/option/ccsbcs.o
                0x00000000080066ac                ff_convert
 .text.ff_wtoupper
                0x0000000008006724      0x114 ./Middlewares/Third_Party/FatFs/src/option/ccsbcs.o
                0x0000000008006724                ff_wtoupper
 .text.__libc_init_array
                0x0000000008006838       0x48 d:/stm32cubeide/install/stm32cubeide_1.10.1/stm32cubeide/plugins/com.st.stm32cube.ide.mcu.externaltools.gnu-tools-for-stm32.10.3-2021.10.win32_1.0.0.202111181127/tools/bin/../lib/gcc/arm-none-eabi/10.3.1/../../../../arm-none-eabi/lib/thumb/v7e-m+fp/hard\libc_nano.a(lib_a-init.o)
                0x0000000008006838                __libc_init_array
 .text.memset   0x0000000008006880       0x10 d:/stm32cubeide/install/stm32cubeide_1.10.1/stm32cubeide/plugins/com.st.stm32cube.ide.mcu.externaltools.gnu-tools-for-stm32.10.3-2021.10.win32_1.0.0.202111181127/tools/bin/../lib/gcc/arm-none-eabi/10.3.1/../../../../arm-none-eabi/lib/thumb/v7e-m+fp/hard\libc_nano.a(lib_a-memset.o)
                0x0000000008006880                memset
 *(.glue_7)
 .glue_7        0x0000000008006890        0x0 linker stubs
 *(.glue_7t)
 .glue_7t       0x0000000008006890        0x0 linker stubs
 *(.eh_frame)
 .eh_frame      0x0000000008006890        0x0 d:/stm32cubeide/install/stm32cubeide_1.10.1/stm32cubeide/plugins/com.st.stm32cube.ide.mcu.externaltools.gnu-tools-for-stm32.10.3-2021.10.win32_1.0.0.202111181127/tools/bin/../lib/gcc/arm-none-eabi/10.3.1/thumb/v7e-m+fp/hard/crtbegin.o
 *(.init)
 .init          0x0000000008006890        0x4 d:/stm32cubeide/install/stm32cubeide_1.10.1/stm32cubeide/plugins/com.st.stm32cube.ide.mcu.externaltools.gnu-tools-for-stm32.10.3-2021.10.win32_1.0.0.202111181127/tools/bin/../lib/gcc/arm-none-eabi/10.3.1/thumb/v7e-m+fp/hard/crti.o
                0x0000000008006890                _init
 .init          0x0000000008006894        0x8 d:/stm32cubeide/install/stm32cubeide_1.10.1/stm32cubeide/plugins/com.st.stm32cube.ide.mcu.externaltools.gnu-tools-for-stm32.10.3-2021.10.win32_1.0.0.202111181127/tools/bin/../lib/gcc/arm-none-eabi/10.3.1/thumb/v7e-m+fp/hard/crtn.o
 *(.fini)
 .fini          0x000000000800689c        0x4 d:/stm32cubeide/install/stm32cubeide_1.10.1/stm32cubeide/plugins/com.st.stm32cube.ide.mcu.externaltools.gnu-tools-for-stm32.10.3-2021.10.win32_1.0.0.202111181127/tools/bin/../lib/gcc/arm-none-eabi/10.3.1/thumb/v7e-m+fp/hard/crti.o
                0x000000000800689c                _fini
 .fini          0x00000000080068a0        0x8 d:/stm32cubeide/install/stm32cubeide_1.10.1/stm32cubeide/plugins/com.st.stm32cube.ide.mcu.externaltools.gnu-tools-for-stm32.10.3-2021.10.win32_1.0.0.202111181127/tools/bin/../lib/gcc/arm-none-eabi/10.3.1/thumb/v7e-m+fp/hard/crtn.o
                0x00000000080068a8                . = ALIGN (0x4)
                0x00000000080068a8                _etext = .

.vfp11_veneer   0x00000000080068a8        0x0
 .vfp11_veneer  0x00000000080068a8        0x0 linker stubs

.v4_bx          0x00000000080068a8        0x0
 .v4_bx         0x00000000080068a8        0x0 linker stubs

.iplt           0x00000000080068a8        0x0
 .iplt          0x00000000080068a8        0x0 d:/stm32cubeide/install/stm32cubeide_1.10.1/stm32cubeide/plugins/com.st.stm32cube.ide.mcu.externaltools.gnu-tools-for-stm32.10.3-2021.10.win32_1.0.0.202111181127/tools/bin/../lib/gcc/arm-none-eabi/10.3.1/thumb/v7e-m+fp/hard/crtbegin.o

.rodata         0x00000000080068a8      0x5dc
                0x00000000080068a8                . = ALIGN (0x4)
 *(.rodata)
 .rodata        0x00000000080068a8      0x139 ./Core/Src/main.o
 *fill*         0x00000000080069e1        0x3 
 .rodata        0x00000000080069e4       0x48 ./Middlewares/Third_Party/FatFs/src/ff.o
 *(.rodata*)
 .rodata.AHBPrescTable
                0x0000000008006a2c       0x10 ./Core/Src/system_stm32f4xx.o
                0x0000000008006a2c                AHBPrescTable
 .rodata.APBPrescTable
                0x0000000008006a3c        0x8 ./Core/Src/system_stm32f4xx.o
                0x0000000008006a3c                APBPrescTable
 .rodata.ExCvt  0x0000000008006a44       0x80 ./Middlewares/Third_Party/FatFs/src/ff.o
 .rodata.LfnOfs
                0x0000000008006ac4        0xd ./Middlewares/Third_Party/FatFs/src/ff.o
 *fill*         0x0000000008006ad1        0x3 
 .rodata.Tbl    0x0000000008006ad4      0x100 ./Middlewares/Third_Party/FatFs/src/option/ccsbcs.o
 .rodata.cvt1.1
                0x0000000008006bd4      0x1f2 ./Middlewares/Third_Party/FatFs/src/option/ccsbcs.o
 *fill*         0x0000000008006dc6        0x2 
 .rodata.cvt2.0
                0x0000000008006dc8       0xbc ./Middlewares/Third_Party/FatFs/src/option/ccsbcs.o
                0x0000000008006e84                . = ALIGN (0x4)

.ARM.extab      0x0000000008006e84        0x0
                0x0000000008006e84                . = ALIGN (0x4)
 *(.ARM.extab* .gnu.linkonce.armextab.*)
                0x0000000008006e84                . = ALIGN (0x4)

.ARM            0x0000000008006e84        0x8
                0x0000000008006e84                . = ALIGN (0x4)
                0x0000000008006e84                __exidx_start = .
 *(.ARM.exidx*)
 .ARM.exidx     0x0000000008006e84        0x8 d:/stm32cubeide/install/stm32cubeide_1.10.1/stm32cubeide/plugins/com.st.stm32cube.ide.mcu.externaltools.gnu-tools-for-stm32.10.3-2021.10.win32_1.0.0.202111181127/tools/bin/../lib/gcc/arm-none-eabi/10.3.1/thumb/v7e-m+fp/hard\libgcc.a(_udivmoddi4.o)
                0x0000000008006e8c                __exidx_end = .
                0x0000000008006e8c                . = ALIGN (0x4)

.rel.dyn        0x0000000008006e8c        0x0
 .rel.iplt      0x0000000008006e8c        0x0 d:/stm32cubeide/install/stm32cubeide_1.10.1/stm32cubeide/plugins/com.st.stm32cube.ide.mcu.externaltools.gnu-tools-for-stm32.10.3-2021.10.win32_1.0.0.202111181127/tools/bin/../lib/gcc/arm-none-eabi/10.3.1/thumb/v7e-m+fp/hard/crtbegin.o

.preinit_array  0x0000000008006e8c        0x0
                0x0000000008006e8c                . = ALIGN (0x4)
                0x0000000008006e8c                PROVIDE (__preinit_array_start = .)
 *(.preinit_array*)
                0x0000000008006e8c                PROVIDE (__preinit_array_end = .)
                0x0000000008006e8c                . = ALIGN (0x4)

.init_array     0x0000000008006e8c        0x4
                0x0000000008006e8c                . = ALIGN (0x4)
                0x0000000008006e8c                PROVIDE (__init_array_start = .)
 *(SORT_BY_NAME(.init_array.*))
 *(.init_array*)
 .init_array    0x0000000008006e8c        0x4 d:/stm32cubeide/install/stm32cubeide_1.10.1/stm32cubeide/plugins/com.st.stm32cube.ide.mcu.externaltools.gnu-tools-for-stm32.10.3-2021.10.win32_1.0.0.202111181127/tools/bin/../lib/gcc/arm-none-eabi/10.3.1/thumb/v7e-m+fp/hard/crtbegin.o
                0x0000000008006e90                PROVIDE (__init_array_end = .)
                0x0000000008006e90                . = ALIGN (0x4)

.fini_array     0x0000000008006e90        0x4
                0x0000000008006e90                . = ALIGN (0x4)
                [!provide]                        PROVIDE (__fini_array_start = .)
 *(SORT_BY_NAME(.fini_array.*))
 *(.fini_array*)
 .fini_array    0x0000000008006e90        0x4 d:/stm32cubeide/install/stm32cubeide_1.10.1/stm32cubeide/plugins/com.st.stm32cube.ide.mcu.externaltools.gnu-tools-for-stm32.10.3-2021.10.win32_1.0.0.202111181127/tools/bin/../lib/gcc/arm-none-eabi/10.3.1/thumb/v7e-m+fp/hard/crtbegin.o
                [!provide]                        PROVIDE (__fini_array_end = .)
                0x0000000008006e94                . = ALIGN (0x4)
                0x0000000008006e94                _sidata = LOADADDR (.data)

.data           0x0000000020000000       0x24 load address 0x0000000008006e94
                0x0000000020000000                . = ALIGN (0x4)
                0x0000000020000000                _sdata = .
 *(.data)
 *(.data*)
 .data.Stat     0x0000000020000000        0x1 ./Core/Src/fatfs_sd.o
 *fill*         0x0000000020000001        0x3 
 .data.SystemCoreClock
                0x0000000020000004        0x4 ./Core/Src/system_stm32f4xx.o
                0x0000000020000004                SystemCoreClock
 .data.uwTickPrio
                0x0000000020000008        0x4 ./Drivers/STM32F4xx_HAL_Driver/Src/stm32f4xx_hal.o
                0x0000000020000008                uwTickPrio
 .data.uwTickFreq
                0x000000002000000c        0x1 ./Drivers/STM32F4xx_HAL_Driver/Src/stm32f4xx_hal.o
                0x000000002000000c                uwTickFreq
 *fill*         0x000000002000000d        0x3 
 .data.USER_Driver
                0x0000000020000010       0x14 ./FATFS/Target/user_diskio.o
                0x0000000020000010                USER_Driver
 *(.RamFunc)
 *(.RamFunc*)
                0x0000000020000024                . = ALIGN (0x4)
                0x0000000020000024                _edata = .

.igot.plt       0x0000000020000024        0x0 load address 0x0000000008006eb8
 .igot.plt      0x0000000020000024        0x0 d:/stm32cubeide/install/stm32cubeide_1.10.1/stm32cubeide/plugins/com.st.stm32cube.ide.mcu.externaltools.gnu-tools-for-stm32.10.3-2021.10.win32_1.0.0.202111181127/tools/bin/../lib/gcc/arm-none-eabi/10.3.1/thumb/v7e-m+fp/hard/crtbegin.o
                0x0000000020000024                . = ALIGN (0x4)

.bss            0x0000000020000024     0x276c load address 0x0000000008006eb8
                0x0000000020000024                _sbss = .
                0x0000000020000024                __bss_start__ = _sbss
 *(.bss)
 .bss           0x0000000020000024       0x1c d:/stm32cubeide/install/stm32cubeide_1.10.1/stm32cubeide/plugins/com.st.stm32cube.ide.mcu.externaltools.gnu-tools-for-stm32.10.3-2021.10.win32_1.0.0.202111181127/tools/bin/../lib/gcc/arm-none-eabi/10.3.1/thumb/v7e-m+fp/hard/crtbegin.o
 *(.bss*)
 .bss.CardType  0x0000000020000040        0x1 ./Core/Src/fatfs_sd.o
 .bss.PowerFlag
                0x0000000020000041        0x1 ./Core/Src/fatfs_sd.o
 *fill*         0x0000000020000042        0x2 
 .bss.hspi3     0x0000000020000044       0x58 ./Core/Src/main.o
                0x0000000020000044                hspi3
 .bss.huart1    0x000000002000009c       0x44 ./Core/Src/main.o
                0x000000002000009c                huart1
 .bss.fs        0x00000000200000e0     0x1038 ./Core/Src/main.o
                0x00000000200000e0                fs
 .bss.file      0x0000000020001118     0x1030 ./Core/Src/main.o
                0x0000000020001118                file
 .bss.res       0x0000000020002148        0x1 ./Core/Src/main.o
                0x0000000020002148                res
 *fill*         0x0000000020002149        0x3 
 .bss.buffer    0x000000002000214c      0x400 ./Core/Src/main.o
                0x000000002000214c                buffer
 .bss.FatFsCnt  0x000000002000254c        0x1 ./Core/Src/stm32f4xx_it.o
                0x000000002000254c                FatFsCnt
 .bss.Timer1    0x000000002000254d        0x1 ./Core/Src/stm32f4xx_it.o
                0x000000002000254d                Timer1
 .bss.Timer2    0x000000002000254e        0x1 ./Core/Src/stm32f4xx_it.o
                0x000000002000254e                Timer2
 *fill*         0x000000002000254f        0x1 
 .bss.uwTick    0x0000000020002550        0x4 ./Drivers/STM32F4xx_HAL_Driver/Src/stm32f4xx_hal.o
                0x0000000020002550                uwTick
 .bss.retUSER   0x0000000020002554        0x1 ./FATFS/App/fatfs.o
                0x0000000020002554                retUSER
 *fill*         0x0000000020002555        0x3 
 .bss.USERPath  0x0000000020002558        0x4 ./FATFS/App/fatfs.o
                0x0000000020002558                USERPath
 .bss.FatFs     0x000000002000255c        0x4 ./Middlewares/Third_Party/FatFs/src/ff.o
 .bss.Fsid      0x0000000020002560        0x2 ./Middlewares/Third_Party/FatFs/src/ff.o
 *fill*         0x0000000020002562        0x2 
 .bss.Files     0x0000000020002564       0x20 ./Middlewares/Third_Party/FatFs/src/ff.o
 .bss.LfnBuf    0x0000000020002584      0x200 ./Middlewares/Third_Party/FatFs/src/ff.o
 .bss.disk      0x0000000020002784        0xc ./Middlewares/Third_Party/FatFs/src/ff_gen_drv.o
                0x0000000020002784                disk
 *(COMMON)
                0x0000000020002790                . = ALIGN (0x4)
                0x0000000020002790                _ebss = .
                0x0000000020002790                __bss_end__ = _ebss

._user_heap_stack
                0x0000000020002790      0x600 load address 0x0000000008006eb8
                0x0000000020002790                . = ALIGN (0x8)
                [!provide]                        PROVIDE (end = .)
                0x0000000020002790                PROVIDE (_end = .)
                0x0000000020002990                . = (. + _Min_Heap_Size)
 *fill*         0x0000000020002790      0x200 
                0x0000000020002d90                . = (. + _Min_Stack_Size)
 *fill*         0x0000000020002990      0x400 
                0x0000000020002d90                . = ALIGN (0x8)

/DISCARD/
 libc.a(*)
 libm.a(*)
 libgcc.a(*)

.ARM.attributes
                0x0000000000000000       0x30
 *(.ARM.attributes)
 .ARM.attributes
                0x0000000000000000       0x1e d:/stm32cubeide/install/stm32cubeide_1.10.1/stm32cubeide/plugins/com.st.stm32cube.ide.mcu.externaltools.gnu-tools-for-stm32.10.3-2021.10.win32_1.0.0.202111181127/tools/bin/../lib/gcc/arm-none-eabi/10.3.1/thumb/v7e-m+fp/hard/crti.o
 .ARM.attributes
                0x000000000000001e       0x34 d:/stm32cubeide/install/stm32cubeide_1.10.1/stm32cubeide/plugins/com.st.stm32cube.ide.mcu.externaltools.gnu-tools-for-stm32.10.3-2021.10.win32_1.0.0.202111181127/tools/bin/../lib/gcc/arm-none-eabi/10.3.1/thumb/v7e-m+fp/hard/crtbegin.o
 .ARM.attributes
                0x0000000000000052       0x34 ./Core/Src/fatfs_sd.o
 .ARM.attributes
                0x0000000000000086       0x34 ./Core/Src/main.o
 .ARM.attributes
                0x00000000000000ba       0x34 ./Core/Src/stm32f4xx_hal_msp.o
 .ARM.attributes
                0x00000000000000ee       0x34 ./Core/Src/stm32f4xx_it.o
 .ARM.attributes
                0x0000000000000122       0x34 ./Core/Src/system_stm32f4xx.o
 .ARM.attributes
                0x0000000000000156       0x21 ./Core/Startup/startup_stm32f401cdux.o
 .ARM.attributes
                0x0000000000000177       0x34 ./Drivers/STM32F4xx_HAL_Driver/Src/stm32f4xx_hal.o
 .ARM.attributes
                0x00000000000001ab       0x34 ./Drivers/STM32F4xx_HAL_Driver/Src/stm32f4xx_hal_cortex.o
 .ARM.attributes
                0x00000000000001df       0x34 ./Drivers/STM32F4xx_HAL_Driver/Src/stm32f4xx_hal_gpio.o
 .ARM.attributes
                0x0000000000000213       0x34 ./Drivers/STM32F4xx_HAL_Driver/Src/stm32f4xx_hal_rcc.o
 .ARM.attributes
                0x0000000000000247       0x34 ./Drivers/STM32F4xx_HAL_Driver/Src/stm32f4xx_hal_spi.o
 .ARM.attributes
                0x000000000000027b       0x34 ./Drivers/STM32F4xx_HAL_Driver/Src/stm32f4xx_hal_uart.o
 .ARM.attributes
                0x00000000000002af       0x34 ./FATFS/App/fatfs.o
 .ARM.attributes
                0x00000000000002e3       0x34 ./FATFS/Target/user_diskio.o
 .ARM.attributes
                0x0000000000000317       0x34 ./Middlewares/Third_Party/FatFs/src/diskio.o
 .ARM.attributes
                0x000000000000034b       0x34 ./Middlewares/Third_Party/FatFs/src/ff.o
 .ARM.attributes
                0x000000000000037f       0x34 ./Middlewares/Third_Party/FatFs/src/ff_gen_drv.o
 .ARM.attributes
                0x00000000000003b3       0x34 ./Middlewares/Third_Party/FatFs/src/option/ccsbcs.o
 .ARM.attributes
                0x00000000000003e7       0x34 d:/stm32cubeide/install/stm32cubeide_1.10.1/stm32cubeide/plugins/com.st.stm32cube.ide.mcu.externaltools.gnu-tools-for-stm32.10.3-2021.10.win32_1.0.0.202111181127/tools/bin/../lib/gcc/arm-none-eabi/10.3.1/../../../../arm-none-eabi/lib/thumb/v7e-m+fp/hard\libc_nano.a(lib_a-init.o)
 .ARM.attributes
                0x000000000000041b       0x34 d:/stm32cubeide/install/stm32cubeide_1.10.1/stm32cubeide/plugins/com.st.stm32cube.ide.mcu.externaltools.gnu-tools-for-stm32.10.3-2021.10.win32_1.0.0.202111181127/tools/bin/../lib/gcc/arm-none-eabi/10.3.1/../../../../arm-none-eabi/lib/thumb/v7e-m+fp/hard\libc_nano.a(lib_a-memset.o)
 .ARM.attributes
                0x000000000000044f       0x17 d:/stm32cubeide/install/stm32cubeide_1.10.1/stm32cubeide/plugins/com.st.stm32cube.ide.mcu.externaltools.gnu-tools-for-stm32.10.3-2021.10.win32_1.0.0.202111181127/tools/bin/../lib/gcc/arm-none-eabi/10.3.1/../../../../arm-none-eabi/lib/thumb/v7e-m+fp/hard\libc_nano.a(lib_a-strlen.o)
 .ARM.attributes
                0x0000000000000466       0x1e d:/stm32cubeide/install/stm32cubeide_1.10.1/stm32cubeide/plugins/com.st.stm32cube.ide.mcu.externaltools.gnu-tools-for-stm32.10.3-2021.10.win32_1.0.0.202111181127/tools/bin/../lib/gcc/arm-none-eabi/10.3.1/thumb/v7e-m+fp/hard\libgcc.a(_aeabi_uldivmod.o)
 .ARM.attributes
                0x0000000000000484       0x34 d:/stm32cubeide/install/stm32cubeide_1.10.1/stm32cubeide/plugins/com.st.stm32cube.ide.mcu.externaltools.gnu-tools-for-stm32.10.3-2021.10.win32_1.0.0.202111181127/tools/bin/../lib/gcc/arm-none-eabi/10.3.1/thumb/v7e-m+fp/hard\libgcc.a(_udivmoddi4.o)
 .ARM.attributes
                0x00000000000004b8       0x1e d:/stm32cubeide/install/stm32cubeide_1.10.1/stm32cubeide/plugins/com.st.stm32cube.ide.mcu.externaltools.gnu-tools-for-stm32.10.3-2021.10.win32_1.0.0.202111181127/tools/bin/../lib/gcc/arm-none-eabi/10.3.1/thumb/v7e-m+fp/hard\libgcc.a(_dvmd_tls.o)
 .ARM.attributes
                0x00000000000004d6       0x1e d:/stm32cubeide/install/stm32cubeide_1.10.1/stm32cubeide/plugins/com.st.stm32cube.ide.mcu.externaltools.gnu-tools-for-stm32.10.3-2021.10.win32_1.0.0.202111181127/tools/bin/../lib/gcc/arm-none-eabi/10.3.1/thumb/v7e-m+fp/hard/crtn.o
OUTPUT(SD_Card_Example.elf elf32-littlearm)
LOAD linker stubs
LOAD d:/stm32cubeide/install/stm32cubeide_1.10.1/stm32cubeide/plugins/com.st.stm32cube.ide.mcu.externaltools.gnu-tools-for-stm32.10.3-2021.10.win32_1.0.0.202111181127/tools/bin/../lib/gcc/arm-none-eabi/10.3.1/../../../../arm-none-eabi/lib/thumb/v7e-m+fp/hard\libc.a
LOAD d:/stm32cubeide/install/stm32cubeide_1.10.1/stm32cubeide/plugins/com.st.stm32cube.ide.mcu.externaltools.gnu-tools-for-stm32.10.3-2021.10.win32_1.0.0.202111181127/tools/bin/../lib/gcc/arm-none-eabi/10.3.1/../../../../arm-none-eabi/lib/thumb/v7e-m+fp/hard\libm.a
LOAD d:/stm32cubeide/install/stm32cubeide_1.10.1/stm32cubeide/plugins/com.st.stm32cube.ide.mcu.externaltools.gnu-tools-for-stm32.10.3-2021.10.win32_1.0.0.202111181127/tools/bin/../lib/gcc/arm-none-eabi/10.3.1/thumb/v7e-m+fp/hard\libgcc.a

.debug_info     0x0000000000000000     0xe03d
 .debug_info    0x0000000000000000      0xcbf ./Core/Src/fatfs_sd.o
 .debug_info    0x0000000000000cbf     0x145a ./Core/Src/main.o
 .debug_info    0x0000000000002119      0xca9 ./Core/Src/stm32f4xx_hal_msp.o
 .debug_info    0x0000000000002dc2      0x18f ./Core/Src/stm32f4xx_it.o
 .debug_info    0x0000000000002f51      0x54f ./Core/Src/system_stm32f4xx.o
 .debug_info    0x00000000000034a0       0x22 ./Core/Startup/startup_stm32f401cdux.o
 .debug_info    0x00000000000034c2      0x906 ./Drivers/STM32F4xx_HAL_Driver/Src/stm32f4xx_hal.o
 .debug_info    0x0000000000003dc8      0xd85 ./Drivers/STM32F4xx_HAL_Driver/Src/stm32f4xx_hal_cortex.o
 .debug_info    0x0000000000004b4d      0x78e ./Drivers/STM32F4xx_HAL_Driver/Src/stm32f4xx_hal_gpio.o
 .debug_info    0x00000000000052db      0x98c ./Drivers/STM32F4xx_HAL_Driver/Src/stm32f4xx_hal_rcc.o
 .debug_info    0x0000000000005c67     0x1750 ./Drivers/STM32F4xx_HAL_Driver/Src/stm32f4xx_hal_spi.o
 .debug_info    0x00000000000073b7     0x31b4 ./Drivers/STM32F4xx_HAL_Driver/Src/stm32f4xx_hal_uart.o
 .debug_info    0x000000000000a56b      0x526 ./FATFS/App/fatfs.o
 .debug_info    0x000000000000aa91      0x3dc ./FATFS/Target/user_diskio.o
 .debug_info    0x000000000000ae6d      0x412 ./Middlewares/Third_Party/FatFs/src/diskio.o
 .debug_info    0x000000000000b27f     0x284f ./Middlewares/Third_Party/FatFs/src/ff.o
 .debug_info    0x000000000000dace      0x3a9 ./Middlewares/Third_Party/FatFs/src/ff_gen_drv.o
 .debug_info    0x000000000000de77      0x1c6 ./Middlewares/Third_Party/FatFs/src/option/ccsbcs.o

.debug_abbrev   0x0000000000000000     0x214a
 .debug_abbrev  0x0000000000000000      0x2b1 ./Core/Src/fatfs_sd.o
 .debug_abbrev  0x00000000000002b1      0x2e7 ./Core/Src/main.o
 .debug_abbrev  0x0000000000000598      0x19b ./Core/Src/stm32f4xx_hal_msp.o
 .debug_abbrev  0x0000000000000733       0xb0 ./Core/Src/stm32f4xx_it.o
 .debug_abbrev  0x00000000000007e3      0x116 ./Core/Src/system_stm32f4xx.o
 .debug_abbrev  0x00000000000008f9       0x12 ./Core/Startup/startup_stm32f401cdux.o
 .debug_abbrev  0x000000000000090b      0x23e ./Drivers/STM32F4xx_HAL_Driver/Src/stm32f4xx_hal.o
 .debug_abbrev  0x0000000000000b49      0x316 ./Drivers/STM32F4xx_HAL_Driver/Src/stm32f4xx_hal_cortex.o
 .debug_abbrev  0x0000000000000e5f      0x1c4 ./Drivers/STM32F4xx_HAL_Driver/Src/stm32f4xx_hal_gpio.o
 .debug_abbrev  0x0000000000001023      0x2aa ./Drivers/STM32F4xx_HAL_Driver/Src/stm32f4xx_hal_rcc.o
 .debug_abbrev  0x00000000000012cd      0x26e ./Drivers/STM32F4xx_HAL_Driver/Src/stm32f4xx_hal_spi.o
 .debug_abbrev  0x000000000000153b      0x305 ./Drivers/STM32F4xx_HAL_Driver/Src/stm32f4xx_hal_uart.o
 .debug_abbrev  0x0000000000001840      0x15a ./FATFS/App/fatfs.o
 .debug_abbrev  0x000000000000199a      0x155 ./FATFS/Target/user_diskio.o
 .debug_abbrev  0x0000000000001aef      0x178 ./Middlewares/Third_Party/FatFs/src/diskio.o
 .debug_abbrev  0x0000000000001c67      0x271 ./Middlewares/Third_Party/FatFs/src/ff.o
 .debug_abbrev  0x0000000000001ed8      0x196 ./Middlewares/Third_Party/FatFs/src/ff_gen_drv.o
 .debug_abbrev  0x000000000000206e       0xdc ./Middlewares/Third_Party/FatFs/src/option/ccsbcs.o

.debug_aranges  0x0000000000000000      0xbe8
 .debug_aranges
                0x0000000000000000       0xa0 ./Core/Src/fatfs_sd.o
 .debug_aranges
                0x00000000000000a0       0x50 ./Core/Src/main.o
 .debug_aranges
                0x00000000000000f0       0x40 ./Core/Src/stm32f4xx_hal_msp.o
 .debug_aranges
                0x0000000000000130       0x68 ./Core/Src/stm32f4xx_it.o
 .debug_aranges
                0x0000000000000198       0x28 ./Core/Src/system_stm32f4xx.o
 .debug_aranges
                0x00000000000001c0       0x28 ./Core/Startup/startup_stm32f401cdux.o
 .debug_aranges
                0x00000000000001e8       0xf0 ./Drivers/STM32F4xx_HAL_Driver/Src/stm32f4xx_hal.o
 .debug_aranges
                0x00000000000002d8      0x118 ./Drivers/STM32F4xx_HAL_Driver/Src/stm32f4xx_hal_cortex.o
 .debug_aranges
                0x00000000000003f0       0x58 ./Drivers/STM32F4xx_HAL_Driver/Src/stm32f4xx_hal_gpio.o
 .debug_aranges
                0x0000000000000448       0x88 ./Drivers/STM32F4xx_HAL_Driver/Src/stm32f4xx_hal_rcc.o
 .debug_aranges
                0x00000000000004d0      0x1d0 ./Drivers/STM32F4xx_HAL_Driver/Src/stm32f4xx_hal_spi.o
 .debug_aranges
                0x00000000000006a0      0x200 ./Drivers/STM32F4xx_HAL_Driver/Src/stm32f4xx_hal_uart.o
 .debug_aranges
                0x00000000000008a0       0x28 ./FATFS/App/fatfs.o
 .debug_aranges
                0x00000000000008c8       0x40 ./FATFS/Target/user_diskio.o
 .debug_aranges
                0x0000000000000908       0x48 ./Middlewares/Third_Party/FatFs/src/diskio.o
 .debug_aranges
                0x0000000000000950      0x230 ./Middlewares/Third_Party/FatFs/src/ff.o
 .debug_aranges
                0x0000000000000b80       0x40 ./Middlewares/Third_Party/FatFs/src/ff_gen_drv.o
 .debug_aranges
                0x0000000000000bc0       0x28 ./Middlewares/Third_Party/FatFs/src/option/ccsbcs.o

.debug_ranges   0x0000000000000000      0xb00
 .debug_ranges  0x0000000000000000       0x90 ./Core/Src/fatfs_sd.o
 .debug_ranges  0x0000000000000090       0x40 ./Core/Src/main.o
 .debug_ranges  0x00000000000000d0       0x30 ./Core/Src/stm32f4xx_hal_msp.o
 .debug_ranges  0x0000000000000100       0x58 ./Core/Src/stm32f4xx_it.o
 .debug_ranges  0x0000000000000158       0x18 ./Core/Src/system_stm32f4xx.o
 .debug_ranges  0x0000000000000170       0x20 ./Core/Startup/startup_stm32f401cdux.o
 .debug_ranges  0x0000000000000190       0xe0 ./Drivers/STM32F4xx_HAL_Driver/Src/stm32f4xx_hal.o
 .debug_ranges  0x0000000000000270      0x108 ./Drivers/STM32F4xx_HAL_Driver/Src/stm32f4xx_hal_cortex.o
 .debug_ranges  0x0000000000000378       0x48 ./Drivers/STM32F4xx_HAL_Driver/Src/stm32f4xx_hal_gpio.o
 .debug_ranges  0x00000000000003c0       0x78 ./Drivers/STM32F4xx_HAL_Driver/Src/stm32f4xx_hal_rcc.o
 .debug_ranges  0x0000000000000438      0x1c0 ./Drivers/STM32F4xx_HAL_Driver/Src/stm32f4xx_hal_spi.o
 .debug_ranges  0x00000000000005f8      0x220 ./Drivers/STM32F4xx_HAL_Driver/Src/stm32f4xx_hal_uart.o
 .debug_ranges  0x0000000000000818       0x18 ./FATFS/App/fatfs.o
 .debug_ranges  0x0000000000000830       0x30 ./FATFS/Target/user_diskio.o
 .debug_ranges  0x0000000000000860       0x38 ./Middlewares/Third_Party/FatFs/src/diskio.o
 .debug_ranges  0x0000000000000898      0x220 ./Middlewares/Third_Party/FatFs/src/ff.o
 .debug_ranges  0x0000000000000ab8       0x30 ./Middlewares/Third_Party/FatFs/src/ff_gen_drv.o
 .debug_ranges  0x0000000000000ae8       0x18 ./Middlewares/Third_Party/FatFs/src/option/ccsbcs.o

.debug_macro    0x0000000000000000    0x1706d
 .debug_macro   0x0000000000000000      0x203 ./Core/Src/fatfs_sd.o
 .debug_macro   0x0000000000000203      0xa78 ./Core/Src/fatfs_sd.o
 .debug_macro   0x0000000000000c7b      0x29b ./Core/Src/fatfs_sd.o
 .debug_macro   0x0000000000000f16       0x2e ./Core/Src/fatfs_sd.o
 .debug_macro   0x0000000000000f44       0x28 ./Core/Src/fatfs_sd.o
 .debug_macro   0x0000000000000f6c       0x22 ./Core/Src/fatfs_sd.o
 .debug_macro   0x0000000000000f8e       0x8e ./Core/Src/fatfs_sd.o
 .debug_macro   0x000000000000101c       0x51 ./Core/Src/fatfs_sd.o
 .debug_macro   0x000000000000106d      0x103 ./Core/Src/fatfs_sd.o
 .debug_macro   0x0000000000001170       0x6a ./Core/Src/fatfs_sd.o
 .debug_macro   0x00000000000011da      0x1df ./Core/Src/fatfs_sd.o
 .debug_macro   0x00000000000013b9       0x1c ./Core/Src/fatfs_sd.o
 .debug_macro   0x00000000000013d5       0x22 ./Core/Src/fatfs_sd.o
 .debug_macro   0x00000000000013f7       0xd9 ./Core/Src/fatfs_sd.o
 .debug_macro   0x00000000000014d0     0x102d ./Core/Src/fatfs_sd.o
 .debug_macro   0x00000000000024fd      0x11f ./Core/Src/fatfs_sd.o
 .debug_macro   0x000000000000261c     0xb86c ./Core/Src/fatfs_sd.o
 .debug_macro   0x000000000000de88       0x6d ./Core/Src/fatfs_sd.o
 .debug_macro   0x000000000000def5     0x367e ./Core/Src/fatfs_sd.o
 .debug_macro   0x0000000000011573      0x174 ./Core/Src/fatfs_sd.o
 .debug_macro   0x00000000000116e7       0x5c ./Core/Src/fatfs_sd.o
 .debug_macro   0x0000000000011743      0x416 ./Core/Src/fatfs_sd.o
 .debug_macro   0x0000000000011b59      0x9fe ./Core/Src/fatfs_sd.o
 .debug_macro   0x0000000000012557      0x115 ./Core/Src/fatfs_sd.o
 .debug_macro   0x000000000001266c       0xf8 ./Core/Src/fatfs_sd.o
 .debug_macro   0x0000000000012764       0xa5 ./Core/Src/fatfs_sd.o
 .debug_macro   0x0000000000012809      0x15f ./Core/Src/fatfs_sd.o
 .debug_macro   0x0000000000012968      0x287 ./Core/Src/fatfs_sd.o
 .debug_macro   0x0000000000012bef       0x5f ./Core/Src/fatfs_sd.o
 .debug_macro   0x0000000000012c4e      0x236 ./Core/Src/fatfs_sd.o
 .debug_macro   0x0000000000012e84      0x132 ./Core/Src/fatfs_sd.o
 .debug_macro   0x0000000000012fb6      0x264 ./Core/Src/fatfs_sd.o
 .debug_macro   0x000000000001321a       0x2e ./Core/Src/fatfs_sd.o
 .debug_macro   0x0000000000013248      0x11a ./Core/Src/fatfs_sd.o
 .debug_macro   0x0000000000013362       0x85 ./Core/Src/fatfs_sd.o
 .debug_macro   0x00000000000133e7       0x89 ./Core/Src/fatfs_sd.o
 .debug_macro   0x0000000000013470      0x225 ./Core/Src/fatfs_sd.o
 .debug_macro   0x0000000000013695      0x295 ./Core/Src/fatfs_sd.o
 .debug_macro   0x000000000001392a      0x126 ./Core/Src/fatfs_sd.o
 .debug_macro   0x0000000000013a50       0x16 ./Core/Src/fatfs_sd.o
 .debug_macro   0x0000000000013a66       0x7c ./Core/Src/fatfs_sd.o
 .debug_macro   0x0000000000013ae2       0x70 ./Core/Src/fatfs_sd.o
 .debug_macro   0x0000000000013b52      0x32b ./Core/Src/main.o
 .debug_macro   0x0000000000013e7d       0x10 ./Core/Src/main.o
 .debug_macro   0x0000000000013e8d       0xeb ./Core/Src/main.o
 .debug_macro   0x0000000000013f78       0x1e ./Core/Src/main.o
 .debug_macro   0x0000000000013f96       0x52 ./Core/Src/main.o
 .debug_macro   0x0000000000013fe8       0x3c ./Core/Src/main.o
 .debug_macro   0x0000000000014024       0x34 ./Core/Src/main.o
 .debug_macro   0x0000000000014058       0x16 ./Core/Src/main.o
 .debug_macro   0x000000000001406e       0x35 ./Core/Src/main.o
 .debug_macro   0x00000000000140a3       0x16 ./Core/Src/main.o
 .debug_macro   0x00000000000140b9       0x43 ./Core/Src/main.o
 .debug_macro   0x00000000000140fc       0x34 ./Core/Src/main.o
 .debug_macro   0x0000000000014130       0x10 ./Core/Src/main.o
 .debug_macro   0x0000000000014140       0x58 ./Core/Src/main.o
 .debug_macro   0x0000000000014198       0x71 ./Core/Src/main.o
 .debug_macro   0x0000000000014209       0x1c ./Core/Src/main.o
 .debug_macro   0x0000000000014225      0x12a ./Core/Src/main.o
 .debug_macro   0x000000000001434f      0x341 ./Core/Src/main.o
 .debug_macro   0x0000000000014690       0x16 ./Core/Src/main.o
 .debug_macro   0x00000000000146a6       0x29 ./Core/Src/main.o
 .debug_macro   0x00000000000146cf       0x12 ./Core/Src/main.o
 .debug_macro   0x00000000000146e1       0xe2 ./Core/Src/main.o
 .debug_macro   0x00000000000147c3       0x8e ./Core/Src/main.o
 .debug_macro   0x0000000000014851       0x16 ./Core/Src/main.o
 .debug_macro   0x0000000000014867       0x20 ./Core/Src/main.o
 .debug_macro   0x0000000000014887      0x1d3 ./Core/Src/stm32f4xx_hal_msp.o
 .debug_macro   0x0000000000014a5a      0x1dd ./Core/Src/stm32f4xx_it.o
 .debug_macro   0x0000000000014c37      0x1c4 ./Core/Src/system_stm32f4xx.o
 .debug_macro   0x0000000000014dfb      0x224 ./Drivers/STM32F4xx_HAL_Driver/Src/stm32f4xx_hal.o
 .debug_macro   0x000000000001501f      0x1c4 ./Drivers/STM32F4xx_HAL_Driver/Src/stm32f4xx_hal_cortex.o
 .debug_macro   0x00000000000151e3      0x1ca ./Drivers/STM32F4xx_HAL_Driver/Src/stm32f4xx_hal_gpio.o
 .debug_macro   0x00000000000153ad      0x1e8 ./Drivers/STM32F4xx_HAL_Driver/Src/stm32f4xx_hal_rcc.o
 .debug_macro   0x0000000000015595      0x1d3 ./Drivers/STM32F4xx_HAL_Driver/Src/stm32f4xx_hal_spi.o
 .debug_macro   0x0000000000015768      0x1c5 ./Drivers/STM32F4xx_HAL_Driver/Src/stm32f4xx_hal_uart.o
 .debug_macro   0x000000000001592d      0x2f8 ./FATFS/App/fatfs.o
 .debug_macro   0x0000000000015c25       0xe5 ./FATFS/App/fatfs.o
 .debug_macro   0x0000000000015d0a      0x315 ./FATFS/Target/user_diskio.o
 .debug_macro   0x000000000001601f       0x10 ./FATFS/Target/user_diskio.o
 .debug_macro   0x000000000001602f       0x56 ./FATFS/Target/user_diskio.o
 .debug_macro   0x0000000000016085      0x2e5 ./Middlewares/Third_Party/FatFs/src/diskio.o
 .debug_macro   0x000000000001636a      0x6f3 ./Middlewares/Third_Party/FatFs/src/ff.o
 .debug_macro   0x0000000000016a5d       0x58 ./Middlewares/Third_Party/FatFs/src/ff.o
 .debug_macro   0x0000000000016ab5      0x2e5 ./Middlewares/Third_Party/FatFs/src/ff_gen_drv.o
 .debug_macro   0x0000000000016d9a      0x2d3 ./Middlewares/Third_Party/FatFs/src/option/ccsbcs.o

.debug_line     0x0000000000000000    0x11984
 .debug_line    0x0000000000000000      0xdd4 ./Core/Src/fatfs_sd.o
 .debug_line    0x0000000000000dd4      0xbd5 ./Core/Src/main.o
 .debug_line    0x00000000000019a9      0x7b3 ./Core/Src/stm32f4xx_hal_msp.o
 .debug_line    0x000000000000215c      0x812 ./Core/Src/stm32f4xx_it.o
 .debug_line    0x000000000000296e      0x79b ./Core/Src/system_stm32f4xx.o
 .debug_line    0x0000000000003109       0x88 ./Core/Startup/startup_stm32f401cdux.o
 .debug_line    0x0000000000003191      0xa01 ./Drivers/STM32F4xx_HAL_Driver/Src/stm32f4xx_hal.o
 .debug_line    0x0000000000003b92      0xcb0 ./Drivers/STM32F4xx_HAL_Driver/Src/stm32f4xx_hal_cortex.o
 .debug_line    0x0000000000004842      0xb39 ./Drivers/STM32F4xx_HAL_Driver/Src/stm32f4xx_hal_gpio.o
 .debug_line    0x000000000000537b      0xd7b ./Drivers/STM32F4xx_HAL_Driver/Src/stm32f4xx_hal_rcc.o
 .debug_line    0x00000000000060f6     0x1c8b ./Drivers/STM32F4xx_HAL_Driver/Src/stm32f4xx_hal_spi.o
 .debug_line    0x0000000000007d81     0x2aa6 ./Drivers/STM32F4xx_HAL_Driver/Src/stm32f4xx_hal_uart.o
 .debug_line    0x000000000000a827      0x9dc ./FATFS/App/fatfs.o
 .debug_line    0x000000000000b203      0xa32 ./FATFS/Target/user_diskio.o
 .debug_line    0x000000000000bc35      0xa4b ./Middlewares/Third_Party/FatFs/src/diskio.o
 .debug_line    0x000000000000c680     0x3df2 ./Middlewares/Third_Party/FatFs/src/ff.o
 .debug_line    0x0000000000010472      0xa69 ./Middlewares/Third_Party/FatFs/src/ff_gen_drv.o
 .debug_line    0x0000000000010edb      0xaa9 ./Middlewares/Third_Party/FatFs/src/option/ccsbcs.o

.debug_str      0x0000000000000000    0x8747e
 .debug_str     0x0000000000000000    0x808a3 ./Core/Src/fatfs_sd.o
                                      0x80ba7 (size before relaxing)
 .debug_str     0x00000000000808a3     0x3aed ./Core/Src/main.o
                                      0x844f3 (size before relaxing)
 .debug_str     0x0000000000084390       0x8d ./Core/Src/stm32f4xx_hal_msp.o
                                      0x80a0f (size before relaxing)
 .debug_str     0x000000000008441d       0xf9 ./Core/Src/stm32f4xx_it.o
                                      0x8032b (size before relaxing)
 .debug_str     0x0000000000084516       0xdb ./Core/Src/system_stm32f4xx.o
                                      0x803f1 (size before relaxing)
 .debug_str     0x00000000000845f1       0x36 ./Core/Startup/startup_stm32f401cdux.o
                                         0x5e (size before relaxing)
 .debug_str     0x0000000000084627      0x9a4 ./Drivers/STM32F4xx_HAL_Driver/Src/stm32f4xx_hal.o
                                      0x80e13 (size before relaxing)
 .debug_str     0x0000000000084fcb      0x354 ./Drivers/STM32F4xx_HAL_Driver/Src/stm32f4xx_hal_cortex.o
                                      0x80b34 (size before relaxing)
 .debug_str     0x000000000008531f      0x121 ./Drivers/STM32F4xx_HAL_Driver/Src/stm32f4xx_hal_gpio.o
                                      0x8056c (size before relaxing)
 .debug_str     0x0000000000085440      0x20a ./Drivers/STM32F4xx_HAL_Driver/Src/stm32f4xx_hal_rcc.o
                                      0x80825 (size before relaxing)
 .debug_str     0x000000000008564a      0x563 ./Drivers/STM32F4xx_HAL_Driver/Src/stm32f4xx_hal_spi.o
                                      0x80ca3 (size before relaxing)
 .debug_str     0x0000000000085bad      0x5f3 ./Drivers/STM32F4xx_HAL_Driver/Src/stm32f4xx_hal_uart.o
                                      0x80db2 (size before relaxing)
 .debug_str     0x00000000000861a0       0x74 ./FATFS/App/fatfs.o
                                      0x838d7 (size before relaxing)
 .debug_str     0x0000000000086214       0x5a ./FATFS/Target/user_diskio.o
                                      0x8388d (size before relaxing)
 .debug_str     0x000000000008626e       0x52 ./Middlewares/Third_Party/FatFs/src/diskio.o
                                      0x837d3 (size before relaxing)
 .debug_str     0x00000000000862c0     0x10e4 ./Middlewares/Third_Party/FatFs/src/ff.o
                                      0x84ada (size before relaxing)
 .debug_str     0x00000000000873a4       0x91 ./Middlewares/Third_Party/FatFs/src/ff_gen_drv.o
                                      0x83824 (size before relaxing)
 .debug_str     0x0000000000087435       0x49 ./Middlewares/Third_Party/FatFs/src/option/ccsbcs.o
                                      0x835a8 (size before relaxing)

.comment        0x0000000000000000       0x50
 .comment       0x0000000000000000       0x50 ./Core/Src/fatfs_sd.o
                                         0x51 (size before relaxing)
 .comment       0x0000000000000050       0x51 ./Core/Src/main.o
 .comment       0x0000000000000050       0x51 ./Core/Src/stm32f4xx_hal_msp.o
 .comment       0x0000000000000050       0x51 ./Core/Src/stm32f4xx_it.o
 .comment       0x0000000000000050       0x51 ./Core/Src/system_stm32f4xx.o
 .comment       0x0000000000000050       0x51 ./Drivers/STM32F4xx_HAL_Driver/Src/stm32f4xx_hal.o
 .comment       0x0000000000000050       0x51 ./Drivers/STM32F4xx_HAL_Driver/Src/stm32f4xx_hal_cortex.o
 .comment       0x0000000000000050       0x51 ./Drivers/STM32F4xx_HAL_Driver/Src/stm32f4xx_hal_gpio.o
 .comment       0x0000000000000050       0x51 ./Drivers/STM32F4xx_HAL_Driver/Src/stm32f4xx_hal_rcc.o
 .comment       0x0000000000000050       0x51 ./Drivers/STM32F4xx_HAL_Driver/Src/stm32f4xx_hal_spi.o
 .comment       0x0000000000000050       0x51 ./Drivers/STM32F4xx_HAL_Driver/Src/stm32f4xx_hal_uart.o
 .comment       0x0000000000000050       0x51 ./FATFS/App/fatfs.o
 .comment       0x0000000000000050       0x51 ./FATFS/Target/user_diskio.o
 .comment       0x0000000000000050       0x51 ./Middlewares/Third_Party/FatFs/src/diskio.o
 .comment       0x0000000000000050       0x51 ./Middlewares/Third_Party/FatFs/src/ff.o
 .comment       0x0000000000000050       0x51 ./Middlewares/Third_Party/FatFs/src/ff_gen_drv.o
 .comment       0x0000000000000050       0x51 ./Middlewares/Third_Party/FatFs/src/option/ccsbcs.o

.debug_frame    0x0000000000000000     0x3014
 .debug_frame   0x0000000000000000      0x268 ./Core/Src/fatfs_sd.o
 .debug_frame   0x0000000000000268       0xec ./Core/Src/main.o
 .debug_frame   0x0000000000000354       0xc8 ./Core/Src/stm32f4xx_hal_msp.o
 .debug_frame   0x000000000000041c      0x128 ./Core/Src/stm32f4xx_it.o
 .debug_frame   0x0000000000000544       0x58 ./Core/Src/system_stm32f4xx.o
 .debug_frame   0x000000000000059c      0x374 ./Drivers/STM32F4xx_HAL_Driver/Src/stm32f4xx_hal.o
 .debug_frame   0x0000000000000910      0x498 ./Drivers/STM32F4xx_HAL_Driver/Src/stm32f4xx_hal_cortex.o
 .debug_frame   0x0000000000000da8      0x14c ./Drivers/STM32F4xx_HAL_Driver/Src/stm32f4xx_hal_gpio.o
 .debug_frame   0x0000000000000ef4      0x1f4 ./Drivers/STM32F4xx_HAL_Driver/Src/stm32f4xx_hal_rcc.o
 .debug_frame   0x00000000000010e8      0x824 ./Drivers/STM32F4xx_HAL_Driver/Src/stm32f4xx_hal_spi.o
 .debug_frame   0x000000000000190c      0x92c ./Drivers/STM32F4xx_HAL_Driver/Src/stm32f4xx_hal_uart.o
 .debug_frame   0x0000000000002238       0x4c ./FATFS/App/fatfs.o
 .debug_frame   0x0000000000002284       0xc4 ./FATFS/Target/user_diskio.o
 .debug_frame   0x0000000000002348       0xec ./Middlewares/Third_Party/FatFs/src/diskio.o
 .debug_frame   0x0000000000002434      0xa0c ./Middlewares/Third_Party/FatFs/src/ff.o
 .debug_frame   0x0000000000002e40       0xc8 ./Middlewares/Third_Party/FatFs/src/ff_gen_drv.o
 .debug_frame   0x0000000000002f08       0x60 ./Middlewares/Third_Party/FatFs/src/option/ccsbcs.o
 .debug_frame   0x0000000000002f68       0x2c d:/stm32cubeide/install/stm32cubeide_1.10.1/stm32cubeide/plugins/com.st.stm32cube.ide.mcu.externaltools.gnu-tools-for-stm32.10.3-2021.10.win32_1.0.0.202111181127/tools/bin/../lib/gcc/arm-none-eabi/10.3.1/../../../../arm-none-eabi/lib/thumb/v7e-m+fp/hard\libc_nano.a(lib_a-init.o)
 .debug_frame   0x0000000000002f94       0x20 d:/stm32cubeide/install/stm32cubeide_1.10.1/stm32cubeide/plugins/com.st.stm32cube.ide.mcu.externaltools.gnu-tools-for-stm32.10.3-2021.10.win32_1.0.0.202111181127/tools/bin/../lib/gcc/arm-none-eabi/10.3.1/../../../../arm-none-eabi/lib/thumb/v7e-m+fp/hard\libc_nano.a(lib_a-memset.o)
 .debug_frame   0x0000000000002fb4       0x2c d:/stm32cubeide/install/stm32cubeide_1.10.1/stm32cubeide/plugins/com.st.stm32cube.ide.mcu.externaltools.gnu-tools-for-stm32.10.3-2021.10.win32_1.0.0.202111181127/tools/bin/../lib/gcc/arm-none-eabi/10.3.1/thumb/v7e-m+fp/hard\libgcc.a(_aeabi_uldivmod.o)
 .debug_frame   0x0000000000002fe0       0x34 d:/stm32cubeide/install/stm32cubeide_1.10.1/stm32cubeide/plugins/com.st.stm32cube.ide.mcu.externaltools.gnu-tools-for-stm32.10.3-2021.10.win32_1.0.0.202111181127/tools/bin/../lib/gcc/arm-none-eabi/10.3.1/thumb/v7e-m+fp/hard\libgcc.a(_udivmoddi4.o)
